###############################################################################
#
# IAR ELF Linker V8.11.2.13589/W32 for ARM                13/Jan/2019  20:41:02
# Copyright 2007-2017 IAR Systems AB.
#
#    Output file  =  
#        E:\personnelpositioning\core\personnelpositioning-20181203\examples\ble_peripheral\ble_app_beacon\pca10028\s130\iar\_build\ble_app_beacon_pca10028_s130.out
#    Map file     =  
#        E:\personnelpositioning\core\personnelpositioning-20181203\examples\ble_peripheral\ble_app_beacon\pca10028\s130\iar\_build\ble_app_beacon_pca10028_s130.map
#    Command line =  
#        -f C:\Users\yhf\AppData\Local\Temp\EW1F0C.tmp
#        (E:\personnelpositioning\core\personnelpositioning-20181203\examples\ble_peripheral\ble_app_beacon\pca10028\s130\iar\_build\app_button.o
#        E:\personnelpositioning\core\personnelpositioning-20181203\examples\ble_peripheral\ble_app_beacon\pca10028\s130\iar\_build\app_error.o
#        E:\personnelpositioning\core\personnelpositioning-20181203\examples\ble_peripheral\ble_app_beacon\pca10028\s130\iar\_build\app_error_weak.o
#        E:\personnelpositioning\core\personnelpositioning-20181203\examples\ble_peripheral\ble_app_beacon\pca10028\s130\iar\_build\app_fifo.o
#        E:\personnelpositioning\core\personnelpositioning-20181203\examples\ble_peripheral\ble_app_beacon\pca10028\s130\iar\_build\app_gpiote.o
#        E:\personnelpositioning\core\personnelpositioning-20181203\examples\ble_peripheral\ble_app_beacon\pca10028\s130\iar\_build\app_timer.o
#        E:\personnelpositioning\core\personnelpositioning-20181203\examples\ble_peripheral\ble_app_beacon\pca10028\s130\iar\_build\app_uart_fifo.o
#        E:\personnelpositioning\core\personnelpositioning-20181203\examples\ble_peripheral\ble_app_beacon\pca10028\s130\iar\_build\app_util_platform.o
#        E:\personnelpositioning\core\personnelpositioning-20181203\examples\ble_peripheral\ble_app_beacon\pca10028\s130\iar\_build\ble_advdata.o
#        E:\personnelpositioning\core\personnelpositioning-20181203\examples\ble_peripheral\ble_app_beacon\pca10028\s130\iar\_build\ble_advertising.o
#        E:\personnelpositioning\core\personnelpositioning-20181203\examples\ble_peripheral\ble_app_beacon\pca10028\s130\iar\_build\ble_conn_params.o
#        E:\personnelpositioning\core\personnelpositioning-20181203\examples\ble_peripheral\ble_app_beacon\pca10028\s130\iar\_build\ble_srv_common.o
#        E:\personnelpositioning\core\personnelpositioning-20181203\examples\ble_peripheral\ble_app_beacon\pca10028\s130\iar\_build\boards.o
#        E:\personnelpositioning\core\personnelpositioning-20181203\examples\ble_peripheral\ble_app_beacon\pca10028\s130\iar\_build\bsp.o
#        E:\personnelpositioning\core\personnelpositioning-20181203\examples\ble_peripheral\ble_app_beacon\pca10028\s130\iar\_build\bsp_nfc.o
#        E:\personnelpositioning\core\personnelpositioning-20181203\examples\ble_peripheral\ble_app_beacon\pca10028\s130\iar\_build\fstorage.o
#        E:\personnelpositioning\core\personnelpositioning-20181203\examples\ble_peripheral\ble_app_beacon\pca10028\s130\iar\_build\gpsprotocol.o
#        E:\personnelpositioning\core\personnelpositioning-20181203\examples\ble_peripheral\ble_app_beacon\pca10028\s130\iar\_build\hardfault_implementation.o
#        E:\personnelpositioning\core\personnelpositioning-20181203\examples\ble_peripheral\ble_app_beacon\pca10028\s130\iar\_build\iar_startup_nrf51.o
#        E:\personnelpositioning\core\personnelpositioning-20181203\examples\ble_peripheral\ble_app_beacon\pca10028\s130\iar\_build\main.o
#        E:\personnelpositioning\core\personnelpositioning-20181203\examples\ble_peripheral\ble_app_beacon\pca10028\s130\iar\_build\myflash.o
#        E:\personnelpositioning\core\personnelpositioning-20181203\examples\ble_peripheral\ble_app_beacon\pca10028\s130\iar\_build\nrf_adc.o
#        E:\personnelpositioning\core\personnelpositioning-20181203\examples\ble_peripheral\ble_app_beacon\pca10028\s130\iar\_build\nrf_assert.o
#        E:\personnelpositioning\core\personnelpositioning-20181203\examples\ble_peripheral\ble_app_beacon\pca10028\s130\iar\_build\nrf_drv_adc.o
#        E:\personnelpositioning\core\personnelpositioning-20181203\examples\ble_peripheral\ble_app_beacon\pca10028\s130\iar\_build\nrf_drv_clock.o
#        E:\personnelpositioning\core\personnelpositioning-20181203\examples\ble_peripheral\ble_app_beacon\pca10028\s130\iar\_build\nrf_drv_common.o
#        E:\personnelpositioning\core\personnelpositioning-20181203\examples\ble_peripheral\ble_app_beacon\pca10028\s130\iar\_build\nrf_drv_gpiote.o
#        E:\personnelpositioning\core\personnelpositioning-20181203\examples\ble_peripheral\ble_app_beacon\pca10028\s130\iar\_build\nrf_drv_uart.o
#        E:\personnelpositioning\core\personnelpositioning-20181203\examples\ble_peripheral\ble_app_beacon\pca10028\s130\iar\_build\nrf_drv_wdt.o
#        E:\personnelpositioning\core\personnelpositioning-20181203\examples\ble_peripheral\ble_app_beacon\pca10028\s130\iar\_build\nrf_log_backend_serial.o
#        E:\personnelpositioning\core\personnelpositioning-20181203\examples\ble_peripheral\ble_app_beacon\pca10028\s130\iar\_build\nrf_log_frontend.o
#        E:\personnelpositioning\core\personnelpositioning-20181203\examples\ble_peripheral\ble_app_beacon\pca10028\s130\iar\_build\RTT_Syscalls_IAR.o
#        E:\personnelpositioning\core\personnelpositioning-20181203\examples\ble_peripheral\ble_app_beacon\pca10028\s130\iar\_build\sdk_errors.o
#        E:\personnelpositioning\core\personnelpositioning-20181203\examples\ble_peripheral\ble_app_beacon\pca10028\s130\iar\_build\SEGGER_RTT.o
#        E:\personnelpositioning\core\personnelpositioning-20181203\examples\ble_peripheral\ble_app_beacon\pca10028\s130\iar\_build\SEGGER_RTT_printf.o
#        E:\personnelpositioning\core\personnelpositioning-20181203\examples\ble_peripheral\ble_app_beacon\pca10028\s130\iar\_build\softdevice_handler.o
#        E:\personnelpositioning\core\personnelpositioning-20181203\examples\ble_peripheral\ble_app_beacon\pca10028\s130\iar\_build\sx1278.o
#        E:\personnelpositioning\core\personnelpositioning-20181203\examples\ble_peripheral\ble_app_beacon\pca10028\s130\iar\_build\system_nrf51.o
#        --redirect _Printf=_PrintfFull --redirect _Scanf=_ScanfFull -o
#        E:\personnelpositioning\core\personnelpositioning-20181203\examples\ble_peripheral\ble_app_beacon\pca10028\s130\iar\_build\ble_app_beacon_pca10028_s130.out
#        --map
#        E:\personnelpositioning\core\personnelpositioning-20181203\examples\ble_peripheral\ble_app_beacon\pca10028\s130\iar\_build\ble_app_beacon_pca10028_s130.map
#        --config
#        E:\personnelpositioning\core\personnelpositioning-20181203\examples\ble_peripheral\ble_app_beacon\pca10028\s130\iar\ble_app_beacon_iar_nRF5x.icf
#        --warnings_are_errors --entry __iar_program_start --inline --vfe
#        --text_out locale)
#
###############################################################################

*******************************************************************************
*** RUNTIME MODEL ATTRIBUTES
***

CppFlavor       = *
__SystemLibrary = DLib
__dlib_version  = 6


*******************************************************************************
*** HEAP SELECTION
***

The basic heap was selected because no calls to memory allocation
functions were found in the application outside of system library
functions, and there are calls to deallocation functions in the
application.


*******************************************************************************
*** PLACEMENT SUMMARY
***

"A0":  place at 0x0001b000 { ro section .intvec };
"P1":  place in [from 0x0001b000 to 0x0003ffff] { ro };
define block CSTACK with size = 2K, alignment = 8 { };
define block HEAP with size = 512, alignment = 8 { };
"P2":  place in [from 0x20001870 to 0x20007fff] {
          rw, block CSTACK, block HEAP };
initialize by copy { rw };
keep { section .intvec };

  Section            Kind        Address    Size  Object
  -------            ----        -------    ----  ------
"A0":                                       0xc0
  .intvec            ro code  0x0001b000    0xc0  iar_startup_nrf51.o [1]
                            - 0x0001b0c0    0xc0

"P1":                                     0x5718
  .text              ro code  0x0001b0c0   0x8e8  app_timer.o [1]
  .text              ro code  0x0001b9a8    0x20  app_error.o [1]
  .text              ro code  0x0001b9c8    0xaa  app_util_platform.o [1]
  .text              ro code  0x0001ba72     0x2  iar_startup_nrf51.o [1]
  .text              ro code  0x0001ba74    0x54  ABImemset.o [5]
  .text              ro code  0x0001bac8    0x44  app_error_weak.o [1]
  .text              ro code  0x0001bb0c   0x3c8  nrf_log_frontend.o [1]
  .text              ro code  0x0001bed4    0x38  nrf_log_backend_serial.o [1]
  .text              ro code  0x0001bf0c   0x274  SEGGER_RTT.o [1]
  .text              ro code  0x0001c180    0x10  strcpy.o [5]
  .text              ro code  0x0001c190    0x5c  ABImemcpy.o [5]
  .text              ro code  0x0001c1ec    0x10  strlen.o [5]
  .text              ro code  0x0001c1fc   0x8dc  main.o [1]
  .text              ro code  0x0001cad8   0x782  ble_advdata.o [1]
  .text              ro code  0x0001d25a     0x2  iar_startup_nrf51.o [1]
  .text              ro code  0x0001d25c   0x38c  ble_advertising.o [1]
  .text              ro code  0x0001d5e8   0x528  fstorage.o [1]
  .text              ro code  0x0001db10   0x398  softdevice_handler.o [1]
  .text              ro code  0x0001dea8   0x1e4  app_uart_fifo.o [1]
  .text              ro code  0x0001e08c    0x32  I64Mul.o [5]
  .text              ro code  0x0001e0be    0x6a  I64DivMod.o [5]
  .text              ro code  0x0001e128    0xae  I32DivModFast.o [5]
  .text              ro code  0x0001e1d6     0x2  iar_startup_nrf51.o [1]
  .text              ro code  0x0001e1d8    0x6e  nrf_drv_wdt.o [1]
  .text              ro code  0x0001e246     0x2  iar_startup_nrf51.o [1]
  .text              ro code  0x0001e248   0x1dc  nrf_drv_adc.o [1]
  .text              ro code  0x0001e424   0x7d0  sx1278.o [1]
  .text              ro code  0x0001ebf4    0x94  app_gpiote.o [1]
  .text              ro code  0x0001ec88   0x1c8  app_button.o [1]
  .text              ro code  0x0001ee50    0xbc  myflash.o [1]
  .text              ro code  0x0001ef0c   0x1a0  gpsprotocol.o [1]
  .text              ro code  0x0001f0ac   0x194  nrf_drv_clock.o [1]
  .text              ro code  0x0001f240    0xc4  app_fifo.o [1]
  .text              ro code  0x0001f304   0x71c  nrf_drv_uart.o [1]
  .text              ro code  0x0001fa20   0x7a0  nrf_drv_gpiote.o [1]
  .text              ro code  0x000201c0    0xd8  nrf_drv_common.o [1]
  .text              ro code  0x00020298   0x174  system_nrf51.o [1]
  Initializer bytes  const    0x0002040c    0x84  <for P2-1>
  .rodata            const    0x00020490    0x44  softdevice_handler.o [1]
  .text              ro code  0x000204d4    0x40  zero_init3.o [5]
  .rodata            const    0x00020514    0x34  softdevice_handler.o [1]
  .text              ro code  0x00020548    0x30  copy_init3.o [5]
  .text              ro code  0x00020578    0x2c  iar_startup_nrf51.o [1]
  .rodata            const    0x000205a4    0x28  softdevice_handler.o [1]
  .text              ro code  0x000205cc    0x28  data_init.o [5]
  .iar.init_table    const    0x000205f4    0x38  - Linker created -
  .rodata            const    0x0002062c    0x20  app_uart_fifo.o [1]
  .rodata            const    0x0002064c    0x20  main.o [1]
  .rodata            const    0x0002066c    0x1c  main.o [1]
  .text              ro code  0x00020688    0x1a  cmain.o [5]
  .text              ro code  0x000206a2     0x8  exit.o [3]
  .text              ro code  0x000206aa     0x2  iar_startup_nrf51.o [1]
  .text              ro code  0x000206ac     0xa  cexit.o [5]
  .text              ro code  0x000206b6     0x2  iar_startup_nrf51.o [1]
  .text              ro code  0x000206b8     0xc  XXexit.o [5]
  .rodata            const    0x000206c4    0x18  app_error_weak.o [1]
  .rodata            const    0x000206dc    0x18  main.o [1]
  .rodata            const    0x000206f4    0x18  main.o [1]
  .rodata            const    0x0002070c    0x18  main.o [1]
  .rodata            const    0x00020724    0x18  main.o [1]
  Initializer bytes  const    0x0002073c    0x10  <for fs_data-1>
  .rodata            const    0x0002074c     0xc  main.o [1]
  .rodata            const    0x00020758     0xc  main.o [1]
  .rodata            const    0x00020764     0xc  nrf_log_frontend.o [1]
  .rodata            const    0x00020770     0xc  SEGGER_RTT.o [1]
  .text              ro code  0x0002077c     0xc  cstartup_M.o [5]
  .rodata            const    0x00020788     0x8  SEGGER_RTT.o [1]
  .rodata            const    0x00020790     0x4  app_button.o [1]
  .rodata            const    0x00020794     0x4  app_button.o [1]
  .rodata            const    0x00020798     0x4  main.o [1]
  .rodata            const    0x0002079c     0x4  main.o [1]
  .rodata            const    0x000207a0     0x4  main.o [1]
  .rodata            const    0x000207a4     0x4  main.o [1]
  .rodata            const    0x000207a8     0x4  nrf_drv_gpiote.o [1]
  .rodata            const    0x000207ac     0x4  nrf_log_frontend.o [1]
  .rodata            const    0x000207b0     0x4  nrf_log_frontend.o [1]
  .rodata            const    0x000207b4     0x4  nrf_log_frontend.o [1]
  .text              ro code  0x000207b8     0x2  iar_startup_nrf51.o [1]
  .text              ro code  0x000207ba     0x2  iar_startup_nrf51.o [1]
  .text              ro code  0x000207bc     0x2  iar_startup_nrf51.o [1]
  .text              ro code  0x000207be     0x2  iar_startup_nrf51.o [1]
  .text              ro code  0x000207c0     0x2  iar_startup_nrf51.o [1]
  .text              ro code  0x000207c2     0x2  iar_startup_nrf51.o [1]
  .text              ro code  0x000207c4     0x2  iar_startup_nrf51.o [1]
  .text              ro code  0x000207c6     0x2  iar_startup_nrf51.o [1]
  .text              ro code  0x000207c8     0x2  iar_startup_nrf51.o [1]
  .text              ro code  0x000207ca     0x2  iar_startup_nrf51.o [1]
  .text              ro code  0x000207cc     0x2  iar_startup_nrf51.o [1]
  .text              ro code  0x000207ce     0x2  iar_startup_nrf51.o [1]
  .text              ro code  0x000207d0     0x2  iar_startup_nrf51.o [1]
  .text              ro code  0x000207d2     0x2  iar_startup_nrf51.o [1]
  .text              ro code  0x000207d4     0x2  iar_startup_nrf51.o [1]
  .text              ro code  0x000207d6     0x2  iar_startup_nrf51.o [1]
  .rodata            const    0x000207d8     0x0  zero_init3.o [5]
  .rodata            const    0x000207d8     0x0  copy_init3.o [5]
                            - 0x000207d8  0x5718

"P2", part 1 of 3:                          0x94
  P2-1                        0x20001870    0x84  <Init block>
    .data            inited   0x20001870     0x8  app_uart_fifo.o [1]
    .data            inited   0x20001878    0x10  ble_advertising.o [1]
    .data            inited   0x20001888     0x4  fstorage.o [1]
    .data            inited   0x2000188c     0x4  fstorage.o [1]
    .data            inited   0x20001890     0x4  gpsprotocol.o [1]
    .data            inited   0x20001894     0x8  main.o [1]
    .data            inited   0x2000189c     0x4  main.o [1]
    .data            inited   0x200018a0     0x4  main.o [1]
    .data            inited   0x200018a4    0x10  main.o [1]
    .data            inited   0x200018b4    0x10  main.o [1]
    .data            inited   0x200018c4    0x18  myflash.o [1]
    .data            inited   0x200018dc     0x4  nrf_log_frontend.o [1]
    .data            inited   0x200018e0     0x4  sx1278.o [1]
    .data            inited   0x200018e4     0x8  sx1278.o [1]
    .data            inited   0x200018ec     0x4  system_nrf51.o [1]
    .data            inited   0x200018f0     0x1  sx1278.o [1]
    .data            inited   0x200018f1     0x1  sx1278.o [1]
    .data            inited   0x200018f2     0x1  sx1278.o [1]
    .data            inited   0x200018f3     0x1  sx1278.o [1]
  fs_data                     0x200018f4    0x10  <Block>
    fs_data-1                 0x200018f4    0x10  <Init block>
      fs_data        inited   0x200018f4    0x10  myflash.o [1]
                            - 0x20001904    0x94

"P2", part 2 of 3:                         0xf70
  .bss               zero     0x20001904   0x418  nrf_log_frontend.o [1]
  .bss               zero     0x20001d1c   0x200  SEGGER_RTT.o [1]
  .bss               zero     0x20001f1c   0x100  gpsprotocol.o [1]
  .bss               zero     0x2000201c   0x100  main.o [1]
  .bss               zero     0x2000211c   0x100  main.o [1]
  .bss               zero     0x2000221c   0x100  main.o [1]
  .bss               zero     0x2000231c   0x100  sx1278.o [1]
  .bss               zero     0x2000241c    0x78  main.o [1]
  .bss               zero     0x20002494    0x78  SEGGER_RTT.o [1]
  .bss               zero     0x2000250c    0x68  fstorage.o [1]
  .bss               zero     0x20002574    0x48  main.o [1]
  .bss               zero     0x200025bc    0x48  nrf_drv_gpiote.o [1]
  .bss               zero     0x20002604    0x3c  ble_advertising.o [1]
  .bss               zero     0x20002640    0x20  app_button.o [1]
  .bss               zero     0x20002660    0x20  ble_advertising.o [1]
  .bss               zero     0x20002680    0x20  ble_advertising.o [1]
  .bss               zero     0x200026a0    0x20  ble_advertising.o [1]
  .bss               zero     0x200026c0    0x20  main.o [1]
  .bss               zero     0x200026e0    0x20  main.o [1]
  .bss               zero     0x20002700    0x20  main.o [1]
  .bss               zero     0x20002720    0x1c  nrf_drv_uart.o [1]
  .bss               zero     0x2000273c    0x18  main.o [1]
  .bss               zero     0x20002754    0x18  main.o [1]
  .bss               zero     0x2000276c    0x18  myflash.o [1]
  .bss               zero     0x20002784    0x14  nrf_drv_adc.o [1]
  .bss               zero     0x20002798    0x14  nrf_drv_clock.o [1]
  .bss               zero     0x200027ac    0x10  app_uart_fifo.o [1]
  .bss               zero     0x200027bc    0x10  app_uart_fifo.o [1]
  .bss               zero     0x200027cc    0x10  SEGGER_RTT.o [1]
  .bss               zero     0x200027dc     0x8  app_timer.o [1]
  .bss               zero     0x200027e4     0x8  app_timer.o [1]
  .bss               zero     0x200027ec     0x8  app_util_platform.o [1]
  .bss               zero     0x200027f4     0x8  ble_advertising.o [1]
  .bss               zero     0x200027fc     0x4  app_button.o [1]
  .bss               zero     0x20002800     0x4  app_button.o [1]
  .bss               zero     0x20002804     0x4  app_button.o [1]
  .bss               zero     0x20002808     0x4  app_button.o [1]
  .bss               zero     0x2000280c     0x4  app_gpiote.o [1]
  .bss               zero     0x20002810     0x4  app_gpiote.o [1]
  .bss               zero     0x20002814     0x4  app_timer.o [1]
  .bss               zero     0x20002818     0x4  app_timer.o [1]
  .bss               zero     0x2000281c     0x4  app_timer.o [1]
  .bss               zero     0x20002820     0x4  app_uart_fifo.o [1]
  .bss               zero     0x20002824     0x4  ble_advertising.o [1]
  .bss               zero     0x20002828     0x4  ble_advertising.o [1]
  .bss               zero     0x2000282c     0x4  main.o [1]
  .bss               zero     0x20002830     0x4  nrf_drv_wdt.o [1]
  .bss               zero     0x20002834     0x4  softdevice_handler.o [1]
  .bss               zero     0x20002838     0x4  softdevice_handler.o [1]
  .bss               zero     0x2000283c     0x4  softdevice_handler.o [1]
  .bss               zero     0x20002840     0x4  softdevice_handler.o [1]
  .bss               zero     0x20002844     0x2  main.o [1]
  .bss               zero     0x20002846     0x2  softdevice_handler.o [1]
  .bss               zero     0x20002848     0x1  app_button.o [1]
  .bss               zero     0x20002849     0x1  app_gpiote.o [1]
  .bss               zero     0x2000284a     0x1  app_gpiote.o [1]
  .bss               zero     0x2000284b     0x1  app_timer.o [1]
  .bss               zero     0x2000284c     0x1  app_timer.o [1]
  .bss               zero     0x2000284d     0x1  app_timer.o [1]
  .bss               zero     0x2000284e     0x1  app_timer.o [1]
  .bss               zero     0x2000284f     0x1  app_uart_fifo.o [1]
  .bss               zero     0x20002850     0x1  app_uart_fifo.o [1]
  .bss               zero     0x20002851     0x1  app_uart_fifo.o [1]
  .bss               zero     0x20002852     0x1  ble_advertising.o [1]
  .bss               zero     0x20002853     0x1  ble_advertising.o [1]
  .bss               zero     0x20002854     0x1  ble_advertising.o [1]
  .bss               zero     0x20002855     0x1  ble_advertising.o [1]
  .bss               zero     0x20002856     0x1  ble_advertising.o [1]
  .bss               zero     0x20002857     0x1  ble_advertising.o [1]
  .bss               zero     0x20002858     0x1  ble_advertising.o [1]
  .bss               zero     0x20002859     0x1  fstorage.o [1]
  .bss               zero     0x2000285a     0x1  fstorage.o [1]
  .bss               zero     0x2000285b     0x1  gpsprotocol.o [1]
  .bss               zero     0x2000285c     0x1  main.o [1]
  .bss               zero     0x2000285d     0x1  main.o [1]
  .bss               zero     0x2000285e     0x1  main.o [1]
  .bss               zero     0x2000285f     0x1  main.o [1]
  .bss               zero     0x20002860     0x1  main.o [1]
  .bss               zero     0x20002861     0x1  main.o [1]
  .bss               zero     0x20002862     0x1  main.o [1]
  .bss               zero     0x20002863     0x1  main.o [1]
  .bss               zero     0x20002864     0x1  main.o [1]
  .bss               zero     0x20002865     0x1  main.o [1]
  .bss               zero     0x20002866     0x1  myflash.o [1]
  .bss               zero     0x20002867     0x1  nrf_log_backend_serial.o [1]
  .bss               zero     0x20002868     0x1  nrf_log_backend_serial.o [1]
  .bss               zero     0x20002869     0x1  softdevice_handler.o [1]
  .bss               zero     0x2000286a     0x1  softdevice_handler.o [1]
  .bss               zero     0x2000286b     0x1  sx1278.o [1]
  .bss               zero     0x2000286c     0x1  sx1278.o [1]
  .bss               zero     0x2000286d     0x1  sx1278.o [1]
  .bss               zero     0x2000286e     0x1  sx1278.o [1]
  .bss               zero     0x2000286f     0x1  sx1278.o [1]
  .bss               zero     0x20002870     0x1  sx1278.o [1]
  .bss               zero     0x20002871     0x1  sx1278.o [1]
  .bss               zero     0x20002872     0x1  sx1278.o [1]
                            - 0x20002873   0xf6f

"P2", part 3 of 3:                         0x800
  CSTACK                      0x20002878   0x800  <Block>
    CSTACK           uninit   0x20002878   0x800  <Block tail>
                            - 0x20003078   0x800


*******************************************************************************
*** INIT TABLE
***

          Address     Size
          -------     ----
Zero (__iar_zero_init3)
    1 destination range, total size 0xf6f:
          0x20001904  0xf6f

Copy (__iar_copy_init3)
    1 source range, total size 0x84:
          0x0002040c   0x84
    1 destination range, total size 0x84:
          0x20001870   0x84

Copy (__iar_copy_init3)
    1 source range, total size 0x10:
          0x0002073c   0x10
    1 destination range, total size 0x10:
          0x200018f4   0x10



*******************************************************************************
*** MODULE SUMMARY
***

    Module                    ro code  ro data  rw data
    ------                    -------  -------  -------
E:\personnelpositioning\core\personnelpositioning-20181203\examples\ble_peripheral\ble_app_beacon\pca10028\s130\iar\_build: [1]
    SEGGER_RTT.o                  628       20      648
    app_button.o                  456        8       49
    app_error.o                    32
    app_error_weak.o               68       24
    app_fifo.o                    196
    app_gpiote.o                  148                10
    app_timer.o                 2 280                32
    app_uart_fifo.o               484       40       47
    app_util_platform.o           170                 8
    ble_advdata.o               1 922
    ble_advertising.o             908       16      195
    fstorage.o                  1 320        8      114
    gpsprotocol.o                 416        4      261
    iar_startup_nrf51.o           280
    main.o                      2 268      244    1 168
    myflash.o                     188       40       65
    nrf_drv_adc.o                 476                20
    nrf_drv_clock.o               404                20
    nrf_drv_common.o              216
    nrf_drv_gpiote.o            1 952        4       72
    nrf_drv_uart.o              1 820                28
    nrf_drv_wdt.o                 110                 4
    nrf_log_backend_serial.o       56                 2
    nrf_log_frontend.o            968       28    1 052
    softdevice_handler.o          920      160       20
    sx1278.o                    2 000       16      280
    system_nrf51.o                372        4        4
    ---------------------------------------------------
    Total:                     21 058      616    4 099

command line: [2]
    ---------------------------------------------------
    Total:

dl6M_tlf.a: [3]
    exit.o                          8
    ---------------------------------------------------
    Total:                          8

m6M_tl.a: [4]
    ---------------------------------------------------
    Total:

rt6M_tl.a: [5]
    ABImemcpy.o                    92
    ABImemset.o                    84
    I32DivModFast.o               174
    I64DivMod.o                   106
    I64Mul.o                       50
    XXexit.o                       12
    cexit.o                        10
    cmain.o                        26
    copy_init3.o                   48
    cstartup_M.o                   12
    data_init.o                    40
    strcpy.o                       16
    strlen.o                       16
    zero_init3.o                   64
    ---------------------------------------------------
    Total:                        750

    Linker created                          56    2 048
-------------------------------------------------------
    Grand Total:               21 816      672    6 147


*******************************************************************************
*** ENTRY LIST
***

Entry                      Address   Size  Type      Object
-----                      -------   ----  ----      ------
.iar.init_table$$Base   0x000205f4          --   Gb  - Linker created -
.iar.init_table$$Limit  0x0002062c          --   Gb  - Linker created -
?main                   0x00020689         Code  Gb  cmain.o [5]
ADC_IRQHandler          0x0001e3a1   0x6c  Code  Gb  nrf_drv_adc.o [1]
Bw_Frequency            0x200018f2    0x1  Data  Gb  sx1278.o [1]
CRC_Value               0x2000286f    0x1  Data  Gb  sx1278.o [1]
CSTACK$$Base            0x20002878          --   Gb  - Linker created -
CSTACK$$Limit           0x20003078          --   Gb  - Linker created -
CodingRate              0x200018f1    0x1  Data  Gb  sx1278.o [1]
Delay1s                 0x0001e613   0x1a  Code  Gb  sx1278.o [1]
Frequency               0x200018e0    0x4  Data  Gb  sx1278.o [1]
GPIOTE_IRQHandler       0x0001ff59  0x262  Code  Gb  nrf_drv_gpiote.o [1]
Getcheck                0x0001ef0d   0x1e  Code  Gb  gpsprotocol.o [1]
MakeUpCommand           0x0001ef2b  0x100  Code  Gb  gpsprotocol.o [1]
MyGpsId                 0x20001894    0x8  Data  Gb  main.o [1]
NVIC_ClearPendingIRQ    0x0001b0eb    0xe  Code  Lc  app_timer.o [1]
NVIC_ClearPendingIRQ    0x000201cf    0xe  Code  Lc  nrf_drv_common.o [1]
NVIC_DisableIRQ         0x0001b0cf    0xe  Code  Lc  app_timer.o [1]
NVIC_DisableIRQ         0x0001db1f    0xe  Code  Lc  softdevice_handler.o [1]
NVIC_EnableIRQ          0x0001b0c1    0xe  Code  Lc  app_timer.o [1]
NVIC_EnableIRQ          0x000201c1    0xe  Code  Lc  nrf_drv_common.o [1]
NVIC_EnableIRQ          0x0001db11    0xe  Code  Lc  softdevice_handler.o [1]
NVIC_GetPriority        0x0001db2d   0x4a  Code  Lc  softdevice_handler.o [1]
NVIC_SetPendingIRQ      0x0001b0dd    0xe  Code  Lc  app_timer.o [1]
NVIC_SetPriority        0x0001b0f9   0x84  Code  Lc  app_timer.o [1]
NVIC_SetPriority        0x000201dd   0x84  Code  Lc  nrf_drv_common.o [1]
NVIC_SystemReset        0x0001bac9   0x1c  Code  Lc  app_error_weak.o [1]
POWER_CLOCK_IRQHandler  0x0001f1a1   0x50  Code  Gb  nrf_drv_clock.o [1]
ParseData               0x0001f03d   0x70  Code  Gb  gpsprotocol.o [1]
RF_EX0_STATUS           0x2000286e    0x1  Data  Gb  sx1278.o [1]
RF_SPI_MasterIO         0x0001e62d   0x32  Code  Gb  sx1278.o [1]
RF_SPI_READ_BYTE        0x0001e65f   0x34  Code  Gb  sx1278.o [1]
RTC1_IRQHandler         0x0001b807   0x2c  Code  Gb  app_timer.o [1]
Region$$Table$$Base     0x000205f4          --   Gb  - Linker created -
Region$$Table$$Limit    0x0002062c          --   Gb  - Linker created -
SEGGER_RTT_Init         0x0001c16d   0x10  Code  Gb  SEGGER_RTT.o [1]
SEGGER_RTT_Write        0x0001c10b   0x40  Code  Gb  SEGGER_RTT.o [1]
SEGGER_RTT_WriteNoLock  0x0001c091   0x7a  Code  Gb  SEGGER_RTT.o [1]
SEGGER_RTT_WriteString  0x0001c14d   0x1a  Code  Gb  SEGGER_RTT.o [1]
SN                      0x20001890    0x4  Data  Gb  gpsprotocol.o [1]
SWI0_IRQHandler         0x0001b83d    0x8  Code  Gb  app_timer.o [1]
SWI2_IRQHandler         0x0001dd95   0x26  Code  Gb  softdevice_handler.o [1]
SX1276LORA_INT          0x0001e967   0x6c  Code  Gb  sx1278.o [1]
SX1276LoRaFsk           0x0001e7c1   0x1c  Code  Gb  sx1278.o [1]
SX1276LoRaSetErrorCoding
                        0x0001e769   0x1e  Code  Gb  sx1278.o [1]
SX1276LoRaSetImplicitHeaderOn
                        0x0001e7fb   0x1c  Code  Gb  sx1278.o [1]
SX1276LoRaSetMobileNode
                        0x0001e871   0x1e  Code  Gb  sx1278.o [1]
SX1276LoRaSetNbTrigPeaks
                        0x0001eb85   0x1c  Code  Gb  sx1278.o [1]
SX1276LoRaSetOpMode     0x0001e7a5   0x1c  Code  Gb  sx1278.o [1]
SX1276LoRaSetPacketCrcOn
                        0x0001e787   0x1e  Code  Gb  sx1278.o [1]
SX1276LoRaSetPayloadLength
                        0x0001e817   0x10  Code  Gb  sx1278.o [1]
SX1276LoRaSetRFFrequency
                        0x0001e6dd   0x22  Code  Gb  sx1278.o [1]
SX1276LoRaSetRFPower    0x0001e71d   0x1a  Code  Gb  sx1278.o [1]
SX1276LoRaSetSendingFrequency
                        0x0001e6ff   0x1e  Code  Gb  sx1278.o [1]
SX1276LoRaSetSignalBandwidth
                        0x0001e7dd   0x1e  Code  Gb  sx1278.o [1]
SX1276LoRaSetSpreadingFactor
                        0x0001e745   0x24  Code  Gb  sx1278.o [1]
SX1276LoRaSetSymbTimeout
                        0x0001e827   0x4a  Code  Gb  sx1278.o [1]
SX1276ReadBuffer        0x0001e693   0x24  Code  Gb  sx1278.o [1]
SX1276Reset             0x0001e5f7   0x1c  Code  Gb  sx1278.o [1]
SX1276WriteBuffer       0x0001e6b7   0x26  Code  Gb  sx1278.o [1]
SX1278_Interrupt        0x0001ea85   0xee  Code  Gb  sx1278.o [1]
SX1278_RLEN             0x20002870    0x1  Data  Gb  sx1278.o [1]
SpreadingFactor         0x200018f0    0x1  Data  Gb  sx1278.o [1]
Sx1276Receive           0x0001e90f   0x30  Code  Gb  sx1278.o [1]
Sx1276SendPacket        0x0001e88f   0x80  Code  Gb  sx1278.o [1]
Sx1276Sleep             0x0001e93f   0x28  Code  Gb  sx1278.o [1]
Sx1278_CurrentRSSI      0x2000286d    0x1  Data  Gb  sx1278.o [1]
Sx1278_LatestRSSI       0x2000286c    0x1  Data  Gb  sx1278.o [1]
Sx1278_snr              0x2000286b    0x1  Data  Gb  sx1278.o [1]
SxSend                  0x0001e50f   0x90  Code  Gb  sx1278.o [1]
SystemCoreClock         0x200018ec    0x4  Data  Gb  system_nrf51.o [1]
SystemInit              0x00020299   0x4c  Code  Gb  system_nrf51.o [1]
UART0_IRQHandler        0x0001fa0b    0xc  Code  Gb  nrf_drv_uart.o [1]
WDT_IRQHandler          0x0001e207   0x1c  Code  Gb  nrf_drv_wdt.o [1]
_DoInit                 0x0001bf0d   0x54  Code  Lc  SEGGER_RTT.o [1]
_GetAvailWriteSpace     0x0001c05d   0x1c  Code  Lc  SEGGER_RTT.o [1]
_SEGGER_RTT             0x20002494   0x78  Data  Gb  SEGGER_RTT.o [1]
_WriteBlocking          0x0001bf61   0x8c  Code  Lc  SEGGER_RTT.o [1]
_WriteNoCheck           0x0001bfed   0x70  Code  Lc  SEGGER_RTT.o [1]
__ICFEDIT_region_RAM_end__ {Abs}
                        0x20007fff         Data  Gb  command line/config [2]
__ICFEDIT_region_RAM_start__ {Abs}
                        0x20001870         Data  Gb  command line/config [2]
__Vectors               0x0001b000          --   Gb  iar_startup_nrf51.o [1]
__Vectors_End           0x0001b0c0         Data  Gb  iar_startup_nrf51.o [1]
__Vectors_Size {Abs}    0x000000c0          --   Gb  iar_startup_nrf51.o [1]
__aeabi_lmul            0x0001e08d         Code  Gb  I64Mul.o [5]
__aeabi_memclr4         0x0001bac5         Code  Gb  ABImemset.o [5]
__aeabi_memclr8         0x0001bac5         Code  Gb  ABImemset.o [5]
__aeabi_memcpy          0x0001c191         Code  Gb  ABImemcpy.o [5]
__aeabi_memcpy4         0x0001c1b9         Code  Wk  ABImemcpy.o [5]
__aeabi_memset          0x0001ba75         Code  Gb  ABImemset.o [5]
__aeabi_uidiv           0x0001e129         Code  Gb  I32DivModFast.o [5]
__aeabi_uidivmod        0x0001e129         Code  Gb  I32DivModFast.o [5]
__aeabi_uldivmod        0x0001e0bf         Code  Gb  I64DivMod.o [5]
__cmain                 0x00020689         Code  Gb  cmain.o [5]
__exit                  0x000206b9         Code  Gb  XXexit.o [5]
__iar_Memset4_word      0x0001ba95         Code  Gb  ABImemset.o [5]
__iar_Memset_word       0x0001ba81         Code  Gb  ABImemset.o [5]
__iar_copy_init3        0x00020549   0x30  Code  Gb  copy_init3.o [5]
__iar_data_init3        0x000205cd   0x28  Code  Gb  data_init.o [5]
__iar_program_start     0x0002077d         Code  Gb  cstartup_M.o [5]
__iar_systems$$module {Abs}
                        0x00000001         Data  Gb  command line/config [2]
__iar_zero_init3        0x000204d5   0x40  Code  Gb  zero_init3.o [5]
__sd_nvic_app_accessible_irq
                        0x0001db87   0x1a  Code  Lc  softdevice_handler.o [1]
__sd_nvic_irq_disable   0x0001b9c9    0x8  Code  Lc  app_util_platform.o [1]
__sd_nvic_irq_enable    0x0001b9d1    0x4  Code  Lc  app_util_platform.o [1]
__sd_nvic_is_app_accessible_priority
                        0x0001dba1   0x1c  Code  Lc  softdevice_handler.o [1]
__vector_table          0x0001b000         Data  Gb  iar_startup_nrf51.o [1]
_acDownBuffer           0x200027cc   0x10  Data  Lc  SEGGER_RTT.o [1]
_acUpBuffer             0x20001d1c  0x200  Data  Lc  SEGGER_RTT.o [1]
_call_main              0x00020695         Code  Gb  cmain.o [5]
_exit                   0x000206ad         Code  Gb  cexit.o [5]
_main                   0x0002069f         Code  Gb  cmain.o [5]
adc_sample_process      0x0001e2ab   0x7c  Code  Lc  nrf_drv_adc.o [1]
adc_start               0x0001c76f   0x1c  Code  Gb  main.o [1]
adc_timeout_handler     0x0001c799    0xa  Code  Lc  main.o [1]
adc_value               0x20002844    0x2  Data  Gb  main.o [1]
addr_is_valid           0x0001d279   0x1c  Code  Lc  ble_advertising.o [1]
adv_data_encode         0x0001d025  0x180  Code  Gb  ble_advdata.o [1]
adv_mode_next_avail_get
                        0x0001d2ad   0x60  Code  Lc  ble_advertising.o [1]
advdata_check           0x0001d1a5   0x12  Code  Lc  ble_advdata.o [1]
advertising_init        0x0001c339   0x7c  Code  Lc  main.o [1]
advertising_start       0x0001c3b5   0x2a  Code  Gb  main.o [1]
app_button_enable       0x0001ee07   0x24  Code  Gb  app_button.o [1]
app_button_init         0x0001ed81   0x86  Code  Gb  app_button.o [1]
app_error_fault_handler
                        0x0001bae5   0x28  Code  Wk  app_error_weak.o [1]
app_error_handler_bare  0x0001b9a9   0x1c  Code  Gb  app_error.o [1]
app_fifo_get            0x0001f2e5   0x20  Code  Gb  app_fifo.o [1]
app_fifo_init           0x0001f28d   0x34  Code  Gb  app_fifo.o [1]
app_fifo_put            0x0001f2c1   0x24  Code  Gb  app_fifo.o [1]
app_gpiote_init         0x0001ec05   0x72  Code  Gb  app_gpiote.o [1]
app_timer_create        0x0001b8bd   0x3c  Code  Gb  app_timer.o [1]
app_timer_init          0x0001b845   0x74  Code  Gb  app_timer.o [1]
app_timer_start         0x0001b8fd   0x4e  Code  Gb  app_timer.o [1]
app_timer_stop          0x0001b94b   0x2e  Code  Gb  app_timer.o [1]
app_uart_get            0x0001e02b   0x3c  Code  Gb  app_uart_fifo.o [1]
app_uart_init           0x0001df67   0xc4  Code  Gb  app_uart_fifo.o [1]
app_uart_inst           0x20001870    0x8  Data  Lc  app_uart_fifo.o [1]
app_util_critical_region_enter
                        0x0001ba59    0xc  Code  Gb  app_util_platform.o [1]
app_util_critical_region_exit
                        0x0001ba65    0xe  Code  Gb  app_util_platform.o [1]
appearance_encode       0x0001cc33   0x54  Code  Lc  ble_advdata.o [1]
apply_config            0x0001f457   0x84  Code  Lc  nrf_drv_uart.o [1]
ble_advdata_set         0x0001d1c9   0x92  Code  Gb  ble_advdata.o [1]
ble_advertising_on_sys_evt
                        0x0001d57d   0x3c  Code  Gb  ble_advertising.o [1]
ble_advertising_start   0x0001d419  0x162  Code  Gb  ble_advertising.o [1]
ble_device_addr_encode  0x0001caeb   0x7e  Code  Lc  ble_advdata.o [1]
ble_stack_init          0x0001c3f1   0x68  Code  Lc  main.o [1]
ble_stack_init{2}{3}::BLE_EVT_BUFFER
                        0x20002574   0x48  Data  Lc  main.o [1]
buf_prealloc            0x0001bb17   0xa4  Code  Lc  nrf_log_frontend.o [1]
buffer_is_empty         0x0001bca9   0x18  Code  Gb  nrf_log_frontend.o [1]
button_count            0x20002862    0x1  Data  Gb  main.o [1]
button_handler          0x0001c7f9   0x34  Code  Gb  main.o [1]
button_init             0x0001c835   0x44  Code  Gb  main.o [1]
button_init::p_button   0x200018b4   0x10  Data  Lc  main.o [1]
button_init{1}{2}::app_gpiote_buf
                        0x20002754   0x18  Data  Lc  main.o [1]
channel_free            0x0001fd6d   0x26  Code  Lc  nrf_drv_gpiote.o [1]
channel_handler_get     0x0001fd0b    0xa  Code  Lc  nrf_drv_gpiote.o [1]
channel_port_alloc      0x0001fd17   0x56  Code  Lc  nrf_drv_gpiote.o [1]
channel_port_get        0x0001fd01    0xa  Code  Lc  nrf_drv_gpiote.o [1]
check_config            0x0001d663   0x20  Code  Lc  fstorage.o [1]
clock_clk_started_notify
                        0x0001f175   0x28  Code  Lc  nrf_drv_clock.o [1]
cmd_number              0x2000285f    0x1  Data  Gb  main.o [1]
compare_reg_update      0x0001b635   0x8a  Code  Lc  app_timer.o [1]
conn_int_check          0x0001ce25   0x58  Code  Lc  ble_advdata.o [1]
conn_int_encode         0x0001ce85   0x68  Code  Lc  ble_advdata.o [1]
detection_delay_timeout_handler
                        0x0001ec89   0x8e  Code  Lc  app_button.o [1]
elapsed_ticks_acquire   0x0001b3e1   0x5a  Code  Lc  app_timer.o [1]
erase_execute           0x0001d6b7    0x8  Code  Lc  fstorage.o [1]
exit                    0x000206a3    0x8  Code  Gb  exit.o [3]
expired_timers_handler  0x0001b4e5   0x50  Code  Lc  app_timer.o [1]
fifo_get                0x0001f275   0x18  Code  Lc  app_fifo.o [1]
fifo_length             0x0001f241    0x8  Code  Lc  app_fifo.o [1]
fifo_length             0x0001dea9    0x8  Code  Lc  app_uart_fifo.o [1]
fifo_peek               0x0001f25f   0x16  Code  Lc  app_fifo.o [1]
fifo_put                0x0001f249   0x16  Code  Lc  app_fifo.o [1]
firsttime               0x20002864    0x1  Data  Gb  main.o [1]
flags_encode            0x0001cc87   0x38  Code  Lc  ble_advdata.o [1]
flash_access_in_progress
                        0x0001d295   0x18  Code  Lc  ble_advertising.o [1]
flash_store_data        0x2000276c   0x18  Data  Gb  myflash.o [1]
flash_store_data_default
                        0x200018c4   0x18  Data  Gb  myflash.o [1]
flashdata_load          0x0001eee7   0x14  Code  Gb  myflash.o [1]
fs_callback_flag        0x20002866    0x1  Data  Lc  myflash.o [1]
fs_config               0x200018f4   0x10  Data  Gb  myflash.o [1]
fs_data$$Base           0x200018f4          --   Gb  - Linker created -
fs_data$$Limit          0x20001904          --   Gb  - Linker created -
fs_erase                0x0001d9f9   0x86  Code  Gb  fstorage.o [1]
fs_evt_handler          0x0001ee51   0x10  Code  Lc  myflash.o [1]
fs_flash_page_end_addr  0x0001d5e9   0x1a  Code  Lc  fstorage.o [1]
fs_init                 0x0001d885   0xca  Code  Gb  fstorage.o [1]
fs_queued_op_count_get  0x0001da7f   0x16  Code  Gb  fstorage.o [1]
fs_store                0x0001d95d   0x98  Code  Gb  fstorage.o [1]
fs_sys_event_handler    0x0001da95   0x62  Code  Gb  fstorage.o [1]
gap_params_init         0x0001c309   0x30  Code  Lc  main.o [1]
getSX1276CurrentRSSI    0x0001ebb9    0xc  Code  Gb  sx1278.o [1]
getSX1276LatestRSSI     0x0001ebad    0xc  Code  Gb  sx1278.o [1]
getSX1276PacketSnr      0x0001eba1    0xc  Code  Gb  sx1278.o [1]
gpio_init               0x0001e5cf   0x28  Code  Lc  sx1278.o [1]
gpiote_event_handler    0x0001ed17   0x6a  Code  Lc  app_button.o [1]
gps_close               0x0001c5a5   0x16  Code  Gb  main.o [1]
gps_open                0x0001c5bb   0x16  Code  Gb  main.o [1]
gps_str                 0x2000201c  0x100  Data  Gb  main.o [1]
gps_str_ptr             0x2000285c    0x1  Data  Gb  main.o [1]
gpscounttimeout         0x20002861    0x1  Data  Gb  main.o [1]
gpstimeout              0x2000189c    0x4  Data  Gb  main.o [1]
gpsuploadcycle          0x2000285d    0x1  Data  Gb  main.o [1]
iar_fs_data_end         0x2000188c    0x4  Data  Gb  fstorage.o [1]
iar_fs_data_start       0x20001888    0x4  Data  Gb  fstorage.o [1]
intern_softdevice_events_execute
                        0x0001dc4b   0xa8  Code  Gb  softdevice_handler.o [1]
interrupts_enable       0x0001f4db   0x34  Code  Lc  nrf_drv_uart.o [1]
is_disabled_in_debug_needed
                        0x00020355   0x38  Code  Lc  system_nrf51.o [1]
is_manual_peripheral_setup_needed
                        0x000202e5   0x70  Code  Lc  system_nrf51.o [1]
is_peripheral_domain_setup_needed
                        0x0002038d   0x54  Code  Lc  system_nrf51.o [1]
is_word_aligned         0x0001ebf5   0x10  Code  Lc  app_gpiote.o [1]
is_word_aligned         0x0001b17d   0x10  Code  Lc  app_timer.o [1]
is_word_aligned         0x0001db77   0x10  Code  Lc  softdevice_handler.o [1]
item_dequeue            0x0001f159   0x10  Code  Lc  nrf_drv_clock.o [1]
led_close               0x0001c2d9   0x10  Code  Gb  main.o [1]
list_deletions_handler  0x0001b459   0x76  Code  Lc  app_timer.o [1]
list_insertions_handler
                        0x0001b545   0xe4  Code  Lc  app_timer.o [1]
location_timeout_handler
                        0x0001c601   0x28  Code  Lc  main.o [1]
location_timers_start   0x0001c62d   0x4a  Code  Gb  main.o [1]
location_timers_stop    0x0001c5e5   0x1a  Code  Gb  main.o [1]
locationcard_event      0x20002865    0x1  Data  Gb  main.o [1]
lora_close              0x0001c2e9   0x10  Code  Gb  main.o [1]
lora_open               0x0001c2f9   0x10  Code  Gb  main.o [1]
m_adc_timer_id          0x000207a0    0x4  Data  Lc  main.o [1]
m_adc_timer_id_data     0x20002700   0x20  Data  Lc  main.o [1]
m_adv_evt               0x20002854    0x1  Data  Lc  ble_advertising.o [1]
m_adv_mode_current      0x20002855    0x1  Data  Lc  ble_advertising.o [1]
m_adv_modes_config      0x20002660   0x20  Data  Lc  ble_advertising.o [1]
m_adv_params            0x2000273c   0x18  Data  Lc  main.o [1]
m_advdata               0x20002604   0x3c  Data  Lc  ble_advertising.o [1]
m_advertising_start_pending
                        0x20002853    0x1  Data  Lc  ble_advertising.o [1]
m_ble_evt_buffer_size   0x20002846    0x2  Data  Lc  softdevice_handler.o [1]
m_ble_evt_handler       0x2000283c    0x4  Data  Lc  softdevice_handler.o [1]
m_blocking_mode         0x20002868    0x1  Data  Lc  nrf_log_backend_serial.o [1]
m_button_count          0x20002848    0x1  Data  Lc  app_button.o [1]
m_cb                    0x20002784   0x14  Data  Lc  nrf_drv_adc.o [1]
m_cb                    0x200025bc   0x48  Data  Lc  nrf_drv_gpiote.o [1]
m_cb                    0x20002720   0x1c  Data  Lc  nrf_drv_uart.o [1]
m_channel_id            0x2000285e    0x1  Data  Gb  main.o [1]
m_clock_cb              0x20002798   0x14  Data  Lc  nrf_drv_clock.o [1]
m_detection_delay       0x20002800    0x4  Data  Lc  app_button.o [1]
m_detection_delay_timer_id
                        0x00020790    0x4  Data  Lc  app_button.o [1]
m_detection_delay_timer_id_data
                        0x20002640   0x20  Data  Lc  app_button.o [1]
m_error_handler         0x20002828    0x4  Data  Lc  ble_advertising.o [1]
m_event_handler         0x20002820    0x4  Data  Lc  app_uart_fifo.o [1]
m_evt_handler           0x20002824    0x4  Data  Lc  ble_advertising.o [1]
m_evt_schedule_func     0x2000281c    0x4  Data  Lc  app_timer.o [1]
m_evt_schedule_func     0x20002834    0x4  Data  Lc  softdevice_handler.o [1]
m_flags                 0x20002859    0x1  Data  Lc  fstorage.o [1]
m_initialized           0x20002852    0x1  Data  Lc  ble_advertising.o [1]
m_initialized           0x20002867    0x1  Data  Lc  nrf_log_backend_serial.o [1]
m_location_timer_id     0x00020798    0x4  Data  Lc  main.o [1]
m_location_timer_id_data
                        0x200026c0   0x20  Data  Lc  main.o [1]
m_log_data              0x20001904  0x418  Data  Lc  nrf_log_frontend.o [1]
m_op_queue              0x200027dc    0x8  Data  Lc  app_timer.o [1]
m_overflow_info         0x200018dc    0x4  Data  Lc  nrf_log_frontend.o [1]
m_p_whitelist_addrs     0x20002680   0x20  Data  Lc  ble_advertising.o [1]
m_p_whitelist_irks      0x200026a0   0x20  Data  Lc  ble_advertising.o [1]
m_peer_addr_reply_expected
                        0x20002856    0x1  Data  Lc  ble_advertising.o [1]
m_peer_address          0x200027f4    0x8  Data  Lc  ble_advertising.o [1]
m_pin_state             0x20002804    0x4  Data  Lc  app_button.o [1]
m_pin_transition        0x20002808    0x4  Data  Lc  app_button.o [1]
m_pins                  0x20002810    0x4  Data  Lc  app_gpiote.o [1]
m_queue                 0x2000250c   0x68  Data  Lc  fstorage.o [1]
m_retry_count           0x2000285a    0x1  Data  Lc  fstorage.o [1]
m_rtc1_reset            0x2000284e    0x1  Data  Lc  app_timer.o [1]
m_rtc1_running          0x2000284d    0x1  Data  Lc  app_timer.o [1]
m_rtc_timer_id          0x0002079c    0x4  Data  Lc  main.o [1]
m_rtc_timer_id_data     0x200026e0   0x20  Data  Lc  main.o [1]
m_rx_fifo               0x200027ac   0x10  Data  Lc  app_uart_fifo.o [1]
m_rx_ovf                0x20002851    0x1  Data  Lc  app_uart_fifo.o [1]
m_softdevice_enabled    0x20002869    0x1  Data  Lc  softdevice_handler.o [1]
m_suspended             0x2000286a    0x1  Data  Lc  softdevice_handler.o [1]
m_sys_evt_handler       0x20002840    0x4  Data  Lc  softdevice_handler.o [1]
m_ticks_elapsed         0x200027e4    0x8  Data  Lc  app_timer.o [1]
m_ticks_elapsed_q_read_ind
                        0x2000284b    0x1  Data  Lc  app_timer.o [1]
m_ticks_elapsed_q_write_ind
                        0x2000284c    0x1  Data  Lc  app_timer.o [1]
m_ticks_latest          0x20002818    0x4  Data  Lc  app_timer.o [1]
m_tx_fifo               0x200027bc   0x10  Data  Lc  app_uart_fifo.o [1]
m_user_array_size       0x20002849    0x1  Data  Lc  app_gpiote.o [1]
m_user_count            0x2000284a    0x1  Data  Lc  app_gpiote.o [1]
m_wdt_event_handler     0x20002830    0x4  Data  Lc  nrf_drv_wdt.o [1]
m_whitelist             0x20001878   0x10  Data  Lc  ble_advertising.o [1]
m_whitelist_reply_expected
                        0x20002858    0x1  Data  Lc  ble_advertising.o [1]
m_whitelist_temporarily_disabled
                        0x20002857    0x1  Data  Lc  ble_advertising.o [1]
main                    0x0001c8cd  0x1ba  Code  Gb  main.o [1]
manuf_specific_data_encode
                        0x0001ceed   0x8e  Code  Lc  ble_advdata.o [1]
mode                    0x20002860    0x1  Data  Gb  main.o [1]
mp_ble_evt_buffer       0x20002838    0x4  Data  Lc  softdevice_handler.o [1]
mp_buttons              0x200027fc    0x4  Data  Lc  app_button.o [1]
mp_timer_id_head        0x20002814    0x4  Data  Lc  app_timer.o [1]
mp_users                0x2000280c    0x4  Data  Lc  app_gpiote.o [1]
myflash_erase           0x0001ee61   0x28  Code  Gb  myflash.o [1]
myflash_init            0x0001ee89   0x18  Code  Gb  myflash.o [1]
myflash_read            0x0001eec7   0x20  Code  Gb  myflash.o [1]
myflash_write           0x0001eea1   0x26  Code  Gb  myflash.o [1]
mylora_sending_init     0x0001e9f9   0x88  Code  Gb  sx1278.o [1]
mylorainit              0x0001e9d3   0x26  Code  Gb  sx1278.o [1]
name_encode             0x0001cb69   0xca  Code  Lc  ble_advdata.o [1]
nrf_adc_config_set      0x0001e257    0x6  Code  Lc  nrf_drv_adc.o [1]
nrf_adc_disable         0x0001e29b    0x8  Code  Lc  nrf_drv_adc.o [1]
nrf_adc_enable          0x0001e293    0x8  Code  Lc  nrf_drv_adc.o [1]
nrf_adc_event_check     0x0001e267   0x16  Code  Lc  nrf_drv_adc.o [1]
nrf_adc_event_clear     0x0001e25d    0xa  Code  Lc  nrf_drv_adc.o [1]
nrf_adc_int_disable     0x0001e283    0x6  Code  Lc  nrf_drv_adc.o [1]
nrf_adc_int_enable      0x0001e27d    0x6  Code  Lc  nrf_drv_adc.o [1]
nrf_adc_result_get      0x0001e249    0x6  Code  Lc  nrf_drv_adc.o [1]
nrf_adc_start           0x0001e24f    0x8  Code  Lc  nrf_drv_adc.o [1]
nrf_adc_task_trigger    0x0001e289    0xa  Code  Lc  nrf_drv_adc.o [1]
nrf_bitmask_bit_is_set  0x0001fc41   0x10  Code  Lc  nrf_drv_gpiote.o [1]
nrf_bitmask_bit_set     0x0001fc51   0x16  Code  Lc  nrf_drv_gpiote.o [1]
nrf_clock_event_check   0x0001f0bf   0x18  Code  Lc  nrf_drv_clock.o [1]
nrf_clock_event_clear   0x0001f0b3    0xc  Code  Lc  nrf_drv_clock.o [1]
nrf_clock_int_disable   0x0001f0ad    0x6  Code  Lc  nrf_drv_clock.o [1]
nrf_clock_lf_src_set    0x0001f0d7    0xc  Code  Lc  nrf_drv_clock.o [1]
nrf_delay_ms            0x0001c2c9   0x10  Code  Lc  main.o [1]
nrf_delay_us            0x0001b18d   0x28  Code  Lc  app_timer.o [1]
nrf_delay_us            0x0001c2a1   0x28  Code  Lc  main.o [1]
nrf_drv_adc_buffer_convert
                        0x0001e327   0x74  Code  Gb  nrf_drv_adc.o [1]
nrf_drv_adc_sample      0x0001e2a3    0x8  Code  Gb  nrf_drv_adc.o [1]
nrf_drv_clock_init      0x0001f113   0x46  Code  Gb  nrf_drv_clock.o [1]
nrf_drv_clock_on_sd_enable
                        0x0001f201   0x34  Code  Gb  nrf_drv_clock.o [1]
nrf_drv_clock_on_soc_event
                        0x0001f1f1   0x10  Code  Gb  nrf_drv_clock.o [1]
nrf_drv_common_irq_enable
                        0x00020275   0x24  Code  Gb  nrf_drv_common.o [1]
nrf_drv_common_irq_enable_check
                        0x0001f0e3   0x1a  Code  Lc  nrf_drv_clock.o [1]
nrf_drv_common_irq_enable_check
                        0x0001dc1d   0x1a  Code  Lc  softdevice_handler.o [1]
nrf_drv_common_power_clock_irq_init
                        0x0001f0fd   0x16  Code  Lc  nrf_drv_clock.o [1]
nrf_drv_get_IRQn        0x0001f3ad    0x8  Code  Lc  nrf_drv_uart.o [1]
nrf_drv_gpiote_in_event_enable
                        0x0001fe8d   0xb0  Code  Gb  nrf_drv_gpiote.o [1]
nrf_drv_gpiote_in_init  0x0001fe0d   0x7c  Code  Gb  nrf_drv_gpiote.o [1]
nrf_drv_gpiote_in_is_set
                        0x0001ff41   0x18  Code  Gb  nrf_drv_gpiote.o [1]
nrf_drv_gpiote_init     0x0001fd93   0x58  Code  Gb  nrf_drv_gpiote.o [1]
nrf_drv_gpiote_is_init  0x0001fdf1   0x14  Code  Gb  nrf_drv_gpiote.o [1]
nrf_drv_uart_init       0x0001f51b   0x58  Code  Gb  nrf_drv_uart.o [1]
nrf_drv_uart_rx         0x0001f7c9   0x74  Code  Gb  nrf_drv_uart.o [1]
nrf_drv_uart_rx_enable  0x0001f83d   0x2a  Code  Gb  nrf_drv_uart.o [1]
nrf_drv_uart_rx_for_uart
                        0x0001f6f5   0xce  Code  Lc  nrf_drv_uart.o [1]
nrf_drv_uart_tx         0x0001f645   0x30  Code  Gb  nrf_drv_uart.o [1]
nrf_drv_uart_tx_for_uart
                        0x0001f5b1   0x94  Code  Lc  nrf_drv_uart.o [1]
nrf_drv_uart_tx_in_progress
                        0x0001f675   0x1c  Code  Gb  nrf_drv_uart.o [1]
nrf_drv_wdt_channel_feed
                        0x0001e239    0xe  Code  Gb  nrf_drv_wdt.o [1]
nrf_gpio_cfg            0x0001c205   0x3e  Code  Lc  main.o [1]
nrf_gpio_cfg            0x0001fae3   0x3e  Code  Lc  nrf_drv_gpiote.o [1]
nrf_gpio_cfg            0x0001f3bd   0x3e  Code  Lc  nrf_drv_uart.o [1]
nrf_gpio_cfg            0x0001e42d   0x3e  Code  Lc  sx1278.o [1]
nrf_gpio_cfg_input      0x0001fb21   0x20  Code  Lc  nrf_drv_gpiote.o [1]
nrf_gpio_cfg_input      0x0001f415   0x20  Code  Lc  nrf_drv_uart.o [1]
nrf_gpio_cfg_input      0x0001e485   0x20  Code  Lc  sx1278.o [1]
nrf_gpio_cfg_output     0x0001c243   0x1a  Code  Lc  main.o [1]
nrf_gpio_cfg_output     0x0001f3fb   0x1a  Code  Lc  nrf_drv_uart.o [1]
nrf_gpio_cfg_output     0x0001e46b   0x1a  Code  Lc  sx1278.o [1]
nrf_gpio_cfg_sense_set  0x0001fb6b   0x50  Code  Lc  nrf_drv_gpiote.o [1]
nrf_gpio_cfg_watcher    0x0001fb41   0x2a  Code  Lc  nrf_drv_gpiote.o [1]
nrf_gpio_pin_clear      0x0001c277   0x1a  Code  Lc  main.o [1]
nrf_gpio_pin_clear      0x0001e4bf   0x1a  Code  Lc  sx1278.o [1]
nrf_gpio_pin_port_decode
                        0x0001c1fd    0x8  Code  Lc  main.o [1]
nrf_gpio_pin_port_decode
                        0x0001fadb    0x8  Code  Lc  nrf_drv_gpiote.o [1]
nrf_gpio_pin_port_decode
                        0x0001f3b5    0x8  Code  Lc  nrf_drv_uart.o [1]
nrf_gpio_pin_port_decode
                        0x0001e425    0x8  Code  Lc  sx1278.o [1]
nrf_gpio_pin_read       0x0001fbc1   0x20  Code  Lc  nrf_drv_gpiote.o [1]
nrf_gpio_pin_read       0x0001e4d9   0x20  Code  Lc  sx1278.o [1]
nrf_gpio_pin_sense_get  0x0001fbe1   0x1e  Code  Lc  nrf_drv_gpiote.o [1]
nrf_gpio_pin_set        0x0001c25d   0x1a  Code  Lc  main.o [1]
nrf_gpio_pin_set        0x0001f435   0x1a  Code  Lc  nrf_drv_uart.o [1]
nrf_gpio_pin_set        0x0001e4a5   0x1a  Code  Lc  sx1278.o [1]
nrf_gpio_port_in_read   0x0001fbff    0x8  Code  Lc  nrf_drv_gpiote.o [1]
nrf_gpio_port_in_read   0x0001e4f9    0x8  Code  Lc  sx1278.o [1]
nrf_gpio_port_out_clear
                        0x0001c299    0x6  Code  Lc  main.o [1]
nrf_gpio_port_out_clear
                        0x0001e509    0x6  Code  Lc  sx1278.o [1]
nrf_gpio_port_out_set   0x0001c291    0x8  Code  Lc  main.o [1]
nrf_gpio_port_out_set   0x0001f44f    0x8  Code  Lc  nrf_drv_uart.o [1]
nrf_gpio_port_out_set   0x0001e501    0x8  Code  Lc  sx1278.o [1]
nrf_gpio_ports_read     0x0001fc07   0x2e  Code  Lc  nrf_drv_gpiote.o [1]
nrf_gpiote_event_addr_get
                        0x0001fa4f    0x8  Code  Lc  nrf_drv_gpiote.o [1]
nrf_gpiote_event_clear  0x0001fa3d   0x12  Code  Lc  nrf_drv_gpiote.o [1]
nrf_gpiote_event_configure
                        0x0001fa7b   0x40  Code  Lc  nrf_drv_gpiote.o [1]
nrf_gpiote_event_enable
                        0x0001fa65   0x16  Code  Lc  nrf_drv_gpiote.o [1]
nrf_gpiote_event_is_set
                        0x0001fa21   0x1c  Code  Lc  nrf_drv_gpiote.o [1]
nrf_gpiote_event_pin_get
                        0x0001fabb   0x10  Code  Lc  nrf_drv_gpiote.o [1]
nrf_gpiote_event_polarity_get
                        0x0001facb   0x10  Code  Lc  nrf_drv_gpiote.o [1]
nrf_gpiote_int_enable   0x0001fa57    0x6  Code  Lc  nrf_drv_gpiote.o [1]
nrf_gpiote_int_is_enabled
                        0x0001fa5d    0x8  Code  Lc  nrf_drv_gpiote.o [1]
nrf_log_backend_init    0x0001bed5   0x2e  Code  Gb  nrf_log_backend_serial.o [1]
nrf_log_blocking_backend_set
                        0x0001bb0d    0xa  Code  Gb  nrf_log_frontend.o [1]
nrf_log_frontend_dequeue
                        0x0001bcc1  0x1fa  Code  Gb  nrf_log_frontend.o [1]
nrf_log_frontend_std_0  0x0001bbbb   0x62  Code  Gb  nrf_log_frontend.o [1]
nrf_log_frontend_std_1  0x0001bc1d   0x74  Code  Gb  nrf_log_frontend.o [1]
nrf_nvic_state          0x200027ec    0x8  Data  Gb  app_util_platform.o [1]
nrf_uart_baudrate_set   0x0001f3a7    0x6  Code  Lc  nrf_drv_uart.o [1]
nrf_uart_configure      0x0001f395   0x12  Code  Lc  nrf_drv_uart.o [1]
nrf_uart_enable         0x0001f359    0xa  Code  Lc  nrf_drv_uart.o [1]
nrf_uart_errorsrc_get_and_clear
                        0x0001f349   0x10  Code  Lc  nrf_drv_uart.o [1]
nrf_uart_event_check    0x0001f30d   0x14  Code  Lc  nrf_drv_uart.o [1]
nrf_uart_event_clear    0x0001f305    0x8  Code  Lc  nrf_drv_uart.o [1]
nrf_uart_hwfc_pins_set  0x0001f36d    0xe  Code  Lc  nrf_drv_uart.o [1]
nrf_uart_int_disable    0x0001f341    0x8  Code  Lc  nrf_drv_uart.o [1]
nrf_uart_int_enable     0x0001f321    0x8  Code  Lc  nrf_drv_uart.o [1]
nrf_uart_int_enable_check
                        0x0001f329   0x18  Code  Lc  nrf_drv_uart.o [1]
nrf_uart_rxd_get        0x0001f37b    0xa  Code  Lc  nrf_drv_uart.o [1]
nrf_uart_task_trigger   0x0001f38d    0x8  Code  Lc  nrf_drv_uart.o [1]
nrf_uart_txd_set        0x0001f385    0x8  Code  Lc  nrf_drv_uart.o [1]
nrf_uart_txrx_pins_set  0x0001f363    0xa  Code  Lc  nrf_drv_uart.o [1]
nrf_wdt_event_clear     0x0001e1d9    0xa  Code  Lc  nrf_drv_wdt.o [1]
nrf_wdt_int_enable_check
                        0x0001e1e3   0x16  Code  Lc  nrf_drv_wdt.o [1]
nrf_wdt_reload_request_set
                        0x0001e1f9    0xe  Code  Lc  nrf_drv_wdt.o [1]
on_operation_failure    0x0001d7eb   0x2a  Code  Lc  fstorage.o [1]
on_operation_success    0x0001d77f   0x6c  Code  Lc  fstorage.o [1]
pin_in_use_by_gpiote    0x0001fcb3   0x18  Code  Lc  nrf_drv_gpiote.o [1]
pin_in_use_by_port      0x0001fc9b   0x18  Code  Lc  nrf_drv_gpiote.o [1]
pin_in_use_by_te        0x0001fc6d   0x2e  Code  Lc  nrf_drv_gpiote.o [1]
pin_in_use_by_te_set    0x0001fccd   0x26  Code  Lc  nrf_drv_gpiote.o [1]
pin_in_use_clear        0x0001fcf3    0xe  Code  Lc  nrf_drv_gpiote.o [1]
powerValue              0x200018f3    0x1  Data  Gb  sx1278.o [1]
power_data              0x200018e4    0x8  Data  Gb  sx1278.o [1]
power_manage            0x0001c5d1   0x14  Code  Gb  main.o [1]
proto_data_len          0x2000285b    0x1  Data  Gb  gpsprotocol.o [1]
proto_data_str          0x20001f1c  0x100  Data  Gb  gpsprotocol.o [1]
queue_advance           0x0001d6bf   0x3a  Code  Lc  fstorage.o [1]
queue_get_next_free     0x0001d815   0x64  Code  Lc  fstorage.o [1]
queue_process           0x0001d6f9   0x66  Code  Lc  fstorage.o [1]
queue_start             0x0001d75f   0x20  Code  Lc  fstorage.o [1]
ram_end_address_get     0x0001de15    0xe  Code  Lc  softdevice_handler.o [1]
ram_total_size_get      0x0001de07    0xe  Code  Lc  softdevice_handler.o [1]
recv                    0x2000231c  0x100  Data  Gb  sx1278.o [1]
recv_length             0x20002872    0x1  Data  Gb  sx1278.o [1]
rtc1_compare0_set       0x0001b245    0x6  Code  Lc  app_timer.o [1]
rtc1_counter_get        0x0001b237    0x6  Code  Lc  app_timer.o [1]
rtc1_init               0x0001b1b5   0x12  Code  Lc  app_timer.o [1]
rtc1_start              0x0001b1c7   0x32  Code  Lc  app_timer.o [1]
rtc1_stop               0x0001b1f9   0x3e  Code  Lc  app_timer.o [1]
rtc_timeout_handler     0x0001c765    0xa  Code  Lc  main.o [1]
rtc_timer_start         0x0001c685   0x20  Code  Gb  main.o [1]
rx_buffer               0x20002850    0x1  Data  Lc  app_uart_fifo.o [1]
rx_byte                 0x0001f6b7   0x3e  Code  Lc  nrf_drv_uart.o [1]
rx_done_event           0x0001f867   0x1e  Code  Lc  nrf_drv_uart.o [1]
rx_enable               0x0001f695   0x22  Code  Lc  nrf_drv_uart.o [1]
sd_nvic_EnableIRQ       0x0001dbbd   0x60  Code  Lc  softdevice_handler.o [1]
sd_nvic_critical_region_enter
                        0x0001b9d5   0x40  Code  Lc  app_util_platform.o [1]
sd_nvic_critical_region_exit
                        0x0001ba15   0x32  Code  Lc  app_util_platform.o [1]
secondscount            0x2000282c    0x4  Data  Gb  main.o [1]
send_event              0x0001d603   0x60  Code  Lc  fstorage.o [1]
send_flag               0x20002871    0x1  Data  Gb  sx1278.o [1]
sendmessage             0x200018a4   0x10  Data  Gb  main.o [1]
service_data_encode     0x0001cf7b   0xaa  Code  Lc  ble_advdata.o [1]
set_adv_mode_directed   0x0001d30d   0x1c  Code  Lc  ble_advertising.o [1]
set_adv_mode_directed_slow
                        0x0001d329   0x20  Code  Lc  ble_advertising.o [1]
set_adv_mode_fast       0x0001d349   0x5a  Code  Lc  ble_advertising.o [1]
set_adv_mode_slow       0x0001d3a3   0x5a  Code  Lc  ble_advertising.o [1]
softdevice_enable       0x0001de35   0x4c  Code  Gb  softdevice_handler.o [1]
softdevice_enable_get_default_config
                        0x0001ddcd   0x3a  Code  Gb  softdevice_handler.o [1]
softdevice_fault_handler
                        0x0001dc37   0x14  Code  Gb  softdevice_handler.o [1]
softdevice_handler_init
                        0x0001dd01   0x70  Code  Gb  softdevice_handler.o [1]
softdevice_handler_is_enabled
                        0x0001dcf3    0x6  Code  Gb  softdevice_handler.o [1]
softdevice_sys_evt_handler_set
                        0x0001dd79   0x16  Code  Gb  softdevice_handler.o [1]
sos_message             0x200018a0    0x4  Data  Gb  main.o [1]
spi_init                0x0001e59f   0x30  Code  Lc  sx1278.o [1]
srdata_check            0x0001d1b7   0x12  Code  Lc  ble_advdata.o [1]
store_execute           0x0001d683   0x34  Code  Lc  fstorage.o [1]
strcpy                  0x0001c181         Code  Gb  strcpy.o [5]
strlen                  0x0001c1ed   0x10  Code  Gb  strlen.o [5]
sys_evt_dispatch        0x0001c3df   0x12  Code  Lc  main.o [1]
ticks_diff_get          0x0001b23d    0x8  Code  Lc  app_timer.o [1]
timeout_handler_exec    0x0001b31d   0x2e  Code  Lc  app_timer.o [1]
timer_list_handler      0x0001b6c9   0x54  Code  Lc  app_timer.o [1]
timer_list_handler_sched
                        0x0001b313    0xa  Code  Lc  app_timer.o [1]
timer_list_insert       0x0001b24b   0x68  Code  Lc  app_timer.o [1]
timer_list_remove       0x0001b2b3   0x56  Code  Lc  app_timer.o [1]
timer_start_op_schedule
                        0x0001b765   0x5a  Code  Lc  app_timer.o [1]
timer_stop_op_schedule  0x0001b7bf   0x48  Code  Lc  app_timer.o [1]
timer_timeouts_check    0x0001b351   0x7c  Code  Lc  app_timer.o [1]
timer_timeouts_check_sched
                        0x0001b309    0xa  Code  Lc  app_timer.o [1]
timers_init             0x0001c7a3   0x50  Code  Lc  main.o [1]
timers_init{1}{2}::APP_TIMER_BUF
                        0x2000241c   0x78  Data  Lc  main.o [1]
tx_buffer               0x2000284f    0x1  Data  Lc  app_uart_fifo.o [1]
tx_byte                 0x0001f589   0x28  Code  Lc  nrf_drv_uart.o [1]
tx_done_event           0x0001f885   0x26  Code  Lc  nrf_drv_uart.o [1]
tx_power_level_encode   0x0001ccbf   0x38  Code  Lc  ble_advdata.o [1]
uart_enable             0x0001f50f    0xc  Code  Lc  nrf_drv_uart.o [1]
uart_event_handle       0x0001c465  0x100  Code  Gb  main.o [1]
uart_event_handler      0x0001deb1   0xb6  Code  Lc  app_uart_fifo.o [1]
uart_init               0x0001c565   0x40  Code  Gb  main.o [1]
uart_init{2}{3}::rx_buf
                        0x2000211c  0x100  Data  Lc  main.o [1]
uart_init{2}{3}::tx_buf
                        0x2000221c  0x100  Data  Lc  main.o [1]
uart_irq_handler        0x0001f8ab  0x160  Code  Lc  nrf_drv_uart.o [1]
uint16_encode           0x0001cad9   0x12  Code  Lc  ble_advdata.o [1]
update_rtc              0x0001c6c1   0x9a  Code  Gb  main.o [1]
user_op_alloc           0x0001b723   0x3c  Code  Lc  app_timer.o [1]
user_op_enque           0x0001b71d    0x6  Code  Lc  app_timer.o [1]
uuid_list_encode        0x0001cdd5   0x50  Code  Lc  ble_advdata.o [1]
uuid_list_sized_encode  0x0001ccf7   0xde  Code  Lc  ble_advdata.o [1]
whitelist_has_entries   0x0001d25d   0x1c  Code  Lc  ble_advertising.o [1]
worktime                0x20002863    0x1  Data  Gb  main.o [1]


[1] = E:\personnelpositioning\core\personnelpositioning-20181203\examples\ble_peripheral\ble_app_beacon\pca10028\s130\iar\_build
[2] = command line
[3] = dl6M_tlf.a
[4] = m6M_tl.a
[5] = rt6M_tl.a

  21 816 bytes of readonly  code memory
     672 bytes of readonly  data memory
   6 147 bytes of readwrite data memory

Errors: none
Warnings: none
