###############################################################################
#
# IAR ELF Linker V8.11.2.13589/W32 for ARM                31/Jan/2019  17:11:36
# Copyright 2007-2017 IAR Systems AB.
#
#    Output file  =  
#        E:\personnelpositioning\core\nRF5_SDK_12.3.0_d7731ad\examples\peripheral\spi\pca10028\blank\iar\_build\spi_pca10028.out
#    Map file     =  
#        E:\personnelpositioning\core\nRF5_SDK_12.3.0_d7731ad\examples\peripheral\spi\pca10028\blank\iar\_build\spi_pca10028.map
#    Command line =  
#        -f C:\Users\yhf\AppData\Local\Temp\EWB153.tmp
#        (E:\personnelpositioning\core\nRF5_SDK_12.3.0_d7731ad\examples\peripheral\spi\pca10028\blank\iar\_build\app_button.o
#        E:\personnelpositioning\core\nRF5_SDK_12.3.0_d7731ad\examples\peripheral\spi\pca10028\blank\iar\_build\app_error.o
#        E:\personnelpositioning\core\nRF5_SDK_12.3.0_d7731ad\examples\peripheral\spi\pca10028\blank\iar\_build\app_error_weak.o
#        E:\personnelpositioning\core\nRF5_SDK_12.3.0_d7731ad\examples\peripheral\spi\pca10028\blank\iar\_build\app_timer.o
#        E:\personnelpositioning\core\nRF5_SDK_12.3.0_d7731ad\examples\peripheral\spi\pca10028\blank\iar\_build\app_util_platform.o
#        E:\personnelpositioning\core\nRF5_SDK_12.3.0_d7731ad\examples\peripheral\spi\pca10028\blank\iar\_build\boards.o
#        E:\personnelpositioning\core\nRF5_SDK_12.3.0_d7731ad\examples\peripheral\spi\pca10028\blank\iar\_build\bsp.o
#        E:\personnelpositioning\core\nRF5_SDK_12.3.0_d7731ad\examples\peripheral\spi\pca10028\blank\iar\_build\bsp_nfc.o
#        E:\personnelpositioning\core\nRF5_SDK_12.3.0_d7731ad\examples\peripheral\spi\pca10028\blank\iar\_build\iar_startup_nrf51.o
#        E:\personnelpositioning\core\nRF5_SDK_12.3.0_d7731ad\examples\peripheral\spi\pca10028\blank\iar\_build\main.o
#        E:\personnelpositioning\core\nRF5_SDK_12.3.0_d7731ad\examples\peripheral\spi\pca10028\blank\iar\_build\nrf_assert.o
#        E:\personnelpositioning\core\nRF5_SDK_12.3.0_d7731ad\examples\peripheral\spi\pca10028\blank\iar\_build\nrf_drv_common.o
#        E:\personnelpositioning\core\nRF5_SDK_12.3.0_d7731ad\examples\peripheral\spi\pca10028\blank\iar\_build\nrf_drv_gpiote.o
#        E:\personnelpositioning\core\nRF5_SDK_12.3.0_d7731ad\examples\peripheral\spi\pca10028\blank\iar\_build\nrf_drv_spi.o
#        E:\personnelpositioning\core\nRF5_SDK_12.3.0_d7731ad\examples\peripheral\spi\pca10028\blank\iar\_build\nrf_drv_uart.o
#        E:\personnelpositioning\core\nRF5_SDK_12.3.0_d7731ad\examples\peripheral\spi\pca10028\blank\iar\_build\nrf_log_backend_serial.o
#        E:\personnelpositioning\core\nRF5_SDK_12.3.0_d7731ad\examples\peripheral\spi\pca10028\blank\iar\_build\nrf_log_frontend.o
#        E:\personnelpositioning\core\nRF5_SDK_12.3.0_d7731ad\examples\peripheral\spi\pca10028\blank\iar\_build\RTT_Syscalls_IAR.o
#        E:\personnelpositioning\core\nRF5_SDK_12.3.0_d7731ad\examples\peripheral\spi\pca10028\blank\iar\_build\sdk_errors.o
#        E:\personnelpositioning\core\nRF5_SDK_12.3.0_d7731ad\examples\peripheral\spi\pca10028\blank\iar\_build\SEGGER_RTT.o
#        E:\personnelpositioning\core\nRF5_SDK_12.3.0_d7731ad\examples\peripheral\spi\pca10028\blank\iar\_build\SEGGER_RTT_printf.o
#        E:\personnelpositioning\core\nRF5_SDK_12.3.0_d7731ad\examples\peripheral\spi\pca10028\blank\iar\_build\system_nrf51.o
#        --redirect _Printf=_PrintfFull --redirect _Scanf=_ScanfFull -o
#        E:\personnelpositioning\core\nRF5_SDK_12.3.0_d7731ad\examples\peripheral\spi\pca10028\blank\iar\_build\spi_pca10028.out
#        --map
#        E:\personnelpositioning\core\nRF5_SDK_12.3.0_d7731ad\examples\peripheral\spi\pca10028\blank\iar\_build\spi_pca10028.map
#        --config
#        E:\personnelpositioning\core\nRF5_SDK_12.3.0_d7731ad\examples\peripheral\spi\pca10028\blank\iar\spi_iar_nRF5x.icf
#        --warnings_are_errors --entry __iar_program_start --inline --vfe
#        --text_out locale)
#
###############################################################################

*******************************************************************************
*** RUNTIME MODEL ATTRIBUTES
***

CppFlavor       = *
__SystemLibrary = DLib
__dlib_version  = 6


*******************************************************************************
*** HEAP SELECTION
***

The basic heap was selected because no calls to memory allocation
functions were found in the application outside of system library
functions, and there are calls to deallocation functions in the
application.


*******************************************************************************
*** PLACEMENT SUMMARY
***

"A0":  place at 0x00000000 { ro section .intvec };
"P1":  place in [from 0x00000000 to 0x0003ffff] { ro };
define block CSTACK with size = 2K, alignment = 8 { };
define block HEAP with size = 512, alignment = 8 { };
"P2":  place in [from 0x20000000 to 0x20007fff] {
          rw, block CSTACK, block HEAP };
initialize by copy { rw };
keep { section .intvec };

  Section            Kind        Address    Size  Object
  -------            ----        -------    ----  ------
"A0":                                       0xc0
  .intvec            ro code  0x00000000    0xc0  iar_startup_nrf51.o [1]
                            - 0x000000c0    0xc0

"P1":                                     0x30cf
  .text              ro code  0x000000c0  0x1016  xprintffull.o [3]
  .text              ro code  0x000010d6     0x2  iar_startup_nrf51.o [1]
  .text              ro code  0x000010d8    0xc8  xlocale_c.o [3]
  .text              ro code  0x000011a0    0x16  strchr.o [5]
  .text              ro code  0x000011b6     0x2  iar_startup_nrf51.o [1]
  .text              ro code  0x000011b8    0x48  xfail_s.o [3]
  .text              ro code  0x00001200    0x10  strlen.o [5]
  .text              ro code  0x00001210    0x18  memchr.o [5]
  .text              ro code  0x00001228     0xa  xmbcurmax.o [3]
  .text              ro code  0x00001232     0x2  iar_startup_nrf51.o [1]
  .text              ro code  0x00001234    0x5c  ABImemcpy.o [5]
  .text              ro code  0x00001290    0x6a  I64DivMod.o [5]
  .text              ro code  0x000012fa   0x184  DblMul.o [4]
  .text              ro code  0x0000147e    0x32  DblCmpLe.o [4]
  .text              ro code  0x000014b0    0x32  DblCmpGe.o [4]
  .text              ro code  0x000014e2     0x2  iar_startup_nrf51.o [1]
  .text              ro code  0x000014e4    0x52  DblToI32.o [4]
  .text              ro code  0x00001536     0x2  iar_startup_nrf51.o [1]
  .text              ro code  0x00001538    0x34  IxxToDbl.o [4]
  .text              ro code  0x0000156c   0x1a8  DblAddSub.o [4]
  .text              ro code  0x00001714    0xe0  I32DivModFast.o [5]
  .text              ro code  0x000017f4    0xc2  DblDiv.o [4]
  .text              ro code  0x000018b6     0x2  iar_startup_nrf51.o [1]
  .text              ro code  0x000018b8    0x36  I32DivMod.o [5]
  .text              ro code  0x000018ee     0xa  abort.o [3]
  .text              ro code  0x000018f8     0xc  XXexit.o [5]
  .text              ro code  0x00001904   0x3cc  app_timer.o [1]
  .text              ro code  0x00001cd0    0x20  app_error.o [1]
  .text              ro code  0x00001cf0    0x54  ABImemset.o [5]
  .text              ro code  0x00001d44    0x38  app_error_weak.o [1]
  .text              ro code  0x00001d7c   0x2f8  nrf_log_frontend.o [1]
  .text              ro code  0x00002074   0x298  nrf_log_backend_serial.o [1]
  .text              ro code  0x0000230c    0x2c  app_util_platform.o [1]
  .text              ro code  0x00002338   0x198  SEGGER_RTT.o [1]
  .text              ro code  0x000024d0    0x4c  snprintf.o [3]
  .text              ro code  0x0000251c    0x12  isalpha.o [3]
  .text              ro code  0x0000252e    0x12  ispunct.o [3]
  .text              ro code  0x00002540   0x30c  nrf_drv_spi.o [1]
  .text              ro code  0x0000284c    0x5c  nrf_drv_common.o [1]
  .text              ro code  0x000028a8   0x1f4  nrf_drv_gpiote.o [1]
  .text              ro code  0x00002a9c   0x1d8  nrf_drv_uart.o [1]
  .text              ro code  0x00002c74   0x198  main.o [1]
  .text              ro code  0x00002e0c    0xa4  boards.o [1]
  .text              ro code  0x00002eb0    0xc4  system_nrf51.o [1]
  .text              ro code  0x00002f74    0x40  zero_init3.o [5]
  .text              ro code  0x00002fb4    0x3c  packbits_init_single.o [5]
  .text              ro code  0x00002ff0    0x2c  iar_startup_nrf51.o [1]
  .text              ro code  0x0000301c    0x28  data_init.o [5]
  .iar.init_table    const    0x00003044    0x20  - Linker created -
  .text              ro code  0x00003064    0x1c  xsnprout.o [3]
  .text              ro code  0x00003080    0x1c  xencoding_8859_1.o [3]
  .text              ro code  0x0000309c    0x1a  cmain.o [5]
  .text              ro code  0x000030b6     0x8  exit.o [3]
  .text              ro code  0x000030be     0x2  iar_startup_nrf51.o [1]
  .text              ro code  0x000030c0     0xa  cexit.o [5]
  .text              ro code  0x000030ca     0x2  iar_startup_nrf51.o [1]
  .rodata            const    0x000030cc    0x18  app_error_weak.o [1]
  .rodata            const    0x000030e4    0x10  xprintffull.o [3]
  .text              ro code  0x000030f4     0xc  cstartup_M.o [5]
  .rodata            const    0x00003100     0x6  xlocale_c.o [3]
  .text              ro code  0x00003106     0x2  iar_startup_nrf51.o [1]
  .text              ro code  0x00003108     0x2  iar_startup_nrf51.o [1]
  .text              ro code  0x0000310a     0x2  iar_startup_nrf51.o [1]
  .text              ro code  0x0000310c     0x2  iar_startup_nrf51.o [1]
  .text              ro code  0x0000310e     0x2  iar_startup_nrf51.o [1]
  .text              ro code  0x00003110     0x2  iar_startup_nrf51.o [1]
  .text              ro code  0x00003112     0x2  iar_startup_nrf51.o [1]
  .text              ro code  0x00003114     0x2  iar_startup_nrf51.o [1]
  .text              ro code  0x00003116     0x2  iar_startup_nrf51.o [1]
  .text              ro code  0x00003118     0x2  iar_startup_nrf51.o [1]
  .text              ro code  0x0000311a     0x2  iar_startup_nrf51.o [1]
  .text              ro code  0x0000311c     0x2  iar_startup_nrf51.o [1]
  .text              ro code  0x0000311e     0x2  iar_startup_nrf51.o [1]
  .text              ro code  0x00003120     0x2  iar_startup_nrf51.o [1]
  .text              ro code  0x00003122     0x2  iar_startup_nrf51.o [1]
  .text              ro code  0x00003124     0x2  iar_startup_nrf51.o [1]
  .text              ro code  0x00003126     0x2  iar_startup_nrf51.o [1]
  .rodata            const    0x00003128     0x0  zero_init3.o [5]
  .rodata            const    0x00003128     0x0  packbits_init_single.o [5]
  Initializer bytes  const    0x00003128    0x67  <for P2-1>
                            - 0x0000318f  0x30cf

"P2", part 1 of 3:                          0x94
  P2-1                        0x20000000    0x94  <Init block>
    .data            inited   0x20000000    0x10  main.o [1]
    .data            inited   0x20000010     0x4  system_nrf51.o [1]
    .data            inited   0x20000014    0x38  xlocale_c.o [3]
    .data            inited   0x2000004c    0x48  xlocale_c.o [3]
                            - 0x20000094    0x94

"P2", part 2 of 3:                         0x750
  .bss               zero     0x20000094   0x418  nrf_log_frontend.o [1]
  .bss               zero     0x200004ac   0x288  SEGGER_RTT.o [1]
  .bss               zero     0x20000734    0x48  nrf_drv_gpiote.o [1]
  .bss               zero     0x2000077c    0x20  app_timer.o [1]
  .bss               zero     0x2000079c    0x20  nrf_drv_spi.o [1]
  .bss               zero     0x200007bc    0x1c  nrf_drv_uart.o [1]
  .bss               zero     0x200007d8     0x4  app_util_platform.o [1]
  .bss               zero     0x200007dc     0x4  xfail_s.o [3]
  .bss               zero     0x200007e0     0x2  nrf_log_backend_serial.o [1]
                            - 0x200007e2   0x74e

"P2", part 3 of 3:                         0x800
  CSTACK                      0x200007e8   0x800  <Block>
    CSTACK           uninit   0x200007e8   0x800  <Block tail>
                            - 0x20000fe8   0x800


*******************************************************************************
*** INIT TABLE
***

          Address     Size
          -------     ----
Zero (__iar_zero_init3)
    1 destination range, total size 0x74e:
          0x20000094  0x74e

Copy/packbits (__iar_packbits_init_single3)
    1 source range, total size 0x67 (69% of destination):
          0x00003128   0x67
    1 destination range, total size 0x94:
          0x20000000   0x94



*******************************************************************************
*** MODULE SUMMARY
***

    Module                    ro code  ro data  rw data
    ------                    -------  -------  -------
E:\personnelpositioning\core\nRF5_SDK_12.3.0_d7731ad\examples\peripheral\spi\pca10028\blank\iar\_build: [1]
    SEGGER_RTT.o                  408               648
    app_error.o                    32
    app_error_weak.o               56       24
    app_timer.o                   972                32
    app_util_platform.o            44                 4
    boards.o                      164
    iar_startup_nrf51.o           286
    main.o                        408       11       16
    nrf_drv_common.o               92
    nrf_drv_gpiote.o              500                72
    nrf_drv_spi.o                 780                32
    nrf_drv_uart.o                472                28
    nrf_log_backend_serial.o      664                 2
    nrf_log_frontend.o            760             1 048
    system_nrf51.o                196        2        4
    ---------------------------------------------------
    Total:                      5 834       37    1 886

command line: [2]
    ---------------------------------------------------
    Total:

dl6M_tlf.a: [3]
    abort.o                        10
    exit.o                          8
    isalpha.o                      18
    ispunct.o                      18
    snprintf.o                     76
    xencoding_8859_1.o             28
    xfail_s.o                      72                 4
    xlocale_c.o                   200       96      128
    xmbcurmax.o                    10
    xprintffull.o               4 118       16
    xsnprout.o                     28
    ---------------------------------------------------
    Total:                      4 586      112      132

m6M_tl.a: [4]
    DblAddSub.o                   424
    DblCmpGe.o                     50
    DblCmpLe.o                     50
    DblDiv.o                      194
    DblMul.o                      388
    DblToI32.o                     82
    IxxToDbl.o                     52
    ---------------------------------------------------
    Total:                      1 240

rt6M_tl.a: [5]
    ABImemcpy.o                    92
    ABImemset.o                    84
    I32DivMod.o                    54
    I32DivModFast.o               224
    I64DivMod.o                   106
    XXexit.o                       12
    cexit.o                        10
    cmain.o                        26
    cstartup_M.o                   12
    data_init.o                    40
    memchr.o                       24
    packbits_init_single.o         60
    strchr.o                       22
    strlen.o                       16
    zero_init3.o                   64
    ---------------------------------------------------
    Total:                        846

    Linker created                          32    2 048
-------------------------------------------------------
    Grand Total:               12 506      181    4 066


*******************************************************************************
*** ENTRY LIST
***

Entry                      Address   Size  Type      Object
-----                      -------   ----  ----      ------
.iar.init_table$$Base   0x00003044          --   Gb  - Linker created -
.iar.init_table$$Limit  0x00003064          --   Gb  - Linker created -
?main                   0x0000309d         Code  Gb  cmain.o [5]
CSTACK$$Base            0x200007e8          --   Gb  - Linker created -
CSTACK$$Limit           0x20000fe8          --   Gb  - Linker created -
CacheMore               0x0000111b   0x28  Code  Lc  xlocale_c.o [3]
GPIOTE_IRQHandler       0x0000291d  0x168  Code  Gb  nrf_drv_gpiote.o [1]
LoadInt                 0x000002b5   0x74  Code  Lc  xprintffull.o [3]
RTC1_IRQHandler         0x00001c11   0x8c  Code  Gb  app_timer.o [1]
Region$$Table$$Base     0x00003044          --   Gb  - Linker created -
Region$$Table$$Limit    0x00003064          --   Gb  - Linker created -
SEGGER_RTT_Init         0x000024b9   0x12  Code  Gb  SEGGER_RTT.o [1]
SEGGER_RTT_WriteNoLock  0x00002459   0x56  Code  Gb  SEGGER_RTT.o [1]
SPI0_TWI0_IRQHandler    0x00002827    0xc  Code  Gb  nrf_drv_spi.o [1]
SWI0_IRQHandler         0x00001cad    0x8  Code  Gb  app_timer.o [1]
SystemCoreClock         0x20000010    0x4  Data  Gb  system_nrf51.o [1]
SystemInit              0x00002eb1   0xa6  Code  Gb  system_nrf51.o [1]
UART0_IRQHandler        0x00002c61    0xc  Code  Gb  nrf_drv_uart.o [1]
_DoInit                 0x00002339   0x52  Code  Lc  SEGGER_RTT.o [1]
_Encoding_8859_1_Mbrlen
                        0x00003091    0x2  Code  Gb  xencoding_8859_1.o [3]
_Encoding_8859_1_Wctomb
                        0x00003081   0x10  Code  Gb  xencoding_8859_1.o [3]
_GenldFull              0x00000e35  0x26e  Code  Lc  xprintffull.o [3]
_GetAvailWriteSpace     0x00002441   0x18  Code  Lc  SEGGER_RTT.o [1]
_LdtobFull              0x000009b5  0x46c  Code  Lc  xprintffull.o [3]
_LitobFull              0x00000835  0x12e  Code  Lc  xprintffull.o [3]
_LocaleC_isalpha        0x000010df    0xc  Code  Gb  xlocale_c.o [3]
_LocaleC_islower        0x000010d9    0x4  Code  Gb  xlocale_c.o [3]
_LocaleC_ispunct        0x000010f5   0x22  Code  Gb  xlocale_c.o [3]
_LocaleC_isupper        0x000010dd    0x2  Code  Gb  xlocale_c.o [3]
_Locale_lconv           0x20000014   0x38  Data  Lc  xlocale_c.o [3]
_PrintfFull             0x000000c1  0x1e0  Code  Gb  xprintffull.o [3]
_PutcharsFull           0x000010a3   0x32  Code  Lc  xprintffull.o [3]
_PutfldFull             0x00000329  0x2d6  Code  Lc  xprintffull.o [3]
_PutstrFull             0x0000076d   0xc0  Code  Lc  xprintffull.o [3]
_PuttxtFull             0x00000669  0x102  Code  Lc  xprintffull.o [3]
_SEGGER_RTT             0x200004ac   0x78  Data  Gb  SEGGER_RTT.o [1]
_SNProut                0x00003065   0x1c  Code  Gb  xsnprout.o [3]
_WriteBlocking          0x000023a1   0x60  Code  Lc  SEGGER_RTT.o [1]
_WriteNoCheck           0x00002401   0x40  Code  Lc  SEGGER_RTT.o [1]
__ICFEDIT_region_RAM_end__ {Abs}
                        0x20007fff         Data  Gb  command line/config [2]
__ICFEDIT_region_RAM_start__ {Abs}
                        0x20000000         Data  Gb  command line/config [2]
__Vectors               0x00000000          --   Gb  iar_startup_nrf51.o [1]
__Vectors_End           0x000000c0         Data  Gb  iar_startup_nrf51.o [1]
__Vectors_Size {Abs}    0x000000c0          --   Gb  iar_startup_nrf51.o [1]
__aeabi_cdcmple         0x0000147f         Code  Gb  DblCmpLe.o [4]
__aeabi_cdrcmple        0x000014b1         Code  Gb  DblCmpGe.o [4]
__aeabi_d2iz            0x000014e5         Code  Gb  DblToI32.o [4]
__aeabi_d2uiz           0x00001509         Code  Gb  DblToI32.o [4]
__aeabi_ddiv            0x000017f5         Code  Gb  DblDiv.o [4]
__aeabi_dmul            0x000012fb         Code  Gb  DblMul.o [4]
__aeabi_dsub            0x00001627         Code  Gb  DblAddSub.o [4]
__aeabi_i2d             0x00001559         Code  Gb  IxxToDbl.o [4]
__aeabi_idiv            0x00001741         Code  Gb  I32DivModFast.o [5]
__aeabi_idivmod         0x00001741         Code  Gb  I32DivModFast.o [5]
__aeabi_memclr4         0x00001d41         Code  Gb  ABImemset.o [5]
__aeabi_memclr8         0x00001d41         Code  Gb  ABImemset.o [5]
__aeabi_memcpy          0x00001235         Code  Gb  ABImemcpy.o [5]
__aeabi_memcpy4         0x0000125d         Code  Wk  ABImemcpy.o [5]
__aeabi_memset          0x00001cf1         Code  Gb  ABImemset.o [5]
__aeabi_ui2d            0x00001539         Code  Gb  IxxToDbl.o [4]
__aeabi_uidiv           0x00001747         Code  Gb  I32DivModFast.o [5]
__aeabi_uidivmod        0x00001747         Code  Gb  I32DivModFast.o [5]
__aeabi_uldivmod        0x00001291         Code  Gb  I64DivMod.o [5]
__cmain                 0x0000309d         Code  Gb  cmain.o [5]
__exit                  0x000018f9         Code  Gb  XXexit.o [5]
__iar_Fail_s            0x000011b9   0x22  Code  Gb  xfail_s.o [3]
__iar_Mbcurmax          0x00001229    0xa  Code  Gb  xmbcurmax.o [3]
__iar_Memset4_word      0x00001d11         Code  Gb  ABImemset.o [5]
__iar_Memset_word       0x00001cfd         Code  Gb  ABImemset.o [5]
__iar_d2uiz             0x0000150d         Code  Gb  DblToI32.o [4]
__iar_data_init3        0x0000301d   0x28  Code  Gb  data_init.o [5]
__iar_globLocale        0x2000004c   0x48  Data  Lc  xlocale_c.o [3]
__iar_global_Locale     0x00001117    0x4  Code  Gb  xlocale_c.o [3]
__iar_packbits_init_single3
                        0x00002fb5   0x3c  Code  Gb  packbits_init_single.o [5]
__iar_program_start     0x000030f5         Code  Gb  cstartup_M.o [5]
__iar_small_uidiv       0x000018b9         Code  Gb  I32DivMod.o [5]
__iar_small_uidivmod    0x000018b9         Code  Gb  I32DivMod.o [5]
__iar_systems$$module {Abs}
                        0x00000001         Data  Gb  command line/config [2]
__iar_zero_init3        0x00002f75   0x40  Code  Gb  zero_init3.o [5]
__vector_table          0x00000000         Data  Gb  iar_startup_nrf51.o [1]
_acDownBuffer           0x20000724   0x10  Data  Lc  SEGGER_RTT.o [1]
_acUpBuffer             0x20000524  0x200  Data  Lc  SEGGER_RTT.o [1]
_call_main              0x000030a9         Code  Gb  cmain.o [5]
_exit                   0x000030c1         Code  Gb  cexit.o [5]
_gLocale_mblen          0x0000117f    0xa  Code  Gb  xlocale_c.o [3]
_gLocale_mblenInt       0x00001143   0x34  Code  Gb  xlocale_c.o [3]
_gLocale_wctomb         0x00001189    0xa  Code  Gb  xlocale_c.o [3]
_gLocale_wctombInt      0x00001177    0x8  Code  Gb  xlocale_c.o [3]
_main                   0x000030b3         Code  Gb  cmain.o [5]
abort                   0x000018ef    0xa  Code  Gb  abort.o [3]
app_error_fault_handler
                        0x00001d45   0x38  Code  Wk  app_error_weak.o [1]
app_error_handler_bare  0x00001cd1   0x1c  Code  Gb  app_error.o [1]
app_util_critical_region_enter
                        0x0000231b    0x2  Code  Gb  app_util_platform.o [1]
app_util_critical_region_exit
                        0x00002331    0x8  Code  Gb  app_util_platform.o [1]
app_util_enable_irq     0x0000230d    0xe  Code  Gb  app_util_platform.o [1]
bsp_board_led_invert    0x00002e61   0x18  Code  Gb  boards.o [1]
bsp_board_led_off       0x00002e41    0x4  Code  Gb  boards.o [1]
bsp_board_leds_init     0x00002e79   0x28  Code  Gb  boards.o [1]
bsp_board_leds_off      0x00002e4f   0x12  Code  Gb  boards.o [1]
buf_len_update          0x000020bd   0x12  Code  Lc  nrf_log_backend_serial.o [1]
buf_prealloc            0x00001dc9   0x52  Code  Lc  nrf_log_frontend.o [1]
compare_reg_update      0x00001ac9   0x8c  Code  Lc  app_timer.o [1]
exit                    0x000030b7    0x8  Code  Gb  exit.o [3]
irq_handler_spi         0x000027f7   0x30  Code  Lc  nrf_drv_spi.o [1]
isalpha                 0x0000251d   0x12  Code  Gb  isalpha.o [3]
ispunct                 0x0000252f   0x12  Code  Gb  ispunct.o [3]
list_deletions_handler  0x0000195d   0x92  Code  Lc  app_timer.o [1]
list_insertions_handler
                        0x000019ef   0xda  Code  Lc  app_timer.o [1]
localeconv              0x00001195    0x4  Code  Gb  xlocale_c.o [3]
m_blocking_mode         0x200007e1    0x1  Data  Lc  nrf_log_backend_serial.o [1]
m_board_led_list        0x00002eac    0x4  Data  Lc  boards.o [1]
m_cb                    0x20000734   0x48  Data  Lc  nrf_drv_gpiote.o [1]
m_cb                    0x2000079c   0x20  Data  Lc  nrf_drv_spi.o [1]
m_cb                    0x200007bc   0x1c  Data  Lc  nrf_drv_uart.o [1]
m_evt_schedule_func     0x20000798    0x4  Data  Lc  app_timer.o [1]
m_in_critical_region    0x200007d8    0x4  Data  Lc  app_util_platform.o [1]
m_initialized           0x200007e0    0x1  Data  Lc  nrf_log_backend_serial.o [1]
m_log_data              0x20000094  0x418  Data  Lc  nrf_log_frontend.o [1]
m_op_queue              0x2000077c    0x8  Data  Lc  app_timer.o [1]
m_rtc1_reset            0x20000787    0x1  Data  Lc  app_timer.o [1]
m_rtc1_running          0x20000786    0x1  Data  Lc  app_timer.o [1]
m_rx_buf                0x20000004    0xc  Data  Lc  main.o [1]
m_ticks_elapsed         0x20000790    0x8  Data  Lc  app_timer.o [1]
m_ticks_elapsed_q_read_ind
                        0x20000784    0x1  Data  Lc  app_timer.o [1]
m_ticks_elapsed_q_write_ind
                        0x20000785    0x1  Data  Lc  app_timer.o [1]
m_ticks_latest          0x2000078c    0x4  Data  Lc  app_timer.o [1]
main                    0x00002cd1   0xb2  Code  Gb  main.o [1]
memchr                  0x00001211   0x18  Code  Gb  memchr.o [5]
mp_timer_id_head        0x20000788    0x4  Data  Lc  app_timer.o [1]
nrf_bitmask_bit_is_set  0x00002905   0x10  Code  Lc  nrf_drv_gpiote.o [1]
nrf_delay_us            0x00001905   0x26  Code  Lc  app_timer.o [1]
nrf_drv_common_irq_enable
                        0x0000284d   0x5c  Code  Gb  nrf_drv_common.o [1]
nrf_drv_spi_init        0x00002575  0x134  Code  Gb  nrf_drv_spi.o [1]
nrf_drv_spi_transfer    0x000026a9   0x18  Code  Gb  nrf_drv_spi.o [1]
nrf_drv_spi_xfer        0x0000278d   0x6a  Code  Gb  nrf_drv_spi.o [1]
nrf_gpio_cfg            0x00002e0d   0x1e  Code  Lc  boards.o [1]
nrf_gpio_cfg            0x00002541   0x1e  Code  Lc  nrf_drv_spi.o [1]
nrf_gpio_cfg_output     0x0000255f   0x16  Code  Lc  nrf_drv_spi.o [1]
nrf_gpio_cfg_sense_set  0x000028b7   0x20  Code  Lc  nrf_drv_gpiote.o [1]
nrf_gpio_pin_write      0x00002e2b   0x16  Code  Lc  boards.o [1]
nrf_gpio_ports_read     0x000028d9   0x28  Code  Lc  nrf_drv_gpiote.o [1]
nrf_gpiote_event_is_set
                        0x000028a9    0xe  Code  Lc  nrf_drv_gpiote.o [1]
nrf_log_backend_hexdump_handler_get
                        0x000022f3    0x4  Code  Gb  nrf_log_backend_serial.o [1]
nrf_log_backend_init    0x00002075   0x20  Code  Gb  nrf_log_backend_serial.o [1]
nrf_log_backend_serial_hexdump_handler
                        0x000021ab  0x144  Code  Lc  nrf_log_backend_serial.o [1]
nrf_log_backend_serial_std_handler
                        0x000020fd   0xae  Code  Lc  nrf_log_backend_serial.o [1]
nrf_log_backend_std_handler_get
                        0x000022ef    0x4  Code  Gb  nrf_log_backend_serial.o [1]
nrf_log_blocking_backend_set
                        0x00001da1    0xa  Code  Gb  nrf_log_frontend.o [1]
nrf_log_frontend_dequeue
                        0x00001f05  0x15a  Code  Gb  nrf_log_frontend.o [1]
nrf_log_frontend_hexdump
                        0x00001e65   0xa0  Code  Gb  nrf_log_frontend.o [1]
nrf_log_frontend_init   0x00001dab   0x14  Code  Gb  nrf_log_frontend.o [1]
nrf_log_frontend_std_0  0x00001e29   0x2e  Code  Gb  nrf_log_frontend.o [1]
nrf_log_handlers_set    0x00001dbf    0x8  Code  Gb  nrf_log_frontend.o [1]
nrf_log_init            0x00001d7d   0x24  Code  Gb  nrf_log_frontend.o [1]
nrf_uart_event_check    0x00002a9d    0x6  Code  Lc  nrf_drv_uart.o [1]
nrf_uart_int_enable_check
                        0x00002aa3    0xa  Code  Lc  nrf_drv_uart.o [1]
rtc1_stop               0x0000192b   0x32  Code  Lc  app_timer.o [1]
rx_byte                 0x00002acf   0x2c  Code  Lc  nrf_drv_uart.o [1]
rx_done_event           0x00002afb   0x16  Code  Lc  nrf_drv_uart.o [1]
scale                   0x00000963   0x44  Code  Lc  xprintffull.o [3]
sec_hand                0x200007dc    0x4  Data  Lc  xfail_s.o [3]
serial_tx               0x00002095   0x28  Code  Lc  nrf_log_backend_serial.o [1]
snprintf                0x000024d1   0x4c  Code  Gb  snprintf.o [3]
spi                     0x00002df4    0x8  Data  Lc  main.o [1]
spi_event_handler       0x00002c75   0x2e  Code  Gb  main.o [1]
spi_xfer                0x00002715   0x78  Code  Lc  nrf_drv_spi.o [1]
spi_xfer_done           0x20000000    0x1  Data  Lc  main.o [1]
strchr                  0x000011a1    0x2  Code  Gb  strchr.o [5]
strlen                  0x00001201   0x10  Code  Gb  strlen.o [5]
sx1278_read_reg_multiple
                        0x00002ca3    0xe  Code  Gb  main.o [1]
sx1278_write_reg        0x00002cb1   0x18  Code  Gb  main.o [1]
temp                    0x20000001    0x1  Data  Gb  main.o [1]
timer_list_handler      0x00001b61   0xa0  Code  Lc  app_timer.o [1]
timestamp_process       0x000020d1   0x2a  Code  Lc  nrf_log_backend_serial.o [1]
transfer_byte           0x000026c1   0x54  Code  Lc  nrf_drv_spi.o [1]
tx_byte                 0x00002ab5   0x1a  Code  Lc  nrf_drv_uart.o [1]
tx_done_event           0x00002b11   0x20  Code  Lc  nrf_drv_uart.o [1]
uart_irq_handler        0x00002b35  0x12c  Code  Lc  nrf_drv_uart.o [1]


[1] = E:\personnelpositioning\core\nRF5_SDK_12.3.0_d7731ad\examples\peripheral\spi\pca10028\blank\iar\_build
[2] = command line
[3] = dl6M_tlf.a
[4] = m6M_tl.a
[5] = rt6M_tl.a

  12 506 bytes of readonly  code memory
     181 bytes of readonly  data memory
   4 066 bytes of readwrite data memory

Errors: none
Warnings: none
