###############################################################################
#
# IAR ELF Linker V8.11.2.13589/W32 for ARM                16/Jan/2019  15:12:13
# Copyright 2007-2017 IAR Systems AB.
#
#    Output file  =  _build/ble_app_beacon_pca10028_s130.out
#    Map file     =  _build/ble_app_beacon_pca10028_s130.map
#    Command line =  
#        --silent --entry __iar_program_start --config
#        ble_app_beacon_iar_nRF5x.icf -f
#        _build/ble_app_beacon_pca10028_s130.xcl (_build/main.o
#        _build/iar_startup_nrf51.o _build/system_nrf51.o _build/ble_advdata.o
#        _build/ble_conn_params.o _build/ble_srv_common.o _build/nrf_adc.o
#        _build/nrf_drv_adc.o _build/nrf_drv_clock.o _build/nrf_drv_common.o
#        _build/nrf_drv_gpiote.o _build/nrf_drv_uart.o _build/nrf_drv_wdt.o
#        _build/app_button.o _build/app_error.o _build/app_error_weak.o
#        _build/app_fifo.o _build/app_gpiote.o _build/app_timer.o
#        _build/app_uart_fifo.o _build/app_util_platform.o
#        _build/hardfault_implementation.o _build/nrf_assert.o
#        _build/sdk_errors.o _build/nrf_log_backend_serial.o
#        _build/nrf_log_frontend.o _build/RTT_Syscalls_IAR.o
#        _build/SEGGER_RTT.o _build/SEGGER_RTT_printf.o
#        _build/softdevice_handler.o _build/gpsprotocol.o _build/led.o
#        _build/sx1278.o) -o _build/ble_app_beacon_pca10028_s130.out --map
#        _build/ble_app_beacon_pca10028_s130.map --no_wrap_diagnostics
#
###############################################################################

*******************************************************************************
*** MESSAGES
***

Error[Li005]: no definition for "bsp_indication_set" [referenced from E:\personnelpositioning\core\personnelpositioning-20180823\examples\ble_peripheral\ble_app_beacon\pca10028\s130\iar\_build\main.o]


*******************************************************************************
*** RUNTIME MODEL ATTRIBUTES
***

CppFlavor       = *
__SystemLibrary = DLib
__dlib_version  = 6


*******************************************************************************
*** HEAP SELECTION
***

The basic heap was selected because no calls to memory allocation
functions were found in the application outside of system library
functions, and there are calls to deallocation functions in the
application.


*******************************************************************************
*** PLACEMENT SUMMARY
***

"A0":  place at 0x0001b000 { ro section .intvec };
"P1":  place in [from 0x0001b000 to 0x0003ffff] { ro };
define block CSTACK with size = 2K, alignment = 8 { };
define block HEAP with size = 512, alignment = 8 { };
"P2":  place in [from 0x20001870 to 0x20007fff] {
          rw, block CSTACK, block HEAP };
initialize by copy { rw };
keep { section .intvec };

  Section            Kind        Address    Size  Object
  -------            ----        -------    ----  ------
"A0":                                       0xc0
  .intvec            ro code  0x0001b000    0xc0  iar_startup_nrf51.o [1]
                            - 0x0001b0c0    0xc0

"P1":                                     0x5e12
  .text              ro code  0x0001b0c0   0xd48  main.o [1]
  .text              ro code  0x0001be08    0x20  app_error.o [1]
  .text              ro code  0x0001be28    0x54  ABImemset.o [5]
  .text              ro code  0x0001be7c   0x782  ble_advdata.o [1]
  .text              ro code  0x0001c5fe     0x2  iar_startup_nrf51.o [1]
  .text              ro code  0x0001c600   0x380  softdevice_handler.o [1]
  .text              ro code  0x0001c980   0x1e4  app_uart_fifo.o [1]
  .rodata            const    0x0001cb64    0x44  softdevice_handler.o [1]
  .text              ro code  0x0001cba8   0x426  strto64.o [4]
  .text              ro code  0x0001cfce     0x2  iar_startup_nrf51.o [1]
  .text              ro code  0x0001cfd0    0x5c  ABImemcpy.o [5]
  .text              ro code  0x0001d02c   0x8e8  app_timer.o [1]
  .text              ro code  0x0001d914   0x3c8  nrf_log_frontend.o [1]
  .text              ro code  0x0001dcdc    0x32  I64Mul.o [5]
  .text              ro code  0x0001dd0e    0x6a  I64DivMod.o [5]
  .text              ro code  0x0001dd78    0x6e  nrf_drv_wdt.o [1]
  .text              ro code  0x0001dde6     0x2  iar_startup_nrf51.o [1]
  .text              ro code  0x0001dde8   0x1dc  nrf_drv_adc.o [1]
  .text              ro code  0x0001dfc4   0x6f8  sx1278.o [1]
  .text              ro code  0x0001e6bc    0x94  app_gpiote.o [1]
  .text              ro code  0x0001e750   0x1c8  app_button.o [1]
  .text              ro code  0x0001e918   0x134  gpsprotocol.o [1]
  .text              ro code  0x0001ea4c   0x154  led.o [1]
  .text              ro code  0x0001eba0    0x44  app_error_weak.o [1]
  .text              ro code  0x0001ebe4   0x194  nrf_drv_clock.o [1]
  .text              ro code  0x0001ed78    0xc4  app_fifo.o [1]
  .text              ro code  0x0001ee3c   0x71c  nrf_drv_uart.o [1]
  .text              ro code  0x0001f558   0x184  DblMul.o [4]
  .text              ro code  0x0001f6dc    0xc2  DblDiv.o [4]
  .text              ro code  0x0001f79e   0x118  iar_Stopfx.o [3]
  .text              ro code  0x0001f8b6     0x2  iar_startup_nrf51.o [1]
  .text              ro code  0x0001f8b8   0x1e0  iar_Stoflt.o [3]
  .text              ro code  0x0001fa98    0x34  IxxToDbl.o [4]
  .text              ro code  0x0001facc   0x1a8  DblAddSub.o [4]
  .text              ro code  0x0001fc74   0x240  iar_Stoxflt.o [3]
  .text              ro code  0x0001feb4    0xaa  app_util_platform.o [1]
  .text              ro code  0x0001ff5e     0x2  iar_startup_nrf51.o [1]
  .text              ro code  0x0001ff60    0x38  nrf_log_backend_serial.o [1]
  .text              ro code  0x0001ff98     0x2  I64DivZer.o [5]
  .text              ro code  0x0001ff9a     0x2  iar_startup_nrf51.o [1]
  .text              ro code  0x0001ff9c   0x7a0  nrf_drv_gpiote.o [1]
  .text              ro code  0x0002073c    0xd8  nrf_drv_common.o [1]
  .text              ro code  0x00020814    0x12  isspace.o [3]
  .text              ro code  0x00020826    0x12  isalpha.o [3]
  .text              ro code  0x00020838    0xe0  I32DivModFast.o [5]
  .text              ro code  0x00020918    0x40  xlocale_c.o [3]
  .text              ro code  0x00020958    0x18  memchr.o [5]
  .text              ro code  0x00020970    0x80  SEGGER_RTT.o [1]
  .text              ro code  0x000209f0     0x2  IntDivZer.o [5]
  .text              ro code  0x000209f2     0x2  iar_startup_nrf51.o [1]
  .text              ro code  0x000209f4    0x10  strcpy.o [5]
  .text              ro code  0x00020a04   0x174  system_nrf51.o [1]
  Initializer bytes  const    0x00020b78    0xd0  <for P2-1> (used: 0x0)
  .text              ro code  0x00020c48    0x40  zero_init3.o [5]
  .text              ro code  0x00020c88     0x2  iar_startup_nrf51.o [1]
  .rodata            const    0x00020c8c    0x34  softdevice_handler.o [1]
  .text              ro code  0x00020cc0    0x30  copy_init3.o [5]
  .text              ro code  0x00020cf0    0x2c  iar_startup_nrf51.o [1]
  .rodata            const    0x00020d1c    0x28  softdevice_handler.o [1]
  .text              ro code  0x00020d44    0x28  data_init.o [5]
  .iar.init_table    const    0x00020d6c    0x24  - Linker created -
  .rodata            const    0x00020d90    0x20  main.o [1]
  .rodata            const    0x00020db0    0x20  app_uart_fifo.o [1]
  .text              ro code  0x00020dd0    0x1a  cmain.o [5]
  .text              ro code  0x00020dea     0x4  low_level_init.o [3]
  .text              ro code  0x00020dee     0x8  exit.o [3]
  .text              ro code  0x00020df6     0x2  iar_startup_nrf51.o [1]
  .text              ro code  0x00020df8     0xa  cexit.o [5]
  .text              ro code  0x00020e02     0x2  iar_startup_nrf51.o [1]
  .text              ro code  0x00020e04     0xc  XXexit.o [5]
  .rodata            const    0x00020e10    0x18  main.o [1]
  .rodata            const    0x00020e28    0x18  app_error_weak.o [1]
  .rodata            const    0x00020e40    0x14  main.o [1]
  .rodata            const    0x00020e54     0xc  main.o [1]
  .rodata            const    0x00020e60     0xc  nrf_log_frontend.o [1]
  .rodata            const    0x00020e6c     0xc  SEGGER_RTT.o [1]
  .text              ro code  0x00020e78     0xc  cstartup_M.o [5]
  .rodata            const    0x00020e84     0x8  SEGGER_RTT.o [1]
  .rodata            const    0x00020e8c     0x6  xlocale_c.o [3]
  .text              ro code  0x00020e92     0x2  iar_startup_nrf51.o [1]
  .rodata            const    0x00020e94     0x4  main.o [1]
  .rodata            const    0x00020e98     0x4  main.o [1]
  .rodata            const    0x00020e9c     0x4  main.o [1]
  .rodata            const    0x00020ea0     0x4  main.o [1]
  .rodata            const    0x00020ea4     0x4  nrf_drv_gpiote.o [1]
  .rodata            const    0x00020ea8     0x4  app_button.o [1]
  .rodata            const    0x00020eac     0x4  app_button.o [1]
  .rodata            const    0x00020eb0     0x4  nrf_log_frontend.o [1]
  .rodata            const    0x00020eb4     0x4  nrf_log_frontend.o [1]
  .rodata            const    0x00020eb8     0x4  nrf_log_frontend.o [1]
  .text              ro code  0x00020ebc     0x2  iar_startup_nrf51.o [1]
  .text              ro code  0x00020ebe     0x2  iar_startup_nrf51.o [1]
  .text              ro code  0x00020ec0     0x2  iar_startup_nrf51.o [1]
  .text              ro code  0x00020ec2     0x2  iar_startup_nrf51.o [1]
  .text              ro code  0x00020ec4     0x2  iar_startup_nrf51.o [1]
  .text              ro code  0x00020ec6     0x2  iar_startup_nrf51.o [1]
  .text              ro code  0x00020ec8     0x2  iar_startup_nrf51.o [1]
  .text              ro code  0x00020eca     0x2  iar_startup_nrf51.o [1]
  .text              ro code  0x00020ecc     0x2  iar_startup_nrf51.o [1]
  .text              ro code  0x00020ece     0x2  iar_startup_nrf51.o [1]
  .text              ro code  0x00020ed0     0x2  iar_startup_nrf51.o [1]
  .rodata            const    0x00020ed2     0x0  zero_init3.o [5]
  .rodata            const    0x00020ed2     0x0  copy_init3.o [5]
                            - 0x00020ed2  0x5e12

"P2", part 1 of 3:                          0xd0
  P2-1                        0x20001870    0xce  <Init block>
    .data            inited   0x20001870     0x8  main.o [1]
    .data            inited   0x20001878     0x4  main.o [1]
    .data            inited   0x2000187c     0x4  main.o [1]
    .data            inited   0x20001880    0x10  main.o [1]
    .data            inited   0x20001890     0x4  system_nrf51.o [1]
    .data            inited   0x20001894     0x8  app_uart_fifo.o [1]
    .data            inited   0x2000189c     0x4  nrf_log_frontend.o [1]
    .data            inited   0x200018a0     0x4  gpsprotocol.o [1]
    .data            inited   0x200018a4     0x4  sx1278.o [1]
    .data            inited   0x200018a8    0x10  sx1278.o [1]
    .data            inited   0x200018b8    0x38  xlocale_c.o [3]
    .data            inited   0x200018f0    0x48  xlocale_c.o [3]
    .data            inited   0x20001938     0x1  main.o [1]
    .data            inited   0x20001939     0x1  main.o [1]
    .data            inited   0x2000193a     0x1  sx1278.o [1]
    .data            inited   0x2000193b     0x1  sx1278.o [1]
    .data            inited   0x2000193c     0x1  sx1278.o [1]
    .data            inited   0x2000193d     0x1  sx1278.o [1]
                            - 0x2000193e    0xce

"P2", part 2 of 3:                         0xf44
  .bss               zero     0x20001940   0x418  nrf_log_frontend.o [1]
  .bss               zero     0x20001d58   0x200  SEGGER_RTT.o [1]
  .bss               zero     0x20001f58   0x100  main.o [1]
  .bss               zero     0x20002058   0x100  main.o [1]
  .bss               zero     0x20002158   0x100  main.o [1]
  .bss               zero     0x20002258   0x100  main.o [1]
  .bss               zero     0x20002358   0x100  gpsprotocol.o [1]
  .bss               zero     0x20002458   0x100  sx1278.o [1]
  .bss               zero     0x20002558    0x78  main.o [1]
  .bss               zero     0x200025d0    0x78  SEGGER_RTT.o [1]
  .bss               zero     0x20002648    0x48  main.o [1]
  .bss               zero     0x20002690    0x48  nrf_drv_gpiote.o [1]
  .bss               zero     0x200026d8    0x20  main.o [1]
  .bss               zero     0x200026f8    0x20  main.o [1]
  .bss               zero     0x20002718    0x20  main.o [1]
  .bss               zero     0x20002738    0x20  app_button.o [1]
  .bss               zero     0x20002758    0x1c  nrf_drv_uart.o [1]
  .bss               zero     0x20002774    0x18  main.o [1]
  .bss               zero     0x2000278c    0x18  main.o [1]
  .bss               zero     0x200027a4    0x14  nrf_drv_adc.o [1]
  .bss               zero     0x200027b8    0x14  nrf_drv_clock.o [1]
  .bss               zero     0x200027cc    0x10  app_uart_fifo.o [1]
  .bss               zero     0x200027dc    0x10  app_uart_fifo.o [1]
  .bss               zero     0x200027ec    0x10  SEGGER_RTT.o [1]
  .bss               zero     0x200027fc     0x4  main.o [1]
  .bss               zero     0x20002800     0x8  main.o [1]
  .bss               zero     0x20002808     0x8  app_timer.o [1]
  .bss               zero     0x20002810     0x8  app_timer.o [1]
  .bss               zero     0x20002818     0x8  app_util_platform.o [1]
  .bss               zero     0x20002820     0x4  nrf_drv_wdt.o [1]
  .bss               zero     0x20002824     0x4  app_button.o [1]
  .bss               zero     0x20002828     0x4  app_button.o [1]
  .bss               zero     0x2000282c     0x4  app_button.o [1]
  .bss               zero     0x20002830     0x4  app_button.o [1]
  .bss               zero     0x20002834     0x4  app_gpiote.o [1]
  .bss               zero     0x20002838     0x4  app_gpiote.o [1]
  .bss               zero     0x2000283c     0x4  app_timer.o [1]
  .bss               zero     0x20002840     0x4  app_timer.o [1]
  .bss               zero     0x20002844     0x4  app_timer.o [1]
  .bss               zero     0x20002848     0x4  app_uart_fifo.o [1]
  .bss               zero     0x2000284c     0x4  softdevice_handler.o [1]
  .bss               zero     0x20002850     0x4  softdevice_handler.o [1]
  .bss               zero     0x20002854     0x4  softdevice_handler.o [1]
  .bss               zero     0x20002858     0x4  softdevice_handler.o [1]
  .bss               zero     0x2000285c     0x2  main.o [1]
  .bss               zero     0x2000285e     0x2  softdevice_handler.o [1]
  .bss               zero     0x20002860     0x1  main.o [1]
  .bss               zero     0x20002861     0x1  main.o [1]
  .bss               zero     0x20002862     0x1  main.o [1]
  .bss               zero     0x20002863     0x1  main.o [1]
  .bss               zero     0x20002864     0x1  main.o [1]
  .bss               zero     0x20002865     0x1  main.o [1]
  .bss               zero     0x20002866     0x1  main.o [1]
  .bss               zero     0x20002867     0x1  main.o [1]
  .bss               zero     0x20002868     0x1  main.o [1]
  .bss               zero     0x20002869     0x1  main.o [1]
  .bss               zero     0x2000286a     0x1  main.o [1]
  .bss               zero     0x2000286b     0x1  main.o [1]
  .bss               zero     0x2000286c     0x1  main.o [1]
  .bss               zero     0x2000286d     0x1  app_button.o [1]
  .bss               zero     0x2000286e     0x1  app_gpiote.o [1]
  .bss               zero     0x2000286f     0x1  app_gpiote.o [1]
  .bss               zero     0x20002870     0x1  app_timer.o [1]
  .bss               zero     0x20002871     0x1  app_timer.o [1]
  .bss               zero     0x20002872     0x1  app_timer.o [1]
  .bss               zero     0x20002873     0x1  app_timer.o [1]
  .bss               zero     0x20002874     0x1  app_uart_fifo.o [1]
  .bss               zero     0x20002875     0x1  app_uart_fifo.o [1]
  .bss               zero     0x20002876     0x1  app_uart_fifo.o [1]
  .bss               zero     0x20002877     0x1  nrf_log_backend_serial.o [1]
  .bss               zero     0x20002878     0x1  nrf_log_backend_serial.o [1]
  .bss               zero     0x20002879     0x1  softdevice_handler.o [1]
  .bss               zero     0x2000287a     0x1  softdevice_handler.o [1]
  .bss               zero     0x2000287b     0x1  gpsprotocol.o [1]
  .bss               zero     0x2000287c     0x1  sx1278.o [1]
  .bss               zero     0x2000287d     0x1  sx1278.o [1]
  .bss               zero     0x2000287e     0x1  sx1278.o [1]
  .bss               zero     0x2000287f     0x1  sx1278.o [1]
  .bss               zero     0x20002880     0x1  sx1278.o [1]
  .bss               zero     0x20002881     0x1  sx1278.o [1]
  .bss               zero     0x20002882     0x1  sx1278.o [1]
  .bss               zero     0x20002883     0x1  sx1278.o [1]
                            - 0x20002884   0xf44

"P2", part 3 of 3:                         0x800
  CSTACK                      0x20002888   0x800  <Block>
    CSTACK           uninit   0x20002888   0x800  <Block tail>
                            - 0x20003088   0x800


*******************************************************************************
*** INIT TABLE
***

          Address     Size
          -------     ----
Zero (__iar_zero_init3)
    1 destination range, total size 0xf44:
          0x20001940  0xf44

Copy (__iar_copy_init3)
    1 source range, total size 0xd0 (100% of destination):
          0x00020b78   0xd0
    1 destination range, total size 0xce:
          0x20001870   0xce



*******************************************************************************
*** MODULE SUMMARY
***

    Module                    ro code  ro data  rw data
    ------                    -------  -------  -------
E:\personnelpositioning\core\personnelpositioning-20180823\examples\ble_peripheral\ble_app_beacon\pca10028\s130\iar\_build: [1]
    SEGGER_RTT.o                  128       20      648
    app_button.o                  456        8       49
    app_error.o                    32
    app_error_weak.o               68       24
    app_fifo.o                    196
    app_gpiote.o                  148                10
    app_timer.o                 2 280                32
    app_uart_fifo.o               484       40       47
    app_util_platform.o           170                 8
    ble_advdata.o               1 922
    gpsprotocol.o                 308        4      261
    iar_startup_nrf51.o           280
    led.o                         340
    main.o                      3 400      138    1 421
    nrf_drv_adc.o                 476                20
    nrf_drv_clock.o               404                20
    nrf_drv_common.o              216
    nrf_drv_gpiote.o            1 952        4       72
    nrf_drv_uart.o              1 820                28
    nrf_drv_wdt.o                 110                 4
    nrf_log_backend_serial.o       56                 2
    nrf_log_frontend.o            968       28    1 052
    softdevice_handler.o          896      160       20
    sx1278.o                    1 784       24      288
    system_nrf51.o                372        4        4
    ---------------------------------------------------
    Total:                     19 266      454    3 986

command line: [2]
    ---------------------------------------------------
    Total:

dl6M_tlf.a: [3]
    exit.o                          8
    iar_Stoflt.o                  480
    iar_Stopfx.o                  280
    iar_Stoxflt.o                 576
    isalpha.o                      18
    isspace.o                      18
    low_level_init.o                4
    xlocale_c.o                    64      134      128
    ---------------------------------------------------
    Total:                      1 448      134      128

m6M_tl.a: [4]
    DblAddSub.o                   424
    DblDiv.o                      194
    DblMul.o                      388
    IxxToDbl.o                     52
    strto64.o                   1 062
    ---------------------------------------------------
    Total:                      2 120

rt6M_tl.a: [5]
    ABImemcpy.o                    92
    ABImemset.o                    84
    I32DivModFast.o               224
    I64DivMod.o                   106
    I64DivZer.o                     2
    I64Mul.o                       50
    IntDivZer.o                     2
    XXexit.o                       12
    cexit.o                        10
    cmain.o                        26
    copy_init3.o                   48
    cstartup_M.o                   12
    data_init.o                    40
    memchr.o                       24
    strcpy.o                       16
    zero_init3.o                   64
    ---------------------------------------------------
    Total:                        812

    Gaps                                     2
    Linker created                          38    2 048
-------------------------------------------------------
    Grand Total:               23 646      628    6 162


*******************************************************************************
*** ENTRY LIST
***

Entry                      Address   Size  Type      Object
-----                      -------   ----  ----      ------
.iar.init_table$$Base   0x00020d6c          --   Gb  - Linker created -
.iar.init_table$$Limit  0x00020d90          --   Gb  - Linker created -
?main                   0x00020dd1         Code  Gb  cmain.o [5]
ADC_IRQHandler          0x0001df41   0x6c  Code  Gb  nrf_drv_adc.o [1]
Bw_Frequency            0x2000193c    0x1  Data  Gb  sx1278.o [1]
CRC_Value               0x20002880    0x1  Data  Gb  sx1278.o [1]
CSTACK$$Base            0x20002888          --   Gb  - Linker created -
CSTACK$$Limit           0x20003088          --   Gb  - Linker created -
CodingRate              0x2000193b    0x1  Data  Gb  sx1278.o [1]
Delay1s                 0x0001e197   0x1a  Code  Gb  sx1278.o [1]
Dtentox                 0x0001cc7d  0x17a  Code  Lc  strto64.o [4]
Frequency               0x200018a4    0x4  Data  Gb  sx1278.o [1]
GPIOTE_IRQHandler       0x000204d5  0x262  Code  Gb  nrf_drv_gpiote.o [1]
Getcheck                0x0001e919   0x1e  Code  Gb  gpsprotocol.o [1]
MakeUpCommand           0x0001e937  0x104  Code  Gb  gpsprotocol.o [1]
MyGpsId                 0x20001870    0x8  Data  Gb  main.o [1]
NVIC_ClearPendingIRQ    0x0002074b    0xe  Code  Lc  nrf_drv_common.o [1]
NVIC_ClearPendingIRQ    0x0001d057    0xe  Code  Lc  app_timer.o [1]
NVIC_DisableIRQ         0x0001d03b    0xe  Code  Lc  app_timer.o [1]
NVIC_DisableIRQ         0x0001c60f    0xe  Code  Lc  softdevice_handler.o [1]
NVIC_EnableIRQ          0x0002073d    0xe  Code  Lc  nrf_drv_common.o [1]
NVIC_EnableIRQ          0x0001d02d    0xe  Code  Lc  app_timer.o [1]
NVIC_EnableIRQ          0x0001c601    0xe  Code  Lc  softdevice_handler.o [1]
NVIC_GetPriority        0x0001c61d   0x4a  Code  Lc  softdevice_handler.o [1]
NVIC_SetPendingIRQ      0x0001d049    0xe  Code  Lc  app_timer.o [1]
NVIC_SetPriority        0x00020759   0x84  Code  Lc  nrf_drv_common.o [1]
NVIC_SetPriority        0x0001d065   0x84  Code  Lc  app_timer.o [1]
NVIC_SystemReset        0x0001b0c1   0x14  Code  Lc  main.o [1]
NVIC_SystemReset        0x0001eba1   0x1c  Code  Lc  app_error_weak.o [1]
POWER_CLOCK_IRQHandler  0x0001ecd9   0x50  Code  Gb  nrf_drv_clock.o [1]
RF_EX0_STATUS           0x2000287f    0x1  Data  Gb  sx1278.o [1]
RF_SPI_MasterIO         0x0001e1b1   0x32  Code  Gb  sx1278.o [1]
RF_SPI_READ_BYTE        0x0001e1e3   0x34  Code  Gb  sx1278.o [1]
RTC1_IRQHandler         0x0001d773   0x2c  Code  Gb  app_timer.o [1]
Region$$Table$$Base     0x00020d6c          --   Gb  - Linker created -
Region$$Table$$Limit    0x00020d90          --   Gb  - Linker created -
SEGGER_RTT_Init         0x000209dd   0x10  Code  Gb  SEGGER_RTT.o [1]
SN                      0x200018a0    0x4  Data  Gb  gpsprotocol.o [1]
SWI0_IRQHandler         0x0001d7a9    0x8  Code  Gb  app_timer.o [1]
SWI2_IRQHandler         0x0001c86d   0x26  Code  Gb  softdevice_handler.o [1]
SX1276LORA_INT          0x0001e4c7   0x6c  Code  Gb  sx1278.o [1]
SX1276LoRaFsk           0x0001e321   0x1c  Code  Gb  sx1278.o [1]
SX1276LoRaSetErrorCoding
                        0x0001e2c9   0x1e  Code  Gb  sx1278.o [1]
SX1276LoRaSetImplicitHeaderOn
                        0x0001e35b   0x1c  Code  Gb  sx1278.o [1]
SX1276LoRaSetMobileNode
                        0x0001e3d1   0x1e  Code  Gb  sx1278.o [1]
SX1276LoRaSetNbTrigPeaks
                        0x0001e67d   0x1c  Code  Gb  sx1278.o [1]
SX1276LoRaSetOpMode     0x0001e305   0x1c  Code  Gb  sx1278.o [1]
SX1276LoRaSetPacketCrcOn
                        0x0001e2e7   0x1e  Code  Gb  sx1278.o [1]
SX1276LoRaSetPayloadLength
                        0x0001e377   0x10  Code  Gb  sx1278.o [1]
SX1276LoRaSetRFFrequency
                        0x0001e261   0x22  Code  Gb  sx1278.o [1]
SX1276LoRaSetRFPower    0x0001e283   0x1a  Code  Gb  sx1278.o [1]
SX1276LoRaSetSignalBandwidth
                        0x0001e33d   0x1e  Code  Gb  sx1278.o [1]
SX1276LoRaSetSpreadingFactor
                        0x0001e2a5   0x24  Code  Gb  sx1278.o [1]
SX1276LoRaSetSymbTimeout
                        0x0001e387   0x4a  Code  Gb  sx1278.o [1]
SX1276ReadBuffer        0x0001e217   0x24  Code  Gb  sx1278.o [1]
SX1276Reset             0x0001e175   0x22  Code  Gb  sx1278.o [1]
SX1276WriteBuffer       0x0001e23b   0x26  Code  Gb  sx1278.o [1]
SX1278_Interrupt        0x0001e55b   0xea  Code  Gb  sx1278.o [1]
SX1278_RLEN             0x20002881    0x1  Data  Gb  sx1278.o [1]
SpreadingFactor         0x2000193a    0x1  Data  Gb  sx1278.o [1]
Sx1276Receive           0x0001e46f   0x30  Code  Gb  sx1278.o [1]
Sx1276SendPacket        0x0001e3ef   0x80  Code  Gb  sx1278.o [1]
Sx1276Sleep             0x0001e49f   0x28  Code  Gb  sx1278.o [1]
Sx1278_CurrentRSSI      0x2000287e    0x1  Data  Gb  sx1278.o [1]
Sx1278_LatestRSSI       0x2000287d    0x1  Data  Gb  sx1278.o [1]
Sx1278_snr              0x2000287c    0x1  Data  Gb  sx1278.o [1]
SxSend                  0x0001e0af   0x96  Code  Gb  sx1278.o [1]
SystemCoreClock         0x20001890    0x4  Data  Gb  system_nrf51.o [1]
SystemInit              0x00020a05   0x4c  Code  Gb  system_nrf51.o [1]
TimeHour                0x20001939    0x1  Data  Gb  main.o [1]
TimeMinute              0x20001938    0x1  Data  Gb  main.o [1]
TimeSeconds             0x20002862    0x1  Data  Gb  main.o [1]
UART0_IRQHandler        0x0001f543    0xc  Code  Gb  nrf_drv_uart.o [1]
WDT_IRQHandler          0x0001dda7   0x1c  Code  Gb  nrf_drv_wdt.o [1]
_DoInit                 0x00020971   0x54  Code  Lc  SEGGER_RTT.o [1]
_LocaleC_isalpha        0x0002091f    0xc  Code  Gb  xlocale_c.o [3]
_LocaleC_islower        0x00020919    0x4  Code  Gb  xlocale_c.o [3]
_LocaleC_isspace        0x00020935   0x14  Code  Gb  xlocale_c.o [3]
_LocaleC_isupper        0x0002091d    0x2  Code  Gb  xlocale_c.o [3]
_Locale_lconv           0x200018b8   0x38  Data  Lc  xlocale_c.o [3]
_SEGGER_RTT             0x200025d0   0x78  Data  Gb  SEGGER_RTT.o [1]
__ICFEDIT_region_RAM_end__ {Abs}
                        0x20007fff         Data  Gb  command line/config [2]
__ICFEDIT_region_RAM_start__ {Abs}
                        0x20001870         Data  Gb  command line/config [2]
__Vectors               0x0001b000          --   Gb  iar_startup_nrf51.o [1]
__Vectors_End           0x0001b0c0         Data  Gb  iar_startup_nrf51.o [1]
__Vectors_Size {Abs}    0x000000c0          --   Gb  iar_startup_nrf51.o [1]
__aeabi_dadd            0x0001facd         Code  Gb  DblAddSub.o [4]
__aeabi_ddiv            0x0001f6dd         Code  Gb  DblDiv.o [4]
__aeabi_dmul            0x0001f559         Code  Gb  DblMul.o [4]
__aeabi_i2d             0x0001fab9         Code  Gb  IxxToDbl.o [4]
__aeabi_idiv            0x00020865         Code  Gb  I32DivModFast.o [5]
__aeabi_idiv0           0x000209f1         Code  Gb  IntDivZer.o [5]
__aeabi_idivmod         0x00020865         Code  Gb  I32DivModFast.o [5]
__aeabi_ldiv0           0x0001ff99         Code  Gb  I64DivZer.o [5]
__aeabi_lmul            0x0001dcdd         Code  Gb  I64Mul.o [5]
__aeabi_memclr4         0x0001be79         Code  Gb  ABImemset.o [5]
__aeabi_memclr8         0x0001be79         Code  Gb  ABImemset.o [5]
__aeabi_memcpy          0x0001cfd1         Code  Gb  ABImemcpy.o [5]
__aeabi_memcpy4         0x0001cff9         Code  Wk  ABImemcpy.o [5]
__aeabi_memset          0x0001be29         Code  Gb  ABImemset.o [5]
__aeabi_ui2d            0x0001fa99         Code  Gb  IxxToDbl.o [4]
__aeabi_uidiv           0x0002086b         Code  Gb  I32DivModFast.o [5]
__aeabi_uidivmod        0x0002086b         Code  Gb  I32DivModFast.o [5]
__aeabi_uldivmod        0x0001dd0f         Code  Gb  I64DivMod.o [5]
__cmain                 0x00020dd1         Code  Gb  cmain.o [5]
__exit                  0x00020e05         Code  Gb  XXexit.o [5]
__iar_Memset4_word      0x0001be49         Code  Gb  ABImemset.o [5]
__iar_Memset_word       0x0001be35         Code  Gb  ABImemset.o [5]
__iar_Sto64             0x0001ce59  0x144  Code  Gb  strto64.o [4]
__iar_Stoflt            0x0001f8b9  0x1e0  Code  Gb  iar_Stoflt.o [3]
__iar_Stopfx            0x0001f79f  0x118  Code  Gb  iar_Stopfx.o [3]
__iar_Stoxflt           0x0001fc75  0x20c  Code  Gb  iar_Stoxflt.o [3]
__iar_Stoxflt::digits   0x0001fe84   0x18  Data  Lc  iar_Stoxflt.o [3]
__iar_Stoxflt::vals     0x0001fe9c   0x18  Data  Lc  iar_Stoxflt.o [3]
__iar_copy_init3        0x00020cc1   0x30  Code  Gb  copy_init3.o [5]
__iar_data_init3        0x00020d45   0x28  Code  Gb  data_init.o [5]
__iar_globLocale        0x200018f0   0x48  Data  Lc  xlocale_c.o [3]
__iar_global_Locale     0x00020949    0x4  Code  Gb  xlocale_c.o [3]
__iar_program_start     0x00020e79         Code  Gb  cstartup_M.o [5]
__iar_systems$$module {Abs}
                        0x00000001         Data  Gb  command line/config [2]
__iar_zero_init3        0x00020c49   0x40  Code  Gb  zero_init3.o [5]
__low_level_init        0x00020deb    0x4  Code  Gb  low_level_init.o [3]
__sd_nvic_app_accessible_irq
                        0x0001c677   0x1a  Code  Lc  softdevice_handler.o [1]
__sd_nvic_irq_disable   0x0001feb5    0x8  Code  Lc  app_util_platform.o [1]
__sd_nvic_irq_enable    0x0001febd    0x4  Code  Lc  app_util_platform.o [1]
__sd_nvic_is_app_accessible_priority
                        0x0001c691   0x1c  Code  Lc  softdevice_handler.o [1]
__vector_table          0x0001b000         Data  Gb  iar_startup_nrf51.o [1]
_acDownBuffer           0x200027ec   0x10  Data  Lc  SEGGER_RTT.o [1]
_acUpBuffer             0x20001d58  0x200  Data  Lc  SEGGER_RTT.o [1]
_call_main              0x00020ddd         Code  Gb  cmain.o [5]
_exit                   0x00020df9         Code  Gb  cexit.o [5]
_main                   0x00020de7         Code  Gb  cmain.o [5]
adc_sample_process      0x0001de4b   0x7c  Code  Lc  nrf_drv_adc.o [1]
adc_start               0x0001bb55   0x1c  Code  Gb  main.o [1]
adc_timeout_handler     0x0001bb71    0xa  Code  Lc  main.o [1]
adc_value               0x2000285c    0x2  Data  Gb  main.o [1]
adv_data_encode         0x0001c3c9  0x180  Code  Gb  ble_advdata.o [1]
advdata_check           0x0001c549   0x12  Code  Lc  ble_advdata.o [1]
advertising_init        0x0001b249   0x7c  Code  Gb  main.o [1]
advertising_start       0x0001b2c5   0x2a  Code  Gb  main.o [1]
app_button_enable       0x0001e8cf   0x24  Code  Gb  app_button.o [1]
app_button_init         0x0001e849   0x86  Code  Gb  app_button.o [1]
app_error_fault_handler
                        0x0001ebbd   0x28  Code  Wk  app_error_weak.o [1]
app_error_handler_bare  0x0001be09   0x1c  Code  Gb  app_error.o [1]
app_fifo_get            0x0001ee1d   0x20  Code  Gb  app_fifo.o [1]
app_fifo_init           0x0001edc5   0x34  Code  Gb  app_fifo.o [1]
app_fifo_put            0x0001edf9   0x24  Code  Gb  app_fifo.o [1]
app_gpiote_init         0x0001e6cd   0x72  Code  Gb  app_gpiote.o [1]
app_timer_create        0x0001d829   0x3c  Code  Gb  app_timer.o [1]
app_timer_init          0x0001d7b1   0x74  Code  Gb  app_timer.o [1]
app_timer_start         0x0001d869   0x4e  Code  Gb  app_timer.o [1]
app_timer_stop          0x0001d8b7   0x2e  Code  Gb  app_timer.o [1]
app_uart_get            0x0001cb03   0x3c  Code  Gb  app_uart_fifo.o [1]
app_uart_init           0x0001ca3f   0xc4  Code  Gb  app_uart_fifo.o [1]
app_uart_inst           0x20001894    0x8  Data  Lc  app_uart_fifo.o [1]
app_util_critical_region_enter
                        0x0001ff45    0xc  Code  Gb  app_util_platform.o [1]
app_util_critical_region_exit
                        0x0001ff51    0xe  Code  Gb  app_util_platform.o [1]
appearance_encode       0x0001bfd7   0x54  Code  Lc  ble_advdata.o [1]
apply_config            0x0001ef8f   0x84  Code  Lc  nrf_drv_uart.o [1]
atof                    0x0001cfc1    0xe  Code  Gb  strto64.o [4]
ble_advdata_set         0x0001c56d   0x92  Code  Gb  ble_advdata.o [1]
ble_device_addr_encode  0x0001be8f   0x7e  Code  Lc  ble_advdata.o [1]
ble_stack_init          0x0001b2ef   0x54  Code  Gb  main.o [1]
ble_stack_init{2}{3}::BLE_EVT_BUFFER
                        0x20002648   0x48  Data  Lc  main.o [1]
blueled_work            0x0001eb35   0x4c  Code  Gb  led.o [1]
buf_prealloc            0x0001d91f   0xa4  Code  Lc  nrf_log_frontend.o [1]
buffer_is_empty         0x0001dab1   0x18  Code  Gb  nrf_log_frontend.o [1]
button_count            0x20002869    0x1  Data  Gb  main.o [1]
button_handler          0x0001bbdd   0x3a  Code  Gb  main.o [1]
button_init             0x0001bc21   0x44  Code  Gb  main.o [1]
button_init::p_button   0x20001880   0x10  Data  Lc  main.o [1]
button_init{1}{2}::app_gpiote_buf
                        0x2000278c   0x18  Data  Lc  main.o [1]
byte_count              0x20002865    0x1  Data  Gb  main.o [1]
channel_free            0x000202e9   0x26  Code  Lc  nrf_drv_gpiote.o [1]
channel_handler_get     0x00020287    0xa  Code  Lc  nrf_drv_gpiote.o [1]
channel_port_alloc      0x00020293   0x56  Code  Lc  nrf_drv_gpiote.o [1]
channel_port_get        0x0002027d    0xa  Code  Lc  nrf_drv_gpiote.o [1]
clock_clk_started_notify
                        0x0001ecad   0x28  Code  Lc  nrf_drv_clock.o [1]
compare_reg_update      0x0001d5a1   0x8a  Code  Lc  app_timer.o [1]
conn_int_check          0x0001c1c9   0x58  Code  Lc  ble_advdata.o [1]
conn_int_encode         0x0001c229   0x68  Code  Lc  ble_advdata.o [1]
d_hdop                  0x20002800    0x8  Data  Gb  main.o [1]
ddiv                    0x0001cc0d   0x64  Code  Lc  strto64.o [4]
detection_delay_timeout_handler
                        0x0001e751   0x8e  Code  Lc  app_button.o [1]
dmul                    0x0001cba9   0x64  Code  Lc  strto64.o [4]
elapsed_ticks_acquire   0x0001d34d   0x5a  Code  Lc  app_timer.o [1]
exit                    0x00020def    0x8  Code  Gb  exit.o [3]
expired_timers_handler  0x0001d451   0x50  Code  Lc  app_timer.o [1]
fifo_get                0x0001edad   0x18  Code  Lc  app_fifo.o [1]
fifo_length             0x0001ed79    0x8  Code  Lc  app_fifo.o [1]
fifo_length             0x0001c981    0x8  Code  Lc  app_uart_fifo.o [1]
fifo_peek               0x0001ed97   0x16  Code  Lc  app_fifo.o [1]
fifo_put                0x0001ed81   0x16  Code  Lc  app_fifo.o [1]
flags_encode            0x0001c02b   0x38  Code  Lc  ble_advdata.o [1]
gap_params_init         0x0001b219   0x30  Code  Gb  main.o [1]
getSX1276CurrentRSSI    0x0001e6b1    0xc  Code  Gb  sx1278.o [1]
getSX1276LatestRSSI     0x0001e6a5    0xc  Code  Gb  sx1278.o [1]
getSX1276PacketSnr      0x0001e699    0xc  Code  Gb  sx1278.o [1]
gpiote_event_handler    0x0001e7df   0x6a  Code  Lc  app_button.o [1]
gps_close               0x0001ba21   0x16  Code  Gb  main.o [1]
gps_finish_flag         0x20002860    0x1  Data  Gb  main.o [1]
gps_open                0x0001ba37   0x28  Code  Gb  main.o [1]
gps_sta                 0x2000286b    0x1  Data  Gb  main.o [1]
gps_str                 0x20001f58  0x100  Data  Gb  main.o [1]
gps_str_gsa             0x20002058  0x100  Data  Gb  main.o [1]
gps_str_gsa_ptr         0x20002867    0x1  Data  Gb  main.o [1]
gps_str_ptr             0x20002861    0x1  Data  Gb  main.o [1]
gpstimeout              0x20001878    0x4  Data  Gb  main.o [1]
intern_softdevice_events_execute
                        0x0001c73b   0xa8  Code  Gb  softdevice_handler.o [1]
interrupts_enable       0x0001f013   0x34  Code  Lc  nrf_drv_uart.o [1]
is_disabled_in_debug_needed
                        0x00020ac1   0x38  Code  Lc  system_nrf51.o [1]
is_manual_peripheral_setup_needed
                        0x00020a51   0x70  Code  Lc  system_nrf51.o [1]
is_peripheral_domain_setup_needed
                        0x00020af9   0x54  Code  Lc  system_nrf51.o [1]
is_word_aligned         0x0001e6bd   0x10  Code  Lc  app_gpiote.o [1]
is_word_aligned         0x0001d0e9   0x10  Code  Lc  app_timer.o [1]
is_word_aligned         0x0001c667   0x10  Code  Lc  softdevice_handler.o [1]
isalpha                 0x00020827   0x12  Code  Gb  isalpha.o [3]
isspace                 0x00020815   0x12  Code  Gb  isspace.o [3]
item_dequeue            0x0001ec91   0x10  Code  Lc  nrf_drv_clock.o [1]
list_deletions_handler  0x0001d3c5   0x76  Code  Lc  app_timer.o [1]
list_insertions_handler
                        0x0001d4b1   0xe4  Code  Lc  app_timer.o [1]
localeconv              0x0002094d    0x4  Code  Gb  xlocale_c.o [3]
location_timeout_handler
                        0x0001ba7f   0x1e  Code  Lc  main.o [1]
location_timers_start   0x0001ba9d   0x4a  Code  Gb  main.o [1]
location_timers_stop    0x0001ba65   0x1a  Code  Gb  main.o [1]
locationcard_event      0x2000286a    0x1  Data  Gb  main.o [1]
lock                    0x20002866    0x1  Data  Gb  main.o [1]
lora_close              0x0001b1f9   0x10  Code  Gb  main.o [1]
lora_open               0x0001b209   0x10  Code  Gb  main.o [1]
m_adc_timer_id          0x00020e9c    0x4  Data  Lc  main.o [1]
m_adc_timer_id_data     0x20002718   0x20  Data  Lc  main.o [1]
m_adv_params            0x20002774   0x18  Data  Lc  main.o [1]
m_ble_evt_buffer_size   0x2000285e    0x2  Data  Lc  softdevice_handler.o [1]
m_ble_evt_handler       0x20002854    0x4  Data  Lc  softdevice_handler.o [1]
m_blocking_mode         0x20002878    0x1  Data  Lc  nrf_log_backend_serial.o [1]
m_button_count          0x2000286d    0x1  Data  Lc  app_button.o [1]
m_cb                    0x200027a4   0x14  Data  Lc  nrf_drv_adc.o [1]
m_cb                    0x20002690   0x48  Data  Lc  nrf_drv_gpiote.o [1]
m_cb                    0x20002758   0x1c  Data  Lc  nrf_drv_uart.o [1]
m_channel_id            0x20002863    0x1  Data  Gb  main.o [1]
m_clock_cb              0x200027b8   0x14  Data  Lc  nrf_drv_clock.o [1]
m_detection_delay       0x20002828    0x4  Data  Lc  app_button.o [1]
m_detection_delay_timer_id
                        0x00020ea8    0x4  Data  Lc  app_button.o [1]
m_detection_delay_timer_id_data
                        0x20002738   0x20  Data  Lc  app_button.o [1]
m_event_handler         0x20002848    0x4  Data  Lc  app_uart_fifo.o [1]
m_evt_schedule_func     0x20002844    0x4  Data  Lc  app_timer.o [1]
m_evt_schedule_func     0x2000284c    0x4  Data  Lc  softdevice_handler.o [1]
m_initialized           0x20002877    0x1  Data  Lc  nrf_log_backend_serial.o [1]
m_location_timer_id     0x00020e94    0x4  Data  Lc  main.o [1]
m_location_timer_id_data
                        0x200026d8   0x20  Data  Lc  main.o [1]
m_log_data              0x20001940  0x418  Data  Lc  nrf_log_frontend.o [1]
m_op_queue              0x20002808    0x8  Data  Lc  app_timer.o [1]
m_overflow_info         0x2000189c    0x4  Data  Lc  nrf_log_frontend.o [1]
m_pin_state             0x2000282c    0x4  Data  Lc  app_button.o [1]
m_pin_transition        0x20002830    0x4  Data  Lc  app_button.o [1]
m_pins                  0x20002838    0x4  Data  Lc  app_gpiote.o [1]
m_rtc1_reset            0x20002873    0x1  Data  Lc  app_timer.o [1]
m_rtc1_running          0x20002872    0x1  Data  Lc  app_timer.o [1]
m_rtc_timer_id          0x00020e98    0x4  Data  Lc  main.o [1]
m_rtc_timer_id_data     0x200026f8   0x20  Data  Lc  main.o [1]
m_rx_fifo               0x200027cc   0x10  Data  Lc  app_uart_fifo.o [1]
m_rx_ovf                0x20002876    0x1  Data  Lc  app_uart_fifo.o [1]
m_softdevice_enabled    0x20002879    0x1  Data  Lc  softdevice_handler.o [1]
m_suspended             0x2000287a    0x1  Data  Lc  softdevice_handler.o [1]
m_sys_evt_handler       0x20002858    0x4  Data  Lc  softdevice_handler.o [1]
m_ticks_elapsed         0x20002810    0x8  Data  Lc  app_timer.o [1]
m_ticks_elapsed_q_read_ind
                        0x20002870    0x1  Data  Lc  app_timer.o [1]
m_ticks_elapsed_q_write_ind
                        0x20002871    0x1  Data  Lc  app_timer.o [1]
m_ticks_latest          0x20002840    0x4  Data  Lc  app_timer.o [1]
m_tx_fifo               0x200027dc   0x10  Data  Lc  app_uart_fifo.o [1]
m_user_array_size       0x2000286e    0x1  Data  Lc  app_gpiote.o [1]
m_user_count            0x2000286f    0x1  Data  Lc  app_gpiote.o [1]
m_wdt_event_handler     0x20002820    0x4  Data  Lc  nrf_drv_wdt.o [1]
main                    0x0001bcc5  0x106  Code  Gb  main.o [1]
manuf_specific_data_encode
                        0x0001c291   0x8e  Code  Lc  ble_advdata.o [1]
memchr                  0x00020959   0x18  Code  Gb  memchr.o [5]
mp_ble_evt_buffer       0x20002850    0x4  Data  Lc  softdevice_handler.o [1]
mp_buttons              0x20002824    0x4  Data  Lc  app_button.o [1]
mp_timer_id_head        0x2000283c    0x4  Data  Lc  app_timer.o [1]
mp_users                0x20002834    0x4  Data  Lc  app_gpiote.o [1]
mylorainit              0x0001e53d   0x1e  Code  Gb  sx1278.o [1]
name_encode             0x0001bf0d   0xca  Code  Lc  ble_advdata.o [1]
nrf_adc_config_set      0x0001ddf7    0x6  Code  Lc  nrf_drv_adc.o [1]
nrf_adc_disable         0x0001de3b    0x8  Code  Lc  nrf_drv_adc.o [1]
nrf_adc_enable          0x0001de33    0x8  Code  Lc  nrf_drv_adc.o [1]
nrf_adc_event_check     0x0001de07   0x16  Code  Lc  nrf_drv_adc.o [1]
nrf_adc_event_clear     0x0001ddfd    0xa  Code  Lc  nrf_drv_adc.o [1]
nrf_adc_int_disable     0x0001de23    0x6  Code  Lc  nrf_drv_adc.o [1]
nrf_adc_int_enable      0x0001de1d    0x6  Code  Lc  nrf_drv_adc.o [1]
nrf_adc_result_get      0x0001dde9    0x6  Code  Lc  nrf_drv_adc.o [1]
nrf_adc_start           0x0001ddef    0x8  Code  Lc  nrf_drv_adc.o [1]
nrf_adc_task_trigger    0x0001de29    0xa  Code  Lc  nrf_drv_adc.o [1]
nrf_bitmask_bit_is_set  0x000201bd   0x10  Code  Lc  nrf_drv_gpiote.o [1]
nrf_bitmask_bit_set     0x000201cd   0x16  Code  Lc  nrf_drv_gpiote.o [1]
nrf_clock_event_check   0x0001ebf7   0x18  Code  Lc  nrf_drv_clock.o [1]
nrf_clock_event_clear   0x0001ebeb    0xc  Code  Lc  nrf_drv_clock.o [1]
nrf_clock_int_disable   0x0001ebe5    0x6  Code  Lc  nrf_drv_clock.o [1]
nrf_clock_lf_src_set    0x0001ec0f    0xc  Code  Lc  nrf_drv_clock.o [1]
nrf_delay_ms            0x0001b1e9   0x10  Code  Lc  main.o [1]
nrf_delay_ms            0x0001eb25   0x10  Code  Lc  led.o [1]
nrf_delay_us            0x0001b1c1   0x28  Code  Lc  main.o [1]
nrf_delay_us            0x0001d0f9   0x28  Code  Lc  app_timer.o [1]
nrf_delay_us            0x0001eaf1   0x28  Code  Lc  led.o [1]
nrf_drv_adc_buffer_convert
                        0x0001dec7   0x74  Code  Gb  nrf_drv_adc.o [1]
nrf_drv_adc_sample      0x0001de43    0x8  Code  Gb  nrf_drv_adc.o [1]
nrf_drv_clock_init      0x0001ec4b   0x46  Code  Gb  nrf_drv_clock.o [1]
nrf_drv_clock_on_sd_enable
                        0x0001ed39   0x34  Code  Gb  nrf_drv_clock.o [1]
nrf_drv_clock_on_soc_event
                        0x0001ed29   0x10  Code  Gb  nrf_drv_clock.o [1]
nrf_drv_common_irq_enable
                        0x000207f1   0x24  Code  Gb  nrf_drv_common.o [1]
nrf_drv_common_irq_enable_check
                        0x0001ec1b   0x1a  Code  Lc  nrf_drv_clock.o [1]
nrf_drv_common_irq_enable_check
                        0x0001c70d   0x1a  Code  Lc  softdevice_handler.o [1]
nrf_drv_common_power_clock_irq_init
                        0x0001ec35   0x16  Code  Lc  nrf_drv_clock.o [1]
nrf_drv_get_IRQn        0x0001eee5    0x8  Code  Lc  nrf_drv_uart.o [1]
nrf_drv_gpiote_in_event_enable
                        0x00020409   0xb0  Code  Gb  nrf_drv_gpiote.o [1]
nrf_drv_gpiote_in_init  0x00020389   0x7c  Code  Gb  nrf_drv_gpiote.o [1]
nrf_drv_gpiote_in_is_set
                        0x000204bd   0x18  Code  Gb  nrf_drv_gpiote.o [1]
nrf_drv_gpiote_init     0x0002030f   0x58  Code  Gb  nrf_drv_gpiote.o [1]
nrf_drv_gpiote_is_init  0x0002036d   0x14  Code  Gb  nrf_drv_gpiote.o [1]
nrf_drv_uart_init       0x0001f053   0x58  Code  Gb  nrf_drv_uart.o [1]
nrf_drv_uart_rx         0x0001f301   0x74  Code  Gb  nrf_drv_uart.o [1]
nrf_drv_uart_rx_enable  0x0001f375   0x2a  Code  Gb  nrf_drv_uart.o [1]
nrf_drv_uart_rx_for_uart
                        0x0001f22d   0xce  Code  Lc  nrf_drv_uart.o [1]
nrf_drv_uart_tx         0x0001f17d   0x30  Code  Gb  nrf_drv_uart.o [1]
nrf_drv_uart_tx_for_uart
                        0x0001f0e9   0x94  Code  Lc  nrf_drv_uart.o [1]
nrf_drv_uart_tx_in_progress
                        0x0001f1ad   0x1c  Code  Gb  nrf_drv_uart.o [1]
nrf_drv_wdt_channel_feed
                        0x0001ddd9    0xe  Code  Gb  nrf_drv_wdt.o [1]
nrf_gpio_cfg            0x0001b0dd   0x3e  Code  Lc  main.o [1]
nrf_gpio_cfg            0x0002005f   0x3e  Code  Lc  nrf_drv_gpiote.o [1]
nrf_gpio_cfg            0x0001eef5   0x3e  Code  Lc  nrf_drv_uart.o [1]
nrf_gpio_cfg            0x0001ea55   0x3e  Code  Lc  led.o [1]
nrf_gpio_cfg            0x0001dfcd   0x3e  Code  Lc  sx1278.o [1]
nrf_gpio_cfg_input      0x0001b135   0x20  Code  Lc  main.o [1]
nrf_gpio_cfg_input      0x0002009d   0x20  Code  Lc  nrf_drv_gpiote.o [1]
nrf_gpio_cfg_input      0x0001ef4d   0x20  Code  Lc  nrf_drv_uart.o [1]
nrf_gpio_cfg_input      0x0001e025   0x20  Code  Lc  sx1278.o [1]
nrf_gpio_cfg_output     0x0001b11b   0x1a  Code  Lc  main.o [1]
nrf_gpio_cfg_output     0x0001ef33   0x1a  Code  Lc  nrf_drv_uart.o [1]
nrf_gpio_cfg_output     0x0001ea93   0x1a  Code  Lc  led.o [1]
nrf_gpio_cfg_output     0x0001e00b   0x1a  Code  Lc  sx1278.o [1]
nrf_gpio_cfg_sense_set  0x000200e7   0x50  Code  Lc  nrf_drv_gpiote.o [1]
nrf_gpio_cfg_watcher    0x000200bd   0x2a  Code  Lc  nrf_drv_gpiote.o [1]
nrf_gpio_pin_clear      0x0001b16f   0x1a  Code  Lc  main.o [1]
nrf_gpio_pin_clear      0x0001eac7   0x1a  Code  Lc  led.o [1]
nrf_gpio_pin_clear      0x0001e05f   0x1a  Code  Lc  sx1278.o [1]
nrf_gpio_pin_port_decode
                        0x0001b0d5    0x8  Code  Lc  main.o [1]
nrf_gpio_pin_port_decode
                        0x00020057    0x8  Code  Lc  nrf_drv_gpiote.o [1]
nrf_gpio_pin_port_decode
                        0x0001eeed    0x8  Code  Lc  nrf_drv_uart.o [1]
nrf_gpio_pin_port_decode
                        0x0001ea4d    0x8  Code  Lc  led.o [1]
nrf_gpio_pin_port_decode
                        0x0001dfc5    0x8  Code  Lc  sx1278.o [1]
nrf_gpio_pin_read       0x0001b189   0x20  Code  Lc  main.o [1]
nrf_gpio_pin_read       0x0002013d   0x20  Code  Lc  nrf_drv_gpiote.o [1]
nrf_gpio_pin_read       0x0001e079   0x20  Code  Lc  sx1278.o [1]
nrf_gpio_pin_sense_get  0x0002015d   0x1e  Code  Lc  nrf_drv_gpiote.o [1]
nrf_gpio_pin_set        0x0001b155   0x1a  Code  Lc  main.o [1]
nrf_gpio_pin_set        0x0001ef6d   0x1a  Code  Lc  nrf_drv_uart.o [1]
nrf_gpio_pin_set        0x0001eaad   0x1a  Code  Lc  led.o [1]
nrf_gpio_pin_set        0x0001e045   0x1a  Code  Lc  sx1278.o [1]
nrf_gpio_port_in_read   0x0001b1a9    0x8  Code  Lc  main.o [1]
nrf_gpio_port_in_read   0x0002017b    0x8  Code  Lc  nrf_drv_gpiote.o [1]
nrf_gpio_port_in_read   0x0001e099    0x8  Code  Lc  sx1278.o [1]
nrf_gpio_port_out_clear
                        0x0001b1b9    0x6  Code  Lc  main.o [1]
nrf_gpio_port_out_clear
                        0x0001eae9    0x6  Code  Lc  led.o [1]
nrf_gpio_port_out_clear
                        0x0001e0a9    0x6  Code  Lc  sx1278.o [1]
nrf_gpio_port_out_set   0x0001b1b1    0x8  Code  Lc  main.o [1]
nrf_gpio_port_out_set   0x0001ef87    0x8  Code  Lc  nrf_drv_uart.o [1]
nrf_gpio_port_out_set   0x0001eae1    0x8  Code  Lc  led.o [1]
nrf_gpio_port_out_set   0x0001e0a1    0x8  Code  Lc  sx1278.o [1]
nrf_gpio_ports_read     0x00020183   0x2e  Code  Lc  nrf_drv_gpiote.o [1]
nrf_gpiote_event_addr_get
                        0x0001ffcb    0x8  Code  Lc  nrf_drv_gpiote.o [1]
nrf_gpiote_event_clear  0x0001ffb9   0x12  Code  Lc  nrf_drv_gpiote.o [1]
nrf_gpiote_event_configure
                        0x0001fff7   0x40  Code  Lc  nrf_drv_gpiote.o [1]
nrf_gpiote_event_enable
                        0x0001ffe1   0x16  Code  Lc  nrf_drv_gpiote.o [1]
nrf_gpiote_event_is_set
                        0x0001ff9d   0x1c  Code  Lc  nrf_drv_gpiote.o [1]
nrf_gpiote_event_pin_get
                        0x00020037   0x10  Code  Lc  nrf_drv_gpiote.o [1]
nrf_gpiote_event_polarity_get
                        0x00020047   0x10  Code  Lc  nrf_drv_gpiote.o [1]
nrf_gpiote_int_enable   0x0001ffd3    0x6  Code  Lc  nrf_drv_gpiote.o [1]
nrf_gpiote_int_is_enabled
                        0x0001ffd9    0x8  Code  Lc  nrf_drv_gpiote.o [1]
nrf_log_backend_init    0x0001ff61   0x2e  Code  Gb  nrf_log_backend_serial.o [1]
nrf_log_blocking_backend_set
                        0x0001d915    0xa  Code  Gb  nrf_log_frontend.o [1]
nrf_log_frontend_dequeue
                        0x0001dac9  0x1fa  Code  Gb  nrf_log_frontend.o [1]
nrf_log_frontend_std_0  0x0001d9c3   0x62  Code  Gb  nrf_log_frontend.o [1]
nrf_log_frontend_std_1  0x0001da25   0x74  Code  Gb  nrf_log_frontend.o [1]
nrf_nvic_state          0x20002818    0x8  Data  Gb  app_util_platform.o [1]
nrf_uart_baudrate_set   0x0001eedf    0x6  Code  Lc  nrf_drv_uart.o [1]
nrf_uart_configure      0x0001eecd   0x12  Code  Lc  nrf_drv_uart.o [1]
nrf_uart_enable         0x0001ee91    0xa  Code  Lc  nrf_drv_uart.o [1]
nrf_uart_errorsrc_get_and_clear
                        0x0001ee81   0x10  Code  Lc  nrf_drv_uart.o [1]
nrf_uart_event_check    0x0001ee45   0x14  Code  Lc  nrf_drv_uart.o [1]
nrf_uart_event_clear    0x0001ee3d    0x8  Code  Lc  nrf_drv_uart.o [1]
nrf_uart_hwfc_pins_set  0x0001eea5    0xe  Code  Lc  nrf_drv_uart.o [1]
nrf_uart_int_disable    0x0001ee79    0x8  Code  Lc  nrf_drv_uart.o [1]
nrf_uart_int_enable     0x0001ee59    0x8  Code  Lc  nrf_drv_uart.o [1]
nrf_uart_int_enable_check
                        0x0001ee61   0x18  Code  Lc  nrf_drv_uart.o [1]
nrf_uart_rxd_get        0x0001eeb3    0xa  Code  Lc  nrf_drv_uart.o [1]
nrf_uart_task_trigger   0x0001eec5    0x8  Code  Lc  nrf_drv_uart.o [1]
nrf_uart_txd_set        0x0001eebd    0x8  Code  Lc  nrf_drv_uart.o [1]
nrf_uart_txrx_pins_set  0x0001ee9b    0xa  Code  Lc  nrf_drv_uart.o [1]
nrf_wdt_event_clear     0x0001dd79    0xa  Code  Lc  nrf_drv_wdt.o [1]
nrf_wdt_int_enable_check
                        0x0001dd83   0x16  Code  Lc  nrf_drv_wdt.o [1]
nrf_wdt_reload_request_set
                        0x0001dd99    0xe  Code  Lc  nrf_drv_wdt.o [1]
pdop                    0x200027fc    0x4  Data  Gb  main.o [1]
pin_in_use_by_gpiote    0x0002022f   0x18  Code  Lc  nrf_drv_gpiote.o [1]
pin_in_use_by_port      0x00020217   0x18  Code  Lc  nrf_drv_gpiote.o [1]
pin_in_use_by_te        0x000201e9   0x2e  Code  Lc  nrf_drv_gpiote.o [1]
pin_in_use_by_te_set    0x00020249   0x26  Code  Lc  nrf_drv_gpiote.o [1]
pin_in_use_clear        0x0002026f    0xe  Code  Lc  nrf_drv_gpiote.o [1]
powerValue              0x2000193d    0x1  Data  Gb  sx1278.o [1]
power_data              0x200018a8   0x10  Data  Gb  sx1278.o [1]
pows                    0x0001ce10   0x48  Data  Lc  strto64.o [4]
proto_data_len          0x2000287b    0x1  Data  Gb  gpsprotocol.o [1]
proto_data_str          0x20002358  0x100  Data  Gb  gpsprotocol.o [1]
ram_end_address_get     0x0001c8ed    0xe  Code  Lc  softdevice_handler.o [1]
ram_total_size_get      0x0001c8df    0xe  Code  Lc  softdevice_handler.o [1]
recv                    0x20002458  0x100  Data  Gb  sx1278.o [1]
recv_length             0x20002883    0x1  Data  Gb  sx1278.o [1]
redled_close            0x0001eb91   0x10  Code  Gb  led.o [1]
redled_open             0x0001eb81   0x10  Code  Gb  led.o [1]
rtc1_compare0_set       0x0001d1b1    0x6  Code  Lc  app_timer.o [1]
rtc1_counter_get        0x0001d1a3    0x6  Code  Lc  app_timer.o [1]
rtc1_init               0x0001d121   0x12  Code  Lc  app_timer.o [1]
rtc1_start              0x0001d133   0x32  Code  Lc  app_timer.o [1]
rtc1_stop               0x0001d165   0x3e  Code  Lc  app_timer.o [1]
rtc_timeout_handler     0x0001bb41    0xa  Code  Lc  main.o [1]
rx_buffer               0x20002875    0x1  Data  Lc  app_uart_fifo.o [1]
rx_byte                 0x0001f1ef   0x3e  Code  Lc  nrf_drv_uart.o [1]
rx_done_event           0x0001f39f   0x1e  Code  Lc  nrf_drv_uart.o [1]
rx_enable               0x0001f1cd   0x22  Code  Lc  nrf_drv_uart.o [1]
sd_nvic_EnableIRQ       0x0001c6ad   0x60  Code  Lc  softdevice_handler.o [1]
sd_nvic_critical_region_enter
                        0x0001fec1   0x40  Code  Lc  app_util_platform.o [1]
sd_nvic_critical_region_exit
                        0x0001ff01   0x32  Code  Lc  app_util_platform.o [1]
seg_count               0x20002864    0x1  Data  Gb  main.o [1]
send_flag               0x20002882    0x1  Data  Gb  sx1278.o [1]
service_data_encode     0x0001c31f   0xaa  Code  Lc  ble_advdata.o [1]
softdevice_enable       0x0001c90d   0x4c  Code  Gb  softdevice_handler.o [1]
softdevice_enable_get_default_config
                        0x0001c8a5   0x3a  Code  Gb  softdevice_handler.o [1]
softdevice_fault_handler
                        0x0001c727   0x14  Code  Gb  softdevice_handler.o [1]
softdevice_handler_init
                        0x0001c7f1   0x70  Code  Gb  softdevice_handler.o [1]
softdevice_handler_is_enabled
                        0x0001c7e3    0x6  Code  Gb  softdevice_handler.o [1]
sos_flag                0x20002868    0x1  Data  Gb  main.o [1]
sos_message             0x2000187c    0x4  Data  Gb  main.o [1]
spi_init                0x0001e145   0x30  Code  Gb  sx1278.o [1]
srdata_check            0x0001c55b   0x12  Code  Lc  ble_advdata.o [1]
strcpy                  0x000209f5         Code  Gb  strcpy.o [5]
stu_bq25070_read        0x0001bca5   0x20  Code  Gb  main.o [1]
ticks_diff_get          0x0001d1a9    0x8  Code  Lc  app_timer.o [1]
timeout_handler_exec    0x0001d289   0x2e  Code  Lc  app_timer.o [1]
timer_list_handler      0x0001d635   0x54  Code  Lc  app_timer.o [1]
timer_list_handler_sched
                        0x0001d27f    0xa  Code  Lc  app_timer.o [1]
timer_list_insert       0x0001d1b7   0x68  Code  Lc  app_timer.o [1]
timer_list_remove       0x0001d21f   0x56  Code  Lc  app_timer.o [1]
timer_start_op_schedule
                        0x0001d6d1   0x5a  Code  Lc  app_timer.o [1]
timer_stop_op_schedule  0x0001d72b   0x48  Code  Lc  app_timer.o [1]
timer_timeouts_check    0x0001d2bd   0x7c  Code  Lc  app_timer.o [1]
timer_timeouts_check_sched
                        0x0001d275    0xa  Code  Lc  app_timer.o [1]
timers_init             0x0001bb7b   0x50  Code  Lc  main.o [1]
timers_init{1}{2}::APP_TIMER_BUF
                        0x20002558   0x78  Data  Lc  main.o [1]
tx_buffer               0x20002874    0x1  Data  Lc  app_uart_fifo.o [1]
tx_byte                 0x0001f0c1   0x28  Code  Lc  nrf_drv_uart.o [1]
tx_done_event           0x0001f3bd   0x26  Code  Lc  nrf_drv_uart.o [1]
tx_power_level_encode   0x0001c063   0x38  Code  Lc  ble_advdata.o [1]
uart_enable             0x0001f047    0xc  Code  Lc  nrf_drv_uart.o [1]
uart_event_handle       0x0001b369  0x668  Code  Gb  main.o [1]
uart_event_handle::crc  0x2000286c    0x1  Data  Lc  main.o [1]
uart_event_handler      0x0001c989   0xb6  Code  Lc  app_uart_fifo.o [1]
uart_init               0x0001b9e1   0x40  Code  Gb  main.o [1]
uart_init{2}{3}::rx_buf
                        0x20002158  0x100  Data  Lc  main.o [1]
uart_init{2}{3}::tx_buf
                        0x20002258  0x100  Data  Lc  main.o [1]
uart_irq_handler        0x0001f3e3  0x160  Code  Lc  nrf_drv_uart.o [1]
uint16_encode           0x0001be7d   0x12  Code  Lc  ble_advdata.o [1]
update_rtc              0x0001bae7   0x54  Code  Gb  main.o [1]
user_op_alloc           0x0001d68f   0x3c  Code  Lc  app_timer.o [1]
user_op_enque           0x0001d689    0x6  Code  Lc  app_timer.o [1]
uuid_list_encode        0x0001c179   0x50  Code  Lc  ble_advdata.o [1]
uuid_list_sized_encode  0x0001c09b   0xde  Code  Lc  ble_advdata.o [1]


[1] = E:\personnelpositioning\core\personnelpositioning-20180823\examples\ble_peripheral\ble_app_beacon\pca10028\s130\iar\_build
[2] = command line
[3] = dl6M_tlf.a
[4] = m6M_tl.a
[5] = rt6M_tl.a

  23 646 bytes of readonly  code memory
     628 bytes of readonly  data memory
   6 162 bytes of readwrite data memory

Errors: 1
Warnings: none
