###############################################################################
#
# IAR ELF Linker V8.11.2.13589/W32 for ARM                31/Jan/2019  17:59:09
# Copyright 2007-2017 IAR Systems AB.
#
#    Output file  =  
#        E:\personnelpositioning\core\nRF5_SDK_12.3.0_d7731ad\examples\ble_peripheral\experimental_ble_app_buttonless_dfu\pca10028\s130\iar\_build\ble_app_buttonless_dfu_pca10028_s130.out
#    Map file     =  
#        E:\personnelpositioning\core\nRF5_SDK_12.3.0_d7731ad\examples\ble_peripheral\experimental_ble_app_buttonless_dfu\pca10028\s130\iar\_build\ble_app_buttonless_dfu_pca10028_s130.map
#    Command line =  
#        -f C:\Users\yhf\AppData\Local\Temp\EW376D.tmp
#        (E:\personnelpositioning\core\nRF5_SDK_12.3.0_d7731ad\examples\ble_peripheral\experimental_ble_app_buttonless_dfu\pca10028\s130\iar\_build\app_button.o
#        E:\personnelpositioning\core\nRF5_SDK_12.3.0_d7731ad\examples\ble_peripheral\experimental_ble_app_buttonless_dfu\pca10028\s130\iar\_build\app_error.o
#        E:\personnelpositioning\core\nRF5_SDK_12.3.0_d7731ad\examples\ble_peripheral\experimental_ble_app_buttonless_dfu\pca10028\s130\iar\_build\app_error_weak.o
#        E:\personnelpositioning\core\nRF5_SDK_12.3.0_d7731ad\examples\ble_peripheral\experimental_ble_app_buttonless_dfu\pca10028\s130\iar\_build\app_scheduler.o
#        E:\personnelpositioning\core\nRF5_SDK_12.3.0_d7731ad\examples\ble_peripheral\experimental_ble_app_buttonless_dfu\pca10028\s130\iar\_build\app_timer.o
#        E:\personnelpositioning\core\nRF5_SDK_12.3.0_d7731ad\examples\ble_peripheral\experimental_ble_app_buttonless_dfu\pca10028\s130\iar\_build\app_util_platform.o
#        E:\personnelpositioning\core\nRF5_SDK_12.3.0_d7731ad\examples\ble_peripheral\experimental_ble_app_buttonless_dfu\pca10028\s130\iar\_build\ble_advdata.o
#        E:\personnelpositioning\core\nRF5_SDK_12.3.0_d7731ad\examples\ble_peripheral\experimental_ble_app_buttonless_dfu\pca10028\s130\iar\_build\ble_advertising.o
#        E:\personnelpositioning\core\nRF5_SDK_12.3.0_d7731ad\examples\ble_peripheral\experimental_ble_app_buttonless_dfu\pca10028\s130\iar\_build\ble_conn_params.o
#        E:\personnelpositioning\core\nRF5_SDK_12.3.0_d7731ad\examples\ble_peripheral\experimental_ble_app_buttonless_dfu\pca10028\s130\iar\_build\ble_conn_state.o
#        E:\personnelpositioning\core\nRF5_SDK_12.3.0_d7731ad\examples\ble_peripheral\experimental_ble_app_buttonless_dfu\pca10028\s130\iar\_build\ble_dfu.o
#        E:\personnelpositioning\core\nRF5_SDK_12.3.0_d7731ad\examples\ble_peripheral\experimental_ble_app_buttonless_dfu\pca10028\s130\iar\_build\ble_srv_common.o
#        E:\personnelpositioning\core\nRF5_SDK_12.3.0_d7731ad\examples\ble_peripheral\experimental_ble_app_buttonless_dfu\pca10028\s130\iar\_build\boards.o
#        E:\personnelpositioning\core\nRF5_SDK_12.3.0_d7731ad\examples\ble_peripheral\experimental_ble_app_buttonless_dfu\pca10028\s130\iar\_build\bsp.o
#        E:\personnelpositioning\core\nRF5_SDK_12.3.0_d7731ad\examples\ble_peripheral\experimental_ble_app_buttonless_dfu\pca10028\s130\iar\_build\bsp_btn_ble.o
#        E:\personnelpositioning\core\nRF5_SDK_12.3.0_d7731ad\examples\ble_peripheral\experimental_ble_app_buttonless_dfu\pca10028\s130\iar\_build\bsp_nfc.o
#        E:\personnelpositioning\core\nRF5_SDK_12.3.0_d7731ad\examples\ble_peripheral\experimental_ble_app_buttonless_dfu\pca10028\s130\iar\_build\crc16.o
#        E:\personnelpositioning\core\nRF5_SDK_12.3.0_d7731ad\examples\ble_peripheral\experimental_ble_app_buttonless_dfu\pca10028\s130\iar\_build\crc32.o
#        E:\personnelpositioning\core\nRF5_SDK_12.3.0_d7731ad\examples\ble_peripheral\experimental_ble_app_buttonless_dfu\pca10028\s130\iar\_build\fds.o
#        E:\personnelpositioning\core\nRF5_SDK_12.3.0_d7731ad\examples\ble_peripheral\experimental_ble_app_buttonless_dfu\pca10028\s130\iar\_build\fstorage.o
#        E:\personnelpositioning\core\nRF5_SDK_12.3.0_d7731ad\examples\ble_peripheral\experimental_ble_app_buttonless_dfu\pca10028\s130\iar\_build\gatt_cache_manager.o
#        E:\personnelpositioning\core\nRF5_SDK_12.3.0_d7731ad\examples\ble_peripheral\experimental_ble_app_buttonless_dfu\pca10028\s130\iar\_build\gatts_cache_manager.o
#        E:\personnelpositioning\core\nRF5_SDK_12.3.0_d7731ad\examples\ble_peripheral\experimental_ble_app_buttonless_dfu\pca10028\s130\iar\_build\hardfault_implementation.o
#        E:\personnelpositioning\core\nRF5_SDK_12.3.0_d7731ad\examples\ble_peripheral\experimental_ble_app_buttonless_dfu\pca10028\s130\iar\_build\iar_startup_nrf51.o
#        E:\personnelpositioning\core\nRF5_SDK_12.3.0_d7731ad\examples\ble_peripheral\experimental_ble_app_buttonless_dfu\pca10028\s130\iar\_build\id_manager.o
#        E:\personnelpositioning\core\nRF5_SDK_12.3.0_d7731ad\examples\ble_peripheral\experimental_ble_app_buttonless_dfu\pca10028\s130\iar\_build\main.o
#        E:\personnelpositioning\core\nRF5_SDK_12.3.0_d7731ad\examples\ble_peripheral\experimental_ble_app_buttonless_dfu\pca10028\s130\iar\_build\nrf_assert.o
#        E:\personnelpositioning\core\nRF5_SDK_12.3.0_d7731ad\examples\ble_peripheral\experimental_ble_app_buttonless_dfu\pca10028\s130\iar\_build\nrf_dfu_flash_buttonless.o
#        E:\personnelpositioning\core\nRF5_SDK_12.3.0_d7731ad\examples\ble_peripheral\experimental_ble_app_buttonless_dfu\pca10028\s130\iar\_build\nrf_dfu_settings.o
#        E:\personnelpositioning\core\nRF5_SDK_12.3.0_d7731ad\examples\ble_peripheral\experimental_ble_app_buttonless_dfu\pca10028\s130\iar\_build\nrf_drv_clock.o
#        E:\personnelpositioning\core\nRF5_SDK_12.3.0_d7731ad\examples\ble_peripheral\experimental_ble_app_buttonless_dfu\pca10028\s130\iar\_build\nrf_drv_common.o
#        E:\personnelpositioning\core\nRF5_SDK_12.3.0_d7731ad\examples\ble_peripheral\experimental_ble_app_buttonless_dfu\pca10028\s130\iar\_build\nrf_drv_gpiote.o
#        E:\personnelpositioning\core\nRF5_SDK_12.3.0_d7731ad\examples\ble_peripheral\experimental_ble_app_buttonless_dfu\pca10028\s130\iar\_build\nrf_drv_uart.o
#        E:\personnelpositioning\core\nRF5_SDK_12.3.0_d7731ad\examples\ble_peripheral\experimental_ble_app_buttonless_dfu\pca10028\s130\iar\_build\nrf_log_backend_serial.o
#        E:\personnelpositioning\core\nRF5_SDK_12.3.0_d7731ad\examples\ble_peripheral\experimental_ble_app_buttonless_dfu\pca10028\s130\iar\_build\nrf_log_frontend.o
#        E:\personnelpositioning\core\nRF5_SDK_12.3.0_d7731ad\examples\ble_peripheral\experimental_ble_app_buttonless_dfu\pca10028\s130\iar\_build\peer_data.o
#        E:\personnelpositioning\core\nRF5_SDK_12.3.0_d7731ad\examples\ble_peripheral\experimental_ble_app_buttonless_dfu\pca10028\s130\iar\_build\peer_data_storage.o
#        E:\personnelpositioning\core\nRF5_SDK_12.3.0_d7731ad\examples\ble_peripheral\experimental_ble_app_buttonless_dfu\pca10028\s130\iar\_build\peer_database.o
#        E:\personnelpositioning\core\nRF5_SDK_12.3.0_d7731ad\examples\ble_peripheral\experimental_ble_app_buttonless_dfu\pca10028\s130\iar\_build\peer_id.o
#        E:\personnelpositioning\core\nRF5_SDK_12.3.0_d7731ad\examples\ble_peripheral\experimental_ble_app_buttonless_dfu\pca10028\s130\iar\_build\peer_manager.o
#        E:\personnelpositioning\core\nRF5_SDK_12.3.0_d7731ad\examples\ble_peripheral\experimental_ble_app_buttonless_dfu\pca10028\s130\iar\_build\pm_buffer.o
#        E:\personnelpositioning\core\nRF5_SDK_12.3.0_d7731ad\examples\ble_peripheral\experimental_ble_app_buttonless_dfu\pca10028\s130\iar\_build\pm_mutex.o
#        E:\personnelpositioning\core\nRF5_SDK_12.3.0_d7731ad\examples\ble_peripheral\experimental_ble_app_buttonless_dfu\pca10028\s130\iar\_build\RTT_Syscalls_IAR.o
#        E:\personnelpositioning\core\nRF5_SDK_12.3.0_d7731ad\examples\ble_peripheral\experimental_ble_app_buttonless_dfu\pca10028\s130\iar\_build\sdk_errors.o
#        E:\personnelpositioning\core\nRF5_SDK_12.3.0_d7731ad\examples\ble_peripheral\experimental_ble_app_buttonless_dfu\pca10028\s130\iar\_build\sdk_mapped_flags.o
#        E:\personnelpositioning\core\nRF5_SDK_12.3.0_d7731ad\examples\ble_peripheral\experimental_ble_app_buttonless_dfu\pca10028\s130\iar\_build\security_dispatcher.o
#        E:\personnelpositioning\core\nRF5_SDK_12.3.0_d7731ad\examples\ble_peripheral\experimental_ble_app_buttonless_dfu\pca10028\s130\iar\_build\security_manager.o
#        E:\personnelpositioning\core\nRF5_SDK_12.3.0_d7731ad\examples\ble_peripheral\experimental_ble_app_buttonless_dfu\pca10028\s130\iar\_build\SEGGER_RTT.o
#        E:\personnelpositioning\core\nRF5_SDK_12.3.0_d7731ad\examples\ble_peripheral\experimental_ble_app_buttonless_dfu\pca10028\s130\iar\_build\SEGGER_RTT_printf.o
#        E:\personnelpositioning\core\nRF5_SDK_12.3.0_d7731ad\examples\ble_peripheral\experimental_ble_app_buttonless_dfu\pca10028\s130\iar\_build\sensorsim.o
#        E:\personnelpositioning\core\nRF5_SDK_12.3.0_d7731ad\examples\ble_peripheral\experimental_ble_app_buttonless_dfu\pca10028\s130\iar\_build\softdevice_handler.o
#        E:\personnelpositioning\core\nRF5_SDK_12.3.0_d7731ad\examples\ble_peripheral\experimental_ble_app_buttonless_dfu\pca10028\s130\iar\_build\system_nrf51.o
#        --redirect _Printf=_PrintfFull --redirect _Scanf=_ScanfFull -o
#        E:\personnelpositioning\core\nRF5_SDK_12.3.0_d7731ad\examples\ble_peripheral\experimental_ble_app_buttonless_dfu\pca10028\s130\iar\_build\ble_app_buttonless_dfu_pca10028_s130.out
#        --map
#        E:\personnelpositioning\core\nRF5_SDK_12.3.0_d7731ad\examples\ble_peripheral\experimental_ble_app_buttonless_dfu\pca10028\s130\iar\_build\ble_app_buttonless_dfu_pca10028_s130.map
#        --config
#        E:\personnelpositioning\core\nRF5_SDK_12.3.0_d7731ad\examples\ble_peripheral\experimental_ble_app_buttonless_dfu\pca10028\s130\iar\ble_app_buttonless_dfu_iar_nRF5x.icf
#        --warnings_are_errors --entry __iar_program_start --inline --vfe
#        --text_out locale)
#
###############################################################################

*******************************************************************************
*** RUNTIME MODEL ATTRIBUTES
***

CppFlavor       = *
__SystemLibrary = DLib
__dlib_version  = 6


*******************************************************************************
*** HEAP SELECTION
***

The basic heap was selected because no calls to memory allocation
functions were found in the application outside of system library
functions, and there are calls to deallocation functions in the
application.


*******************************************************************************
*** PLACEMENT SUMMARY
***

"A0":  place at 0x0001b000 { ro section .intvec };
"P1":  place in [from 0x0001b000 to 0x0003ffff] { ro };
define block CSTACK with size = 2K, alignment = 8 { };
define block HEAP with size = 512, alignment = 8 { };
"P2":  place in [from 0x20001fe8 to 0x20007fff] {
          rw, block CSTACK, block HEAP };
initialize by copy { rw };
keep { section .intvec };

  Section            Kind        Address    Size  Object
  -------            ----        -------    ----  ------
"A0":                                       0xc0
  .intvec            ro code  0x0001b000    0xc0  iar_startup_nrf51.o [1]
                            - 0x0001b0c0    0xc0

"P1":                                     0x6ade
  .text              ro code  0x0001b0c0   0xd24  fds.o [1]
  .text              ro code  0x0001bde4   0x3c0  fstorage.o [1]
  .text              ro code  0x0001c1a4    0x5c  ABImemcpy.o [4]
  .text              ro code  0x0001c200    0x58  ABImemset.o [4]
  .text              ro code  0x0001c258   0x750  security_dispatcher.o [1]
  .text              ro code  0x0001c9a8   0x410  security_manager.o [1]
  .text              ro code  0x0001cdb8   0x3b4  gatt_cache_manager.o [1]
  .text              ro code  0x0001d16c   0x432  id_manager.o [1]
  .text              ro code  0x0001d59e     0x2  iar_startup_nrf51.o [1]
  .text              ro code  0x0001d5a0   0x1c0  ble_conn_state.o [1]
  .text              ro code  0x0001d760   0x564  peer_database.o [1]
  .text              ro code  0x0001dcc4   0x614  peer_manager.o [1]
  .text              ro code  0x0001e2d8   0x200  gatts_cache_manager.o [1]
  .text              ro code  0x0001e4d8    0x28  memcmp.o [4]
  .text              ro code  0x0001e500   0x466  peer_data_storage.o [1]
  .text              ro code  0x0001e966     0x2  iar_startup_nrf51.o [1]
  .text              ro code  0x0001e968    0xf6  sdk_mapped_flags.o [1]
  .text              ro code  0x0001ea5e     0x2  iar_startup_nrf51.o [1]
  .text              ro code  0x0001ea60    0x20  app_error.o [1]
  .text              ro code  0x0001ea80   0x102  pm_buffer.o [1]
  .text              ro code  0x0001eb82     0x2  iar_startup_nrf51.o [1]
  .text              ro code  0x0001eb84   0x140  peer_id.o [1]
  .text              ro code  0x0001ecc4    0x1c  app_error_weak.o [1]
  .text              ro code  0x0001ece0    0xe8  pm_mutex.o [1]
  .text              ro code  0x0001edc8    0x74  app_util_platform.o [1]
  .text              ro code  0x0001ee3c   0x5b4  app_timer.o [1]
  .text              ro code  0x0001f3f0   0x572  ble_advdata.o [1]
  .text              ro code  0x0001f962     0x2  iar_startup_nrf51.o [1]
  .text              ro code  0x0001f964   0x454  nrf_drv_gpiote.o [1]
  .text              ro code  0x0001fdb8    0x5c  nrf_drv_common.o [1]
  .text              ro code  0x0001fe14   0x440  main.o [1]
  .text              ro code  0x00020254   0x3f0  ble_advertising.o [1]
  .text              ro code  0x00020644   0x36c  bsp.o [1]
  .text              ro code  0x000209b0   0x118  bsp_btn_ble.o [1]
  .text              ro code  0x00020ac8   0x1a4  ble_conn_params.o [1]
  .text              ro code  0x00020c6c   0x2b0  ble_dfu.o [1]
  .text              ro code  0x00020f1c   0x200  softdevice_handler.o [1]
  .text              ro code  0x0002111c    0x5e  I32DivMod.o [4]
  .text              ro code  0x0002117a     0x2  iar_startup_nrf51.o [1]
  .text              ro code  0x0002117c   0x110  boards.o [1]
  .text              ro code  0x0002128c   0x150  app_button.o [1]
  .text              ro code  0x000213dc    0x16  ble_srv_common.o [1]
  .text              ro code  0x000213f2     0x2  iar_startup_nrf51.o [1]
  .text              ro code  0x000213f4    0xb0  nrf_dfu_flash_buttonless.o [1]
  .text              ro code  0x000214a4   0x134  nrf_dfu_settings.o [1]
  .text              ro code  0x000215d8    0xf0  nrf_drv_clock.o [1]
  .text              ro code  0x000216c8    0x48  app_scheduler.o [1]
  .text              ro code  0x00021710    0x44  crc32.o [1]
  .text              ro code  0x00021754   0x1d8  nrf_drv_uart.o [1]
  .text              ro code  0x0002192c    0xc4  system_nrf51.o [1]
  .text              ro code  0x000219f0    0x40  zero_init3.o [4]
  .text              ro code  0x00021a30    0x3c  packbits_init_single.o [4]
  .text              ro code  0x00021a6c    0x2c  iar_startup_nrf51.o [1]
  .text              ro code  0x00021a98    0x28  data_init.o [4]
  .iar.init_table    const    0x00021ac0    0x30  - Linker created -
  .text              ro code  0x00021af0    0x1a  cmain.o [4]
  .text              ro code  0x00021b0a     0x8  exit.o [3]
  .text              ro code  0x00021b12     0x2  iar_startup_nrf51.o [1]
  .text              ro code  0x00021b14     0xa  cexit.o [4]
  .text              ro code  0x00021b1e     0x2  iar_startup_nrf51.o [1]
  .text              ro code  0x00021b20     0xc  XXexit.o [4]
  .text              ro code  0x00021b2c     0xc  cstartup_M.o [4]
  .rodata            const    0x00021b38     0x8  gatts_cache_manager.o [1]
  .text              ro code  0x00021b40     0x2  iar_startup_nrf51.o [1]
  .text              ro code  0x00021b42     0x2  iar_startup_nrf51.o [1]
  .text              ro code  0x00021b44     0x2  iar_startup_nrf51.o [1]
  .text              ro code  0x00021b46     0x2  iar_startup_nrf51.o [1]
  .text              ro code  0x00021b48     0x2  iar_startup_nrf51.o [1]
  .text              ro code  0x00021b4a     0x2  iar_startup_nrf51.o [1]
  .text              ro code  0x00021b4c     0x2  iar_startup_nrf51.o [1]
  .text              ro code  0x00021b4e     0x2  iar_startup_nrf51.o [1]
  .text              ro code  0x00021b50     0x2  iar_startup_nrf51.o [1]
  .text              ro code  0x00021b52     0x2  iar_startup_nrf51.o [1]
  .text              ro code  0x00021b54     0x2  iar_startup_nrf51.o [1]
  .text              ro code  0x00021b56     0x2  iar_startup_nrf51.o [1]
  .text              ro code  0x00021b58     0x2  iar_startup_nrf51.o [1]
  .text              ro code  0x00021b5a     0x2  iar_startup_nrf51.o [1]
  .text              ro code  0x00021b5c     0x2  iar_startup_nrf51.o [1]
  .rodata            const    0x00021b5e     0x0  zero_init3.o [4]
  .rodata            const    0x00021b5e     0x0  packbits_init_single.o [4]
  Initializer bytes  const    0x00021b5e    0x28  <for P2-1>
  Initializer bytes  const    0x00021b86    0x18  <for fs_data-1>
                            - 0x00021b9e  0x6ade

Absolute sections:                         0x400
  .noinit            uninit   0x0003fc00   0x400  nrf_dfu_settings.o [1]
                            - 0x00040000   0x400

"P2", part 1 of 3:                          0x7c
  P2-1                        0x20001fe8    0x59  <Init block>
    .data            inited   0x20001fe8    0x2c  ble_advertising.o [1]
    .data            inited   0x20002014     0xc  fstorage.o [1]
    .data            inited   0x20002020     0x4  main.o [1]
    .data            inited   0x20002024    0x14  security_manager.o [1]
    .data            inited   0x20002038     0x4  system_nrf51.o [1]
    .data            inited   0x2000203c     0x2  main.o [1]
    .data            inited   0x2000203e     0x3  security_dispatcher.o [1]
  fs_data                     0x20002044    0x20  <Block>
    fs_data-1                 0x20002044    0x20  <Init block>
      fs_data        inited   0x20002044    0x10  fds.o [1]
      fs_data        inited   0x20002054    0x10  nrf_dfu_flash_buttonless.o [1]
                            - 0x20002064    0x7c

"P2", part 2 of 3:                         0xd48
  .bss               zero     0x20002064   0x331  peer_database.o [1]
  .bss               zero     0x20002395     0x2  peer_data_storage.o [1]
  .bss               zero     0x20002398   0x164  nrf_dfu_settings.o [1]
  .bss               zero     0x200024fc   0x15c  nrf_dfu_settings.o [1]
  .bss               zero     0x20002658   0x114  ble_advertising.o [1]
  .bss               zero     0x2000276c    0xd8  main.o [1]
  .bss               zero     0x20002844    0x80  bsp.o [1]
  .bss               zero     0x200028c4    0x78  fds.o [1]
  .bss               zero     0x2000293c    0x68  fstorage.o [1]
  .bss               zero     0x200029a4    0x60  id_manager.o [1]
  .bss               zero     0x20002a04    0x48  fds.o [1]
  .bss               zero     0x20002a4c    0x48  nrf_drv_gpiote.o [1]
  .bss               zero     0x20002a94    0x40  ble_conn_params.o [1]
  .bss               zero     0x20002ad4    0x40  peer_id.o [1]
  .bss               zero     0x20002b14    0x40  security_dispatcher.o [1]
  .bss               zero     0x20002b54    0x3c  ble_advertising.o [1]
  .bss               zero     0x20002b90    0x34  app_button.o [1]
  .bss               zero     0x20002bc4    0x34  ble_conn_state.o [1]
  .bss               zero     0x20002bf8    0x30  fds.o [1]
  .bss               zero     0x20002c28    0x28  fds.o [1]
  .bss               zero     0x20002c50    0x24  fds.o [1]
  .bss               zero     0x20002c74    0x20  app_timer.o [1]
  .bss               zero     0x20002c94    0x20  ble_advertising.o [1]
  .bss               zero     0x20002cb4    0x20  ble_advertising.o [1]
  .bss               zero     0x20002cd4    0x20  ble_advertising.o [1]
  .bss               zero     0x20002cf4    0x1c  nrf_drv_uart.o [1]
  .bss               zero     0x20002d10    0x1c  peer_manager.o [1]
  .bss               zero     0x20002d2c    0x14  nrf_drv_clock.o [1]
  .bss               zero     0x20002d40    0x14  softdevice_handler.o [1]
  .bss               zero     0x20002d54    0x10  app_scheduler.o [1]
  .bss               zero     0x20002d64     0xc  id_manager.o [1]
  .bss               zero     0x20002d70     0x8  app_util_platform.o [1]
  .bss               zero     0x20002d78     0x8  ble_conn_params.o [1]
  .bss               zero     0x20002d80     0x8  ble_conn_params.o [1]
  .bss               zero     0x20002d88     0x8  bsp_btn_ble.o [1]
  .bss               zero     0x20002d90     0x8  peer_data_storage.o [1]
  .bss               zero     0x20002d98     0x4  ble_dfu.o [1]
  .bss               zero     0x20002d9c     0x4  gatt_cache_manager.o [1]
  .bss               zero     0x20002da0     0x4  nrf_dfu_flash_buttonless.o [1]
  .bss               zero     0x20002da4     0x4  peer_database.o [1]
  .bss               zero     0x20002da8     0x2  gatts_cache_manager.o [1]
  .bss               zero     0x20002daa     0x2  gatts_cache_manager.o [1]
                            - 0x20002dac   0xd48

"P2", part 3 of 3:                         0x800
  CSTACK                      0x20002db0   0x800  <Block>
    CSTACK           uninit   0x20002db0   0x800  <Block tail>
                            - 0x200035b0   0x800


*******************************************************************************
*** INIT TABLE
***

          Address     Size
          -------     ----
Zero (__iar_zero_init3)
    1 destination range, total size 0xd48:
          0x20002064  0xd48

Copy/packbits (__iar_packbits_init_single3)
    1 source range, total size 0x28 (44% of destination):
          0x00021b5e   0x28
    1 destination range, total size 0x59:
          0x20001fe8   0x59

Copy/packbits (__iar_packbits_init_single3)
    1 source range, total size 0x18 (75% of destination):
          0x00021b86   0x18
    1 destination range, total size 0x20:
          0x20002044   0x20



*******************************************************************************
*** MODULE SUMMARY
***

    Module                      ro code  ro data  rw data  rw data
                                                            (abs)
    ------                      -------  -------  -------  -------
E:\personnelpositioning\core\nRF5_SDK_12.3.0_d7731ad\examples\ble_peripheral\experimental_ble_app_buttonless_dfu\pca10028\s130\iar\_build: [1]
    app_button.o                    336                52
    app_error.o                      32
    app_error_weak.o                 28
    app_scheduler.o                  72                16
    app_timer.o                   1 460                32
    app_util_platform.o             116                 8
    ble_advdata.o                 1 394
    ble_advertising.o             1 008       19      476
    ble_conn_params.o               420                80
    ble_conn_state.o                448                52
    ble_dfu.o                       688                 4
    ble_srv_common.o                 22
    boards.o                        272
    bsp.o                           876               128
    bsp_btn_ble.o                   280                 8
    crc32.o                          68
    fds.o                         3 364       12      332
    fstorage.o                      960        6      116
    gatt_cache_manager.o            948                 4
    gatts_cache_manager.o           512        8        4
    iar_startup_nrf51.o             284
    id_manager.o                  1 074               108
    main.o                        1 088        2      222
    nrf_dfu_flash_buttonless.o      176       12       20
    nrf_dfu_settings.o              308               704    1 024
    nrf_drv_clock.o                 240                20
    nrf_drv_common.o                 92
    nrf_drv_gpiote.o              1 108                72
    nrf_drv_uart.o                  472                28
    peer_data_storage.o           1 126                10
    peer_database.o               1 380               821
    peer_id.o                       320                64
    peer_manager.o                1 556                28
    pm_buffer.o                     258
    pm_mutex.o                      232
    sdk_mapped_flags.o              246
    security_dispatcher.o         1 872        2       67
    security_manager.o            1 040        9       20
    softdevice_handler.o            512                20
    system_nrf51.o                  196        2        4
    --------------------------------------------------------------
    Total:                       26 884       72    3 520    1 024

command line: [2]
    --------------------------------------------------------------
    Total:

dl6M_tlf.a: [3]
    exit.o                            8
    --------------------------------------------------------------
    Total:                            8

rt6M_tl.a: [4]
    ABImemcpy.o                      92
    ABImemset.o                      88
    I32DivMod.o                      94
    XXexit.o                         12
    cexit.o                          10
    cmain.o                          26
    cstartup_M.o                     12
    data_init.o                      40
    memcmp.o                         40
    packbits_init_single.o           60
    zero_init3.o                     64
    --------------------------------------------------------------
    Total:                          538

    Gaps                                                1
    Linker created                            48    2 048
------------------------------------------------------------------
    Grand Total:                 27 430      120    5 569    1 024


*******************************************************************************
*** ENTRY LIST
***

Entry                      Address   Size  Type      Object
-----                      -------   ----  ----      ------
.iar.init_table$$Base   0x00021ac0          --   Gb  - Linker created -
.iar.init_table$$Limit  0x00021af0          --   Gb  - Linker created -
?main                   0x00021af1         Code  Gb  cmain.o [4]
CSTACK$$Base            0x20002db0          --   Gb  - Linker created -
CSTACK$$Limit           0x200035b0          --   Gb  - Linker created -
GPIOTE_IRQHandler       0x0001fc35  0x168  Code  Gb  nrf_drv_gpiote.o [1]
NVIC_SetPriority        0x0001ee3d   0x34  Code  Lc  app_timer.o [1]
POWER_CLOCK_IRQHandler  0x0002163d   0x36  Code  Gb  nrf_drv_clock.o [1]
RTC1_IRQHandler         0x0001f25d   0x8c  Code  Gb  app_timer.o [1]
Region$$Table$$Base     0x00021ac0          --   Gb  - Linker created -
Region$$Table$$Limit    0x00021af0          --   Gb  - Linker created -
SWI0_IRQHandler         0x0001f2f5    0x8  Code  Gb  app_timer.o [1]
SWI2_IRQHandler         0x0002108f   0x1c  Code  Gb  softdevice_handler.o [1]
SystemCoreClock         0x20002038    0x4  Data  Gb  system_nrf51.o [1]
SystemInit              0x0002192d   0xa6  Code  Gb  system_nrf51.o [1]
UART0_IRQHandler        0x00021919    0xc  Code  Gb  nrf_drv_uart.o [1]
__ICFEDIT_region_RAM_end__ {Abs}
                        0x20007fff         Data  Gb  command line/config [2]
__ICFEDIT_region_RAM_start__ {Abs}
                        0x20001fe8         Data  Gb  command line/config [2]
__Vectors               0x0001b000          --   Gb  iar_startup_nrf51.o [1]
__Vectors_End           0x0001b0c0         Data  Gb  iar_startup_nrf51.o [1]
__Vectors_Size {Abs}    0x000000c0          --   Gb  iar_startup_nrf51.o [1]
__aeabi_memclr          0x0001c251         Code  Gb  ABImemset.o [4]
__aeabi_memclr4         0x0001c255         Code  Gb  ABImemset.o [4]
__aeabi_memclr8         0x0001c255         Code  Gb  ABImemset.o [4]
__aeabi_memcpy          0x0001c1a5         Code  Gb  ABImemcpy.o [4]
__aeabi_memcpy4         0x0001c1cd         Code  Wk  ABImemcpy.o [4]
__aeabi_memset4         0x0001c215         Code  Gb  ABImemset.o [4]
__aeabi_memset8         0x0001c215         Code  Gb  ABImemset.o [4]
__cmain                 0x00021af1         Code  Gb  cmain.o [4]
__exit                  0x00021b21         Code  Gb  XXexit.o [4]
__iar_Memset4_word      0x0001c221         Code  Gb  ABImemset.o [4]
__iar_Memset_word       0x0001c201         Code  Gb  ABImemset.o [4]
__iar_data_init3        0x00021a99   0x28  Code  Gb  data_init.o [4]
__iar_packbits_init_single3
                        0x00021a31   0x3c  Code  Gb  packbits_init_single.o [4]
__iar_program_start     0x00021b2d         Code  Gb  cstartup_M.o [4]
__iar_small_idiv        0x0002111d         Code  Gb  I32DivMod.o [4]
__iar_small_idivmod     0x0002111d         Code  Gb  I32DivMod.o [4]
__iar_small_uidiv       0x00021145         Code  Gb  I32DivMod.o [4]
__iar_small_uidivmod    0x00021145         Code  Gb  I32DivMod.o [4]
__iar_systems$$module {Abs}
                        0x00000001         Data  Gb  command line/config [2]
__iar_zero_init3        0x000219f1   0x40  Code  Gb  zero_init3.o [4]
__sd_nvic_app_accessible_irq
                        0x00020f1d   0x12  Code  Lc  softdevice_handler.o [1]
__sd_nvic_irq_disable   0x0001edc9    0x8  Code  Lc  app_util_platform.o [1]
__sd_nvic_irq_enable    0x0001edd1    0x4  Code  Lc  app_util_platform.o [1]
__vector_table          0x0001b000         Data  Gb  iar_startup_nrf51.o [1]
_call_main              0x00021afd         Code  Gb  cmain.o [4]
_exit                   0x00021b15         Code  Gb  cexit.o [4]
_main                   0x00021b07         Code  Gb  cmain.o [4]
addr_compare            0x0001d239   0x28  Code  Gb  id_manager.o [1]
adv_data_encode         0x0001f765  0x198  Code  Gb  ble_advdata.o [1]
advertising_buttons_configure
                        0x000209b1   0x3c  Code  Lc  bsp_btn_ble.o [1]
advertising_init        0x00020003   0x52  Code  Lc  main.o [1]
ah                      0x0001d511   0x4e  Code  Gb  id_manager.o [1]
alert_timer_handler     0x0002087b    0xa  Code  Lc  bsp.o [1]
app_button_enable       0x000213a9   0x20  Code  Gb  app_button.o [1]
app_button_init         0x00021339   0x70  Code  Gb  app_button.o [1]
app_buttons             0x00020990   0x20  Data  Lc  bsp.o [1]
app_error_fault_handler
                        0x0001ecc5   0x1c  Code  Wk  app_error_weak.o [1]
app_error_handler_bare  0x0001ea61   0x1c  Code  Gb  app_error.o [1]
app_sched_execute       0x000216db   0x2e  Code  Gb  app_scheduler.o [1]
app_timer_create        0x0001f35d   0x2a  Code  Gb  app_timer.o [1]
app_timer_init          0x0001f2fd   0x54  Code  Gb  app_timer.o [1]
app_timer_start         0x0001f387   0x34  Code  Gb  app_timer.o [1]
app_timer_stop          0x0001f3c1   0x24  Code  Gb  app_timer.o [1]
app_util_critical_region_enter
                        0x0001edd5   0x2e  Code  Gb  app_util_platform.o [1]
app_util_critical_region_exit
                        0x0001ee03   0x26  Code  Gb  app_util_platform.o [1]
auth_status_success_process
                        0x0001c3c1   0x9e  Code  Lc  security_dispatcher.o [1]
ble_advdata_set         0x0001f8fd   0x66  Code  Gb  ble_advdata.o [1]
ble_advertising_init    0x00020267  0x138  Code  Gb  ble_advertising.o [1]
ble_advertising_on_ble_evt
                        0x00020585   0x56  Code  Gb  ble_advertising.o [1]
ble_advertising_on_sys_evt
                        0x000205db   0x2a  Code  Gb  ble_advertising.o [1]
ble_advertising_restart_without_whitelist
                        0x0002060d   0x30  Code  Gb  ble_advertising.o [1]
ble_advertising_start   0x000203b5  0x1ca  Code  Gb  ble_advertising.o [1]
ble_conn_params_init    0x00020b35   0x4a  Code  Gb  ble_conn_params.o [1]
ble_conn_params_on_ble_evt
                        0x00020bd9   0x7a  Code  Gb  ble_conn_params.o [1]
ble_conn_state_conn_handles
                        0x0001d6d9    0x8  Code  Gb  ble_conn_state.o [1]
ble_conn_state_encrypted
                        0x0001d6bf    0x8  Code  Gb  ble_conn_state.o [1]
ble_conn_state_mitm_protected
                        0x0001d6cf    0xa  Code  Gb  ble_conn_state.o [1]
ble_conn_state_on_ble_evt
                        0x0001d5a1   0xf0  Code  Gb  ble_conn_state.o [1]
ble_conn_state_role     0x0001d691   0x2e  Code  Gb  ble_conn_state.o [1]
ble_conn_state_user_flag_acquire
                        0x0001d6e9   0x24  Code  Gb  ble_conn_state.o [1]
ble_conn_state_user_flag_collection
                        0x0001d741   0x14  Code  Gb  ble_conn_state.o [1]
ble_conn_state_user_flag_get
                        0x0001d70d   0x18  Code  Gb  ble_conn_state.o [1]
ble_conn_state_user_flag_set
                        0x0001d725   0x1c  Code  Gb  ble_conn_state.o [1]
ble_device_addr_encode  0x0001f3fb   0x5c  Code  Lc  ble_advdata.o [1]
ble_dfu_evt_handler     0x0001fe15    0x2  Code  Lc  main.o [1]
ble_dfu_init            0x00020d15   0x72  Code  Gb  ble_dfu.o [1]
ble_dfu_on_ble_evt      0x00020e49   0xaa  Code  Gb  ble_dfu.o [1]
ble_evt_dispatch        0x0001ff8b   0x30  Code  Lc  main.o [1]
ble_srv_is_notification_enabled
                        0x000213e7    0xc  Code  Gb  ble_srv_common.o [1]
ble_stack_init{2}{3}::BLE_EVT_BUFFER
                        0x200027fc   0x48  Data  Lc  main.o [1]
bsp_board_button_idx_to_pin
                        0x0002127d    0x6  Code  Gb  boards.o [1]
bsp_board_button_state_get
                        0x00021235    0x6  Code  Gb  boards.o [1]
bsp_board_led_invert    0x000211f5   0x18  Code  Gb  boards.o [1]
bsp_board_led_off       0x000211c1    0x4  Code  Gb  boards.o [1]
bsp_board_led_on        0x000211b9    0x6  Code  Gb  boards.o [1]
bsp_board_led_state_get
                        0x000211b1    0x8  Code  Gb  boards.o [1]
bsp_board_leds_init     0x0002120d   0x28  Code  Gb  boards.o [1]
bsp_board_leds_off      0x000211cf   0x12  Code  Gb  boards.o [1]
bsp_board_leds_on       0x000211e1   0x12  Code  Gb  boards.o [1]
bsp_board_pin_to_button_idx
                        0x0002125d   0x20  Code  Gb  boards.o [1]
bsp_btn_ble_init        0x00020a85   0x3e  Code  Gb  bsp_btn_ble.o [1]
bsp_btn_ble_on_ble_evt  0x00020a0f   0x76  Code  Gb  bsp_btn_ble.o [1]
bsp_btn_ble_sleep_mode_prepare
                        0x000209ed   0x22  Code  Gb  bsp_btn_ble.o [1]
bsp_button_event_handler
                        0x0002066d   0x76  Code  Lc  bsp.o [1]
bsp_button_event_handler::current_long_push_pin_no
                        0x20002852    0x1  Data  Lc  bsp.o [1]
bsp_button_event_handler::release_event_at_push
                        0x20002854    0x4  Data  Lc  bsp.o [1]
bsp_button_is_pressed   0x00020665    0x8  Code  Gb  bsp.o [1]
bsp_event_handler       0x0001ffcb   0x38  Code  Lc  main.o [1]
bsp_event_to_button_action_assign
                        0x00020925   0x3c  Code  Gb  bsp.o [1]
bsp_indication_set      0x00020885   0x18  Code  Gb  bsp.o [1]
bsp_init                0x0002089d   0x80  Code  Gb  bsp.o [1]
bsp_led_indication      0x000206f1  0x176  Code  Lc  bsp.o [1]
bsp_wakeup_button_enable
                        0x00020971    0xa  Code  Gb  bsp.o [1]
button_timer_handler    0x000206e3    0xc  Code  Lc  bsp.o [1]
channel_free            0x0001fa67   0x16  Code  Lc  nrf_drv_gpiote.o [1]
channel_port_alloc      0x0001fa1f   0x48  Code  Lc  nrf_drv_gpiote.o [1]
check_config            0x0001be2d   0x1a  Code  Lc  fstorage.o [1]
chunk_queue_next        0x0001b34f   0x16  Code  Gb  fds.o [1]
claim                   0x0001eba9   0x36  Code  Lc  peer_id.o [1]
clock_clk_started_notify
                        0x00021617   0x26  Code  Lc  nrf_drv_clock.o [1]
compare_reg_update      0x0001f035   0x8c  Code  Lc  app_timer.o [1]
conn_int_encode         0x0001f5db   0x94  Code  Lc  ble_advdata.o [1]
conn_params_error_handler
                        0x0001fea3    0x8  Code  Lc  main.o [1]
conn_params_negotiation
                        0x00020b7f   0x5a  Code  Lc  ble_conn_params.o [1]
crc32_compute           0x00021711   0x44  Code  Gb  crc32.o [1]
delay_operation         0x000214bd   0x2a  Code  Lc  nrf_dfu_settings.o [1]
detection_delay_timeout_handler
                        0x0002128d   0x5e  Code  Lc  app_button.o [1]
dfu_settings_write_callback
                        0x000214a5   0x16  Code  Lc  nrf_dfu_settings.o [1]
encryption_failure      0x0001c461   0x24  Code  Lc  security_dispatcher.o [1]
event_send              0x0001b0c1   0x1e  Code  Lc  fds.o [1]
events_send_from_err_code
                        0x0001ca07   0x34  Code  Lc  security_manager.o [1]
evt_send                0x0001cdb9    0x8  Code  Lc  gatt_cache_manager.o [1]
evt_send                0x0001d16d   0x10  Code  Lc  id_manager.o [1]
evt_send                0x0001dcc5   0x1e  Code  Lc  peer_manager.o [1]
evt_send                0x0001c259   0x10  Code  Lc  security_dispatcher.o [1]
evt_send                0x0001c9a9    0x8  Code  Lc  security_manager.o [1]
exit                    0x00021b0b    0x8  Code  Gb  exit.o [3]
fds_evt_handler         0x0001e603  0x100  Code  Lc  peer_data_storage.o [1]
fds_file_delete         0x0001bd0d   0x42  Code  Gb  fds.o [1]
fds_gc                  0x0001bd4f   0x3c  Code  Gb  fds.o [1]
fds_init                0x0001bb79   0x7e  Code  Gb  fds.o [1]
fds_record_close        0x0001bc33   0x3e  Code  Gb  fds.o [1]
fds_record_find         0x0001bd91    0xe  Code  Gb  fds.o [1]
fds_record_find_by_key  0x0001bd9f   0x10  Code  Gb  fds.o [1]
fds_record_find_in_file
                        0x0001bdaf   0x10  Code  Gb  fds.o [1]
fds_record_id_from_desc
                        0x0001bdbf   0x14  Code  Gb  fds.o [1]
fds_record_open         0x0001bbf7   0x3c  Code  Gb  fds.o [1]
fds_record_update       0x0001bcef    0xc  Code  Gb  fds.o [1]
fds_record_write        0x0001bcdb    0x6  Code  Gb  fds.o [1]
fds_record_write_reserved
                        0x0001bce1    0xe  Code  Gb  fds.o [1]
fds_register            0x0001bb53   0x1a  Code  Gb  fds.o [1]
fds_reserve             0x0001bc71   0x2e  Code  Gb  fds.o [1]
fds_reserve_cancel      0x0001bc9f   0x3c  Code  Gb  fds.o [1]
file_find_and_delete::tok
                        0x20002c44    0x8  Data  Lc  fds.o [1]
file_id_within_pm_range
                        0x0001e509   0x16  Code  Lc  peer_data_storage.o [1]
flag_id_init            0x0001c541   0x12  Code  Lc  security_dispatcher.o [1]
flag_id_init            0x0001cc8d   0x12  Code  Lc  security_manager.o [1]
flags_set_from_err_code
                        0x0001c9b1   0x56  Code  Lc  security_manager.o [1]
flash_callback          0x00020c6d   0x1a  Code  Gb  ble_dfu.o [1]
flash_operation_pending
                        0x20002398    0x1  Data  Lc  nrf_dfu_settings.o [1]
fs_config               0x20002044   0x10  Data  Gb  fds.o [1]
fs_data$$Base           0x20002044          --   Gb  - Linker created -
fs_data$$Limit          0x20002064          --   Gb  - Linker created -
fs_dfu_config           0x20002054   0x10  Data  Gb  nrf_dfu_flash_buttonless.o [1]
fs_erase                0x0001c04d   0x74  Code  Gb  fstorage.o [1]
fs_event_handler        0x0001ba41    0xa  Code  Lc  fds.o [1]
fs_evt_handler          0x000213f5   0x26  Code  Lc  nrf_dfu_flash_buttonless.o [1]
fs_init                 0x0001bf15   0xb4  Code  Gb  fstorage.o [1]
fs_queue_is_full        0x0001c17b   0x10  Code  Gb  fstorage.o [1]
fs_queued_op_count_get  0x0001c0c9   0x12  Code  Gb  fstorage.o [1]
fs_store                0x0001bfc9   0x84  Code  Gb  fstorage.o [1]
fs_sys_event_handler    0x0001c0e5   0x96  Code  Gb  fstorage.o [1]
gc_execute              0x0001b7e9   0x9a  Code  Lc  fds.o [1]
gc_page_erase           0x0001b509   0x38  Code  Lc  fds.o [1]
gc_record_copy          0x0001b541   0x20  Code  Lc  fds.o [1]
gc_record_find_next     0x0001b565   0x1c  Code  Lc  fds.o [1]
gc_state_advance        0x0001b585   0x78  Code  Lc  fds.o [1]
gcm_ble_evt_handler     0x0001d03d   0xd8  Code  Gb  gatt_cache_manager.o [1]
gcm_gscm_evt_handler    0x0001ce89   0x5c  Code  Gb  gatt_cache_manager.o [1]
gcm_im_evt_handler      0x0001cee5   0x28  Code  Gb  gatt_cache_manager.o [1]
gcm_init                0x0001cf1f   0x3a  Code  Gb  gatt_cache_manager.o [1]
gcm_local_database_has_changed
                        0x0001d115   0x44  Code  Gb  gatt_cache_manager.o [1]
gcm_smd_evt_handler     0x0001cf0d   0x12  Code  Gb  gatt_cache_manager.o [1]
get_connection_by_conn_handle
                        0x0001d1a5   0x30  Code  Gb  id_manager.o [1]
get_free_connection     0x0001d17d   0x28  Code  Gb  id_manager.o [1]
gpiote_event_handler    0x000212eb   0x4e  Code  Lc  app_button.o [1]
gscm_db_change_notification_done
                        0x0001e4b1   0x16  Code  Gb  gatts_cache_manager.o [1]
gscm_db_change_notification_done::service_changed_pending
                        0x00021b3c    0x4  Data  Lc  gatts_cache_manager.o [1]
gscm_init               0x0001e34f    0xa  Code  Gb  gatts_cache_manager.o [1]
gscm_local_database_has_changed
                        0x0001e44d   0x12  Code  Gb  gatts_cache_manager.o [1]
gscm_local_db_cache_apply
                        0x0001e3d5   0x78  Code  Gb  gatts_cache_manager.o [1]
gscm_local_db_cache_update
                        0x0001e359   0x7c  Code  Gb  gatts_cache_manager.o [1]
gscm_pdb_evt_handler    0x0001e30d   0x42  Code  Gb  gatts_cache_manager.o [1]
gscm_service_changed_ind_needed
                        0x0001e45f   0x1e  Code  Gb  gatts_cache_manager.o [1]
gscm_service_changed_ind_send
                        0x0001e47d   0x1e  Code  Gb  gatts_cache_manager.o [1]
gscm_service_changed_ind_send::start_handle
                        0x20002daa    0x2  Data  Lc  gatts_cache_manager.o [1]
header_is_valid         0x0001b0df   0x18  Code  Lc  fds.o [1]
iar_fs_data_end         0x2000201c    0x4  Data  Gb  fstorage.o [1]
iar_fs_data_start       0x20002018    0x4  Data  Gb  fstorage.o [1]
im_address_resolve      0x0001d55f   0x40  Code  Gb  id_manager.o [1]
im_ble_addr_get         0x0001d3e5   0x28  Code  Gb  id_manager.o [1]
im_ble_evt_handler      0x0001d261   0x98  Code  Gb  id_manager.o [1]
im_conn_handle_get      0x0001d481   0x20  Code  Gb  id_manager.o [1]
im_init                 0x0001d39b   0x32  Code  Gb  id_manager.o [1]
im_is_duplicate_bonding_data
                        0x0001d2f9   0x38  Code  Gb  id_manager.o [1]
im_master_id_is_valid   0x0001d4a5   0x1c  Code  Gb  id_manager.o [1]
im_master_ids_compare   0x0001d415   0x2c  Code  Gb  id_manager.o [1]
im_new_peer_id          0x0001d4d7    0x8  Code  Gb  id_manager.o [1]
im_pdb_evt_handler      0x0001d331   0x6a  Code  Gb  id_manager.o [1]
im_peer_free            0x0001d4df   0x28  Code  Gb  id_manager.o [1]
im_peer_id_get_by_conn_handle
                        0x0001d3cd   0x18  Code  Gb  id_manager.o [1]
im_peer_id_get_by_master_id
                        0x0001d441   0x40  Code  Gb  id_manager.o [1]
init_execute            0x0001b605   0xac  Code  Lc  fds.o [1]
intern_softdevice_events_execute
                        0x00020fa5   0x7c  Code  Gb  softdevice_handler.o [1]
is_conn_params_ok       0x00020ac9   0x18  Code  Lc  ble_conn_params.o [1]
is_valid_irk            0x0001d223   0x16  Code  Gb  id_manager.o [1]
leds_timer_handler      0x00020867   0x14  Code  Lc  bsp.o [1]
link_secure             0x0001ca3b   0x96  Code  Lc  security_manager.o [1]
link_secure_central     0x0001c787  0x100  Code  Lc  security_dispatcher.o [1]
link_secure_central_existing_peer
                        0x0001c6ad   0xda  Code  Lc  security_dispatcher.o [1]
link_secure_failure     0x0001c491   0xa4  Code  Lc  security_dispatcher.o [1]
link_secure_pending_process
                        0x0001cbc3   0x5e  Code  Lc  security_manager.o [1]
list_deletions_handler  0x0001eec9   0x92  Code  Lc  app_timer.o [1]
list_insertions_handler
                        0x0001ef5b   0xda  Code  Lc  app_timer.o [1]
local_db_apply_in_evt   0x0001cdc1   0x64  Code  Lc  gatt_cache_manager.o [1]
local_db_update_in_evt  0x0001ce25   0x64  Code  Lc  gatt_cache_manager.o [1]
lock_by_mask            0x0001ece1   0x34  Code  Lc  pm_mutex.o [1]
m_adv_evt               0x20002002    0x1  Data  Lc  ble_advertising.o [1]
m_adv_mode_current      0x20002003    0x1  Data  Lc  ble_advertising.o [1]
m_adv_modes_config      0x20002c94   0x20  Data  Lc  ble_advertising.o [1]
m_adv_uuids             0x20002020    0x4  Data  Lc  main.o [1]
m_advdata               0x20002b54   0x3c  Data  Lc  ble_advertising.o [1]
m_advertising_start_pending
                        0x20002001    0x1  Data  Lc  ble_advertising.o [1]
m_alert_timer_id        0x00020988    0x4  Data  Lc  bsp.o [1]
m_alert_timer_id_data   0x20002884   0x20  Data  Lc  bsp.o [1]
m_app_ticks_per_100ms   0x20002858    0x4  Data  Lc  bsp.o [1]
m_bcs                   0x20002bc4   0x34  Data  Lc  ble_conn_state.o [1]
m_ble_evt_buffer_size   0x20002d42    0x2  Data  Lc  softdevice_handler.o [1]
m_ble_evt_handler       0x20002d4c    0x4  Data  Lc  softdevice_handler.o [1]
m_board_btn_list        0x00021288    0x4  Data  Lc  boards.o [1]
m_board_led_list        0x00021284    0x4  Data  Lc  boards.o [1]
m_bonding_flag_id       0x20002d15    0x1  Data  Lc  peer_manager.o [1]
m_button_count          0x20002b90    0x1  Data  Lc  app_button.o [1]
m_button_timer_id       0x0002098c    0x4  Data  Lc  bsp.o [1]
m_button_timer_id_data  0x200028a4   0x20  Data  Lc  bsp.o [1]
m_callback              0x2000239c    0x4  Data  Lc  nrf_dfu_settings.o [1]
m_cb                    0x20002a4c   0x48  Data  Lc  nrf_drv_gpiote.o [1]
m_cb                    0x20002cf4   0x1c  Data  Lc  nrf_drv_uart.o [1]
m_cb_table              0x20002c54   0x20  Data  Lc  fds.o [1]
m_change_param          0x20002ab1    0x1  Data  Lc  ble_conn_params.o [1]
m_chunk_queue           0x20002a04   0x48  Data  Lc  fds.o [1]
m_clock_cb              0x20002d2c   0x14  Data  Lc  nrf_drv_clock.o [1]
m_conn_handle           0x20002ab2    0x2  Data  Lc  ble_conn_params.o [1]
m_conn_handle           0x2000203c    0x2  Data  Lc  main.o [1]
m_conn_params_config    0x20002a94   0x1c  Data  Lc  ble_conn_params.o [1]
m_conn_params_timer_id  0x00020c68    0x4  Data  Lc  ble_conn_params.o [1]
m_conn_params_timer_id_data
                        0x20002ab4   0x20  Data  Lc  ble_conn_params.o [1]
m_conn_state_user_flag_id
                        0x20002d64    0x1  Data  Lc  id_manager.o [1]
m_connections           0x200029a4   0x60  Data  Lc  id_manager.o [1]
m_current_conn_params   0x20002d80    0x8  Data  Lc  ble_conn_params.o [1]
m_current_highest_peer_rank
                        0x20002d1c    0x4  Data  Lc  peer_manager.o [1]
m_current_id_addr       0x20002d68    0x8  Data  Lc  id_manager.o [1]
m_current_sc_store_peer_id
                        0x20002da8    0x2  Data  Lc  gatts_cache_manager.o [1]
m_current_slave_link_conn_handle
                        0x20002008    0x2  Data  Lc  ble_advertising.o [1]
m_deleting_all          0x20002d12    0x1  Data  Lc  peer_manager.o [1]
m_detection_delay       0x20002b98    0x4  Data  Lc  app_button.o [1]
m_detection_delay_timer_id
                        0x000213d4    0x4  Data  Lc  app_button.o [1]
m_detection_delay_timer_id_data
                        0x20002ba4   0x20  Data  Lc  app_button.o [1]
m_dfu_settings_buffer   0x0003fc00  0x400  Data  Gb  nrf_dfu_settings.o [1]
m_dfus                  0x2000276c   0x18  Data  Lc  main.o [1]
m_error_handler         0x20002010    0x4  Data  Lc  ble_advertising.o [1]
m_error_handler         0x20002d88    0x4  Data  Lc  bsp_btn_ble.o [1]
m_events_list           0x20002844    0xc  Data  Lc  bsp.o [1]
m_evt_handler           0x2000200c    0x4  Data  Lc  ble_advertising.o [1]
m_evt_handlers          0x0001d800   0x14  Data  Lc  peer_database.o [1]
m_evt_handlers          0x20002d20    0xc  Data  Lc  peer_manager.o [1]
m_evt_schedule_func     0x20002c90    0x4  Data  Lc  app_timer.o [1]
m_evt_schedule_func     0x20002d44    0x4  Data  Lc  softdevice_handler.o [1]
m_fds_ftok              0x20002d90    0x8  Data  Lc  peer_data_storage.o [1]
m_fds_tl_dirty          0x0001b504    0x4  Data  Lc  fds.o [1]
m_flag_link_secure_force_repairing
                        0x2000202f    0x1  Data  Lc  security_manager.o [1]
m_flag_link_secure_null_params
                        0x20002030    0x1  Data  Lc  security_manager.o [1]
m_flag_link_secure_pending_busy
                        0x2000202d    0x1  Data  Lc  security_manager.o [1]
m_flag_link_secure_pending_flash_full
                        0x2000202e    0x1  Data  Lc  security_manager.o [1]
m_flag_local_db_apply_pending
                        0x20002d9d    0x1  Data  Lc  gatt_cache_manager.o [1]
m_flag_local_db_update_pending
                        0x20002d9c    0x1  Data  Lc  gatt_cache_manager.o [1]
m_flag_params_reply_pending_busy
                        0x20002031    0x1  Data  Lc  security_manager.o [1]
m_flag_params_reply_pending_flash_full
                        0x20002032    0x1  Data  Lc  security_manager.o [1]
m_flag_reject_pairing   0x20002033    0x1  Data  Lc  security_manager.o [1]
m_flag_sec_proc         0x2000203e    0x1  Data  Lc  security_dispatcher.o [1]
m_flag_sec_proc_new_peer
                        0x20002040    0x1  Data  Lc  security_dispatcher.o [1]
m_flag_sec_proc_pairing
                        0x2000203f    0x1  Data  Lc  security_dispatcher.o [1]
m_flag_service_changed_pending
                        0x20002d9e    0x1  Data  Lc  gatt_cache_manager.o [1]
m_flag_service_changed_sent
                        0x20002d9f    0x1  Data  Lc  gatt_cache_manager.o [1]
m_flags                 0x20002c38    0x1  Data  Lc  fds.o [1]
m_flags                 0x20002014    0x1  Data  Lc  fstorage.o [1]
m_flags                 0x20002da0    0x4  Data  Lc  nrf_dfu_flash_buttonless.o [1]
m_gc                    0x20002c28   0x10  Data  Lc  fds.o [1]
m_highest_ranked_peer   0x20002d16    0x2  Data  Lc  peer_manager.o [1]
m_indication_type       0x2000285c    0x4  Data  Lc  bsp.o [1]
m_initialized           0x20002000    0x1  Data  Lc  ble_advertising.o [1]
m_latest_rec_id         0x20002c4c    0x4  Data  Lc  fds.o [1]
m_leds_clear            0x20002851    0x1  Data  Lc  bsp.o [1]
m_leds_timer_id         0x00020984    0x4  Data  Lc  bsp.o [1]
m_leds_timer_id_data    0x20002864   0x20  Data  Lc  bsp.o [1]
m_manuf_data_array      0x20002658   0x20  Data  Lc  ble_advertising.o [1]
m_manuf_specific_data   0x20002698    0xc  Data  Lc  ble_advertising.o [1]
m_module_initialized    0x20002d10    0x1  Data  Lc  peer_manager.o [1]
m_n_registrants         0x20002d13    0x1  Data  Lc  peer_manager.o [1]
m_n_writes              0x20002da4    0x4  Data  Lc  peer_database.o [1]
m_num_connections       0x20002d8c    0x4  Data  Lc  bsp_btn_ble.o [1]
m_op_queue              0x20002c74    0x8  Data  Lc  app_timer.o [1]
m_op_queue              0x200028c4   0x78  Data  Lc  fds.o [1]
m_p_public_key          0x20002034    0x4  Data  Lc  security_manager.o [1]
m_p_whitelist_addrs     0x20002cb4   0x20  Data  Lc  ble_advertising.o [1]
m_p_whitelist_irks      0x20002cd4   0x20  Data  Lc  ble_advertising.o [1]
m_pages                 0x20002bf8   0x20  Data  Lc  fds.o [1]
m_pairing_flag_id       0x20002d14    0x1  Data  Lc  peer_manager.o [1]
m_peer_addr_reply_expected
                        0x20002004    0x1  Data  Lc  ble_advertising.o [1]
m_peer_address          0x20001ff8    0x8  Data  Lc  ble_advertising.o [1]
m_peer_delete_ongoing   0x20002396    0x1  Data  Lc  peer_data_storage.o [1]
m_peer_delete_queued    0x20002395    0x1  Data  Lc  peer_data_storage.o [1]
m_peer_pk               0x20002b14   0x40  Data  Lc  security_dispatcher.o [1]
m_peer_rank_initialized
                        0x20002d11    0x1  Data  Lc  peer_manager.o [1]
m_peer_rank_token       0x20002d18    0x4  Data  Lc  peer_manager.o [1]
m_pi                    0x20002ad4   0x40  Data  Lc  peer_id.o [1]
m_pin_state             0x20002b9c    0x4  Data  Lc  app_button.o [1]
m_pin_transition        0x20002ba0    0x4  Data  Lc  app_button.o [1]
m_preferred_conn_params
                        0x20002d78    0x8  Data  Lc  ble_conn_params.o [1]
m_queue                 0x2000293c   0x68  Data  Lc  fstorage.o [1]
m_queue_end_index       0x20002d55    0x1  Data  Lc  app_scheduler.o [1]
m_queue_event_data      0x20002d60    0x4  Data  Lc  app_scheduler.o [1]
m_queue_event_headers   0x20002d5c    0x4  Data  Lc  app_scheduler.o [1]
m_queue_event_size      0x20002d56    0x2  Data  Lc  app_scheduler.o [1]
m_queue_size            0x20002d58    0x2  Data  Lc  app_scheduler.o [1]
m_queue_start_index     0x20002d54    0x1  Data  Lc  app_scheduler.o [1]
m_registered_callback   0x20002860    0x4  Data  Lc  bsp.o [1]
m_retry_count           0x20002015    0x1  Data  Lc  fstorage.o [1]
m_rtc1_reset            0x20002c7f    0x1  Data  Lc  app_timer.o [1]
m_rtc1_running          0x20002c7e    0x1  Data  Lc  app_timer.o [1]
m_sec_params            0x20002024    0x8  Data  Lc  security_manager.o [1]
m_sec_params_valid      0x2000202c    0x1  Data  Lc  security_manager.o [1]
m_service_data          0x200026a4    0xc  Data  Lc  ble_advertising.o [1]
m_service_data_array    0x20002678   0x20  Data  Lc  ble_advertising.o [1]
m_slave_conn_int        0x200026b0    0x4  Data  Lc  ble_advertising.o [1]
m_softdevice_enabled    0x20002d40    0x1  Data  Lc  softdevice_handler.o [1]
m_stable_state          0x20002850    0x1  Data  Lc  bsp.o [1]
m_suspended             0x20002d41    0x1  Data  Lc  softdevice_handler.o [1]
m_swap_page             0x20002c3c    0x8  Data  Lc  fds.o [1]
m_sys_evt_handler       0x20002d50    0x4  Data  Lc  softdevice_handler.o [1]
m_ticks_elapsed         0x20002c88    0x8  Data  Lc  app_timer.o [1]
m_ticks_elapsed_q_read_ind
                        0x20002c7c    0x1  Data  Lc  app_timer.o [1]
m_ticks_elapsed_q_write_ind
                        0x20002c7d    0x1  Data  Lc  app_timer.o [1]
m_ticks_latest          0x20002c84    0x4  Data  Lc  app_timer.o [1]
m_update_count          0x20002ab0    0x1  Data  Lc  ble_conn_params.o [1]
m_users                 0x20002c50    0x1  Data  Lc  fds.o [1]
m_whitelist             0x20001fe8   0x10  Data  Lc  ble_advertising.o [1]
m_whitelist_addrs       0x200026b4   0x38  Data  Lc  ble_advertising.o [1]
m_whitelist_irks        0x200026ec   0x80  Data  Lc  ble_advertising.o [1]
m_whitelist_reply_expected
                        0x20002006    0x1  Data  Lc  ble_advertising.o [1]
m_whitelist_temporarily_disabled
                        0x20002005    0x1  Data  Lc  ble_advertising.o [1]
m_write_buffer          0x20002104   0x10  Data  Lc  peer_database.o [1]
m_write_buffer_records  0x20002064   0xa0  Data  Lc  peer_database.o [1]
main                    0x00020059  0x1ae  Code  Gb  main.o [1]
manuf_specific_data_encode
                        0x0001f679   0x68  Code  Lc  ble_advdata.o [1]
memcmp                  0x0001e4d9   0x28  Code  Gb  memcmp.o [4]
mp_ble_evt_buffer       0x20002d48    0x4  Data  Lc  softdevice_handler.o [1]
mp_buttons              0x20002b94    0x4  Data  Lc  app_button.o [1]
mp_timer_id_head        0x20002c80    0x4  Data  Lc  app_timer.o [1]
name_encode             0x0001f457   0xa4  Code  Lc  ble_advdata.o [1]
new_connection          0x0001d1d5   0x4e  Code  Gb  id_manager.o [1]
next_id_get             0x0001ec5b   0x2e  Code  Gb  peer_id.o [1]
next_index              0x000216c9   0x12  Code  Lc  app_scheduler.o [1]
nrf_bitmask_bit_is_set  0x0001f9dd   0x10  Code  Lc  nrf_drv_gpiote.o [1]
nrf_delay_us            0x0001ee71   0x26  Code  Lc  app_timer.o [1]
nrf_dfu_flash_erase     0x0002145f   0x3e  Code  Gb  nrf_dfu_flash_buttonless.o [1]
nrf_dfu_flash_init      0x0002141b    0xa  Code  Gb  nrf_dfu_flash_buttonless.o [1]
nrf_dfu_flash_store     0x00021425   0x3a  Code  Gb  nrf_dfu_flash_buttonless.o [1]
nrf_dfu_settings_calculate_crc
                        0x000214f9    0xe  Code  Gb  nrf_dfu_settings.o [1]
nrf_dfu_settings_init   0x00021507   0x4a  Code  Gb  nrf_dfu_settings.o [1]
nrf_dfu_settings_write  0x00021551   0x6c  Code  Gb  nrf_dfu_settings.o [1]
nrf_dfu_settings_write::temp_dfu_settings
                        0x200023a0  0x15c  Data  Lc  nrf_dfu_settings.o [1]
nrf_drv_clock_init      0x000215d9   0x3e  Code  Gb  nrf_drv_clock.o [1]
nrf_drv_clock_on_sd_enable
                        0x00021683   0x30  Code  Gb  nrf_drv_clock.o [1]
nrf_drv_clock_on_soc_event
                        0x00021675    0xe  Code  Gb  nrf_drv_clock.o [1]
nrf_drv_common_irq_enable
                        0x0001fdb9   0x4a  Code  Gb  nrf_drv_common.o [1]
nrf_drv_gpiote_in_event_enable
                        0x0001fb95   0x82  Code  Gb  nrf_drv_gpiote.o [1]
nrf_drv_gpiote_in_init  0x0001fae5   0xa4  Code  Gb  nrf_drv_gpiote.o [1]
nrf_drv_gpiote_in_is_set
                        0x0001fc1d    0xc  Code  Gb  nrf_drv_gpiote.o [1]
nrf_drv_gpiote_init     0x0001fa7d   0x4a  Code  Gb  nrf_drv_gpiote.o [1]
nrf_drv_gpiote_is_init  0x0001fac7    0xc  Code  Gb  nrf_drv_gpiote.o [1]
nrf_gpio_cfg            0x0002117d   0x1e  Code  Lc  boards.o [1]
nrf_gpio_cfg            0x0001f973   0x1e  Code  Lc  nrf_drv_gpiote.o [1]
nrf_gpio_cfg_sense_set  0x00020645   0x20  Code  Lc  bsp.o [1]
nrf_gpio_cfg_sense_set  0x0001f991   0x20  Code  Lc  nrf_drv_gpiote.o [1]
nrf_gpio_pin_write      0x0002119b   0x16  Code  Lc  boards.o [1]
nrf_gpio_ports_read     0x0001f9b1   0x28  Code  Lc  nrf_drv_gpiote.o [1]
nrf_gpiote_event_is_set
                        0x0001f965    0xe  Code  Lc  nrf_drv_gpiote.o [1]
nrf_nvic_state          0x20002d70    0x8  Data  Gb  app_util_platform.o [1]
nrf_uart_event_check    0x00021755    0x6  Code  Lc  nrf_drv_uart.o [1]
nrf_uart_int_enable_check
                        0x0002175b    0xa  Code  Lc  nrf_drv_uart.o [1]
on_adv_evt              0x0001fed3   0x20  Code  Lc  main.o [1]
on_ble_evt              0x0001fef3   0x98  Code  Lc  main.o [1]
on_conn_params_evt      0x0001fe8f   0x14  Code  Lc  main.o [1]
on_ctrlpt_write         0x00020dc5   0x84  Code  Lc  ble_dfu.o [1]
op_enqueue              0x0001b36d   0x78  Code  Lc  fds.o [1]
p_m_dfu                 0x20002d98    0x4  Data  Gb  ble_dfu.o [1]
page_offsets_update     0x0001b159   0x14  Code  Lc  fds.o [1]
page_scan               0x0001b0f7   0x62  Code  Lc  fds.o [1]
page_tag_write_data     0x0001b185    0xe  Code  Lc  fds.o [1]
page_tag_write_data::page_tag_data
                        0x0001b19c    0x8  Data  Lc  fds.o [1]
page_tag_write_swap     0x0001b16d   0x10  Code  Lc  fds.o [1]
page_tag_write_swap::page_tag_swap
                        0x0001b17c    0x8  Data  Lc  fds.o [1]
pages_init              0x0001b3f1   0xe2  Code  Lc  fds.o [1]
params_reply_pending_process
                        0x0001cc21   0x3e  Code  Lc  security_manager.o [1]
pdb_evt_send            0x0001d7e5   0x1a  Code  Lc  peer_database.o [1]
pdb_init                0x0001d925   0x40  Code  Gb  peer_database.o [1]
pdb_init{1}{2}::buffer_memory
                        0x20002114  0x280  Data  Lc  peer_database.o [1]
pdb_init{1}{2}::mutex_memory
                        0x20002394    0x1  Data  Lc  peer_database.o [1]
pdb_next_deleted_peer_id_get
                        0x0001dc91    0x8  Code  Gb  peer_database.o [1]
pdb_next_peer_id_get    0x0001dc89    0x8  Code  Gb  peer_database.o [1]
pdb_pds_evt_handler     0x0001d815  0x110  Code  Gb  peer_database.o [1]
pdb_peer_allocate       0x0001d971    0x8  Code  Gb  peer_database.o [1]
pdb_peer_data_load      0x0001dc99   0x10  Code  Gb  peer_database.o [1]
pdb_peer_data_ptr_get   0x0001d9c5    0xa  Code  Gb  peer_database.o [1]
pdb_peer_free           0x0001d979   0x4c  Code  Gb  peer_database.o [1]
pdb_raw_store           0x0001dca9    0xc  Code  Gb  peer_database.o [1]
pdb_write_buf_get       0x0001da13  0x11c  Code  Gb  peer_database.o [1]
pdb_write_buf_release   0x0001db35   0x2a  Code  Gb  peer_database.o [1]
pdb_write_buf_store     0x0001dbc5   0xb6  Code  Gb  peer_database.o [1]
pdb_write_buf_store_prepare
                        0x0001db61   0x62  Code  Gb  peer_database.o [1]
pds_evt_send            0x0001e501    0x8  Code  Lc  peer_data_storage.o [1]
pds_init                0x0001e703   0x5e  Code  Gb  peer_data_storage.o [1]
pds_next_deleted_peer_id_get
                        0x0001e95f    0x8  Code  Gb  peer_data_storage.o [1]
pds_next_peer_id_get    0x0001e957    0x8  Code  Gb  peer_data_storage.o [1]
pds_peer_data_iterate   0x0001e7dd   0x52  Code  Gb  peer_data_storage.o [1]
pds_peer_data_iterate_prepare
                        0x0001e7cf    0xa  Code  Gb  peer_data_storage.o [1]
pds_peer_data_read      0x0001e761   0x6e  Code  Gb  peer_data_storage.o [1]
pds_peer_data_store     0x0001e877   0xa8  Code  Gb  peer_data_storage.o [1]
pds_peer_id_allocate    0x0001e91f    0xa  Code  Gb  peer_data_storage.o [1]
pds_peer_id_free        0x0001e939   0x16  Code  Gb  peer_data_storage.o [1]
pds_peer_id_is_allocated
                        0x0001e94f    0x8  Code  Gb  peer_data_storage.o [1]
pds_space_reserve       0x0001e835   0x32  Code  Gb  peer_data_storage.o [1]
pds_space_reserve_cancel
                        0x0001e867   0x10  Code  Gb  peer_data_storage.o [1]
peer_data_const_point_to_buffer
                        0x0001d9e1    0xa  Code  Lc  peer_database.o [1]
peer_data_delete        0x0001e559   0x78  Code  Lc  peer_data_storage.o [1]
peer_data_find          0x0001e5d1   0x32  Code  Lc  peer_data_storage.o [1]
peer_data_id_is_valid   0x0001e535   0x24  Code  Lc  peer_data_storage.o [1]
peer_data_point_to_buffer
                        0x0001d9cf   0x12  Code  Lc  peer_database.o [1]
peer_id_allocate        0x0001ebf3    0xa  Code  Gb  peer_id.o [1]
peer_id_delete          0x0001ebfd   0x1e  Code  Gb  peer_id.o [1]
peer_id_free            0x0001ec1b   0x18  Code  Gb  peer_id.o [1]
peer_id_get_next_deleted
                        0x0001ecaf    0xa  Code  Gb  peer_id.o [1]
peer_id_get_next_used   0x0001ec89   0x26  Code  Gb  peer_id.o [1]
peer_id_init            0x0001eb85   0x24  Code  Gb  peer_id.o [1]
peer_id_is_allocated    0x0001ec33   0x14  Code  Gb  peer_id.o [1]
peer_id_is_deleted      0x0001ec47   0x14  Code  Gb  peer_id.o [1]
peer_id_set             0x0001d4c1   0x16  Code  Lc  id_manager.o [1]
pin_in_use_by_gpiote    0x0001fa11    0xe  Code  Lc  nrf_drv_gpiote.o [1]
pin_in_use_by_port      0x0001f9fd   0x14  Code  Lc  nrf_drv_gpiote.o [1]
pin_in_use_by_te        0x0001f9ed   0x10  Code  Lc  nrf_drv_gpiote.o [1]
pm_buffer_block_acquire
                        0x0001eac5   0x62  Code  Gb  pm_buffer.o [1]
pm_buffer_init          0x0001ea81   0x44  Code  Gb  pm_buffer.o [1]
pm_buffer_ptr_get       0x0001eb27   0x30  Code  Gb  pm_buffer.o [1]
pm_buffer_release       0x0001eb57   0x2c  Code  Gb  pm_buffer.o [1]
pm_conn_sec_config_reply
                        0x0001e0d9    0x8  Code  Gb  peer_manager.o [1]
pm_evt_handler          0x0001fe19   0x72  Code  Lc  main.o [1]
pm_gcm_evt_handler      0x0001df4d   0x74  Code  Gb  peer_manager.o [1]
pm_im_evt_handler       0x0001dfc1   0x4a  Code  Gb  peer_manager.o [1]
pm_init                 0x0001e031   0x6c  Code  Gb  peer_manager.o [1]
pm_local_database_has_changed
                        0x0001e0e1   0x12  Code  Gb  peer_manager.o [1]
pm_mutex_init           0x0001ed15   0x12  Code  Gb  pm_mutex.o [1]
pm_mutex_lock           0x0001ed27   0x1e  Code  Gb  pm_mutex.o [1]
pm_mutex_lock_first_available
                        0x0001ed7d   0x34  Code  Gb  pm_mutex.o [1]
pm_mutex_lock_status_get
                        0x0001edb1   0x18  Code  Gb  pm_mutex.o [1]
pm_mutex_unlock         0x0001ed45   0x38  Code  Gb  pm_mutex.o [1]
pm_on_ble_evt           0x0001e011   0x20  Code  Gb  peer_manager.o [1]
pm_pdb_evt_handler      0x0001dce5  0x136  Code  Gb  peer_manager.o [1]
pm_peer_delete          0x0001e101   0x14  Code  Gb  peer_manager.o [1]
pm_peer_rank_highest    0x0001e209   0xba  Code  Gb  peer_manager.o [1]
pm_peer_ranks_get       0x0001e149   0xb6  Code  Gb  peer_manager.o [1]
pm_peers_delete         0x0001e115   0x34  Code  Gb  peer_manager.o [1]
pm_register             0x0001e0a1   0x24  Code  Gb  peer_manager.o [1]
pm_sec_params_set       0x0001e0c5   0x14  Code  Gb  peer_manager.o [1]
pm_sm_evt_handler       0x0001de1d  0x12c  Code  Gb  peer_manager.o [1]
queue_advance           0x0001be47   0x22  Code  Lc  fstorage.o [1]
queue_get_next_free     0x0001bee5   0x30  Code  Lc  fstorage.o [1]
queue_process           0x0001b895  0x18e  Code  Lc  fds.o [1]
queue_process           0x0001be69   0x62  Code  Lc  fstorage.o [1]
queue_start             0x0001ba23   0x1a  Code  Lc  fds.o [1]
queue_start             0x0001becb   0x1a  Code  Lc  fstorage.o [1]
record_find             0x0001b2d7   0x78  Code  Lc  fds.o [1]
record_find_by_desc     0x0001b247   0x90  Code  Lc  fds.o [1]
record_find_next        0x0001b1f5   0x52  Code  Lc  fds.o [1]
record_header_flag_dirty
                        0x0001b4d5   0x2c  Code  Lc  fds.o [1]
record_key_within_pm_range
                        0x0001e51f   0x16  Code  Lc  peer_data_storage.o [1]
release                 0x0001ebdf   0x14  Code  Lc  peer_id.o [1]
resp_send               0x00020d87   0x3e  Code  Lc  ble_dfu.o [1]
rtc1_stop               0x0001ee97   0x32  Code  Lc  app_timer.o [1]
rx_byte                 0x00021787   0x2c  Code  Lc  nrf_drv_uart.o [1]
rx_char_add             0x00020c87   0x8e  Code  Lc  ble_dfu.o [1]
rx_done_event           0x000217b3   0x16  Code  Lc  nrf_drv_uart.o [1]
s_dfu_settings          0x200024fc  0x15c  Data  Gb  nrf_dfu_settings.o [1]
sd_nvic_EnableIRQ       0x00020f2f   0x6e  Code  Lc  softdevice_handler.o [1]
sdk_mapped_flags_bulk_update_by_key
                        0x0001e9ab   0x48  Code  Gb  sdk_mapped_flags.o [1]
sdk_mapped_flags_first_key_index_get
                        0x0001e977   0x22  Code  Gb  sdk_mapped_flags.o [1]
sdk_mapped_flags_get_by_index
                        0x0001e969    0xe  Code  Lc  sdk_mapped_flags.o [1]
sdk_mapped_flags_get_by_key
                        0x0001e9f3   0x26  Code  Gb  sdk_mapped_flags.o [1]
sdk_mapped_flags_key_list_get
                        0x0001ea19   0x46  Code  Gb  sdk_mapped_flags.o [1]
sdk_mapped_flags_update_by_key
                        0x0001e99d    0xe  Code  Gb  sdk_mapped_flags.o [1]
sec_info_request_process
                        0x0001c315   0xac  Code  Lc  security_dispatcher.o [1]
sec_params_verify       0x0001cd01   0x70  Code  Lc  security_manager.o [1]
sec_proc_start          0x0001c2cd   0x48  Code  Lc  security_dispatcher.o [1]
sec_start_send          0x0001c269   0x1c  Code  Lc  security_dispatcher.o [1]
send_event              0x0001bde5   0x48  Code  Lc  fstorage.o [1]
service_changed_pending_flags_check
                        0x0001cf59   0xd8  Code  Lc  gatt_cache_manager.o [1]
service_changed_pending_set
                        0x0001e2d9   0x34  Code  Lc  gatts_cache_manager.o [1]
service_changed_pending_set::service_changed_pending
                        0x00021b38    0x4  Data  Lc  gatts_cache_manager.o [1]
service_data_encode     0x0001f6e1   0x84  Code  Lc  ble_advdata.o [1]
sleep_mode_enter        0x0001feab   0x1e  Code  Lc  main.o [1]
sm_ble_evt_handler      0x0001cce9   0x10  Code  Gb  security_manager.o [1]
sm_conn_sec_config_reply
                        0x0001cd9d   0x14  Code  Gb  security_manager.o [1]
sm_init                 0x0001cc9f   0x4a  Code  Gb  security_manager.o [1]
sm_pdb_evt_handler      0x0001cc5f   0x28  Code  Gb  security_manager.o [1]
sm_sec_params_set       0x0001cd71   0x2c  Code  Gb  security_manager.o [1]
sm_smd_evt_handler      0x0001cb4f   0x74  Code  Gb  security_manager.o [1]
smd_ble_evt_handler     0x0001c8c1   0xce  Code  Gb  security_dispatcher.o [1]
smd_init                0x0001c553   0x30  Code  Gb  security_dispatcher.o [1]
smd_link_secure         0x0001c88d   0x2c  Code  Gb  security_dispatcher.o [1]
smd_params_reply        0x0001c58d  0x11a  Code  Gb  security_dispatcher.o [1]
smd_params_reply_perform
                        0x0001cad1   0x7e  Code  Lc  security_manager.o [1]
smd_pdb_evt_handler     0x0001c291   0x30  Code  Gb  security_dispatcher.o [1]
softdevice_ble_evt_handler_set
                        0x0002106f   0x10  Code  Gb  softdevice_handler.o [1]
softdevice_enable       0x000210d9   0x14  Code  Gb  softdevice_handler.o [1]
softdevice_enable_get_default_config
                        0x000210ab   0x2e  Code  Gb  softdevice_handler.o [1]
softdevice_fault_handler
                        0x00020f9d    0x8  Code  Gb  softdevice_handler.o [1]
softdevice_handler_init
                        0x00021027   0x48  Code  Gb  softdevice_handler.o [1]
softdevice_handler_is_enabled
                        0x00021021    0x6  Code  Gb  softdevice_handler.o [1]
softdevice_sys_evt_handler_set
                        0x0002107f   0x10  Code  Gb  softdevice_handler.o [1]
sys_evt_dispatch        0x0001ffbb   0x10  Code  Lc  main.o [1]
timer_list_handler      0x0001f0d5   0xa0  Code  Lc  app_timer.o [1]
timer_start_op_schedule
                        0x0001f1b1   0x5c  Code  Lc  app_timer.o [1]
timer_stop_op_schedule  0x0001f20d   0x4a  Code  Lc  app_timer.o [1]
timers_init{1}{2}::APP_TIMER_BUF
                        0x20002784   0x78  Data  Lc  main.o [1]
tx_byte                 0x0002176d   0x1a  Code  Lc  nrf_drv_uart.o [1]
tx_done_event           0x000217c9   0x20  Code  Lc  nrf_drv_uart.o [1]
uart_irq_handler        0x000217ed  0x12c  Code  Lc  nrf_drv_uart.o [1]
uint16_decode           0x000213dd    0xa  Code  Lc  ble_srv_common.o [1]
uint16_encode           0x0001f3f1    0xa  Code  Lc  ble_advdata.o [1]
update_timeout_handler  0x00020ae1   0x54  Code  Lc  ble_conn_params.o [1]
user_op_alloc           0x0001f17d   0x2a  Code  Lc  app_timer.o [1]
uuid_list_encode        0x0001f5af   0x2c  Code  Lc  ble_advdata.o [1]
uuid_list_sized_encode  0x0001f4fb   0xb4  Code  Lc  ble_advdata.o [1]
wait_for_queue          0x000214e7   0x12  Code  Lc  nrf_dfu_settings.o [1]
whitelist_has_entries   0x00020255   0x12  Code  Lc  ble_advertising.o [1]
write_buf_length_words_set
                        0x0001d9eb   0x28  Code  Lc  peer_database.o [1]
write_buffer_record_find
                        0x0001d79d   0x24  Code  Lc  peer_database.o [1]
write_buffer_record_find_next
                        0x0001d77d   0x20  Code  Lc  peer_database.o [1]
write_buffer_record_invalidate
                        0x0001d761   0x1c  Code  Lc  peer_database.o [1]
write_buffer_record_release
                        0x0001d7c1   0x24  Code  Lc  peer_database.o [1]
write_enqueue           0x0001ba4b  0x108  Code  Lc  fds.o [1]
write_execute           0x0001b6bd  0x128  Code  Lc  fds.o [1]
write_execute::desc     0x20002c1c    0xc  Data  Lc  fds.o [1]
write_execute::page     0x20002c18    0x2  Data  Lc  fds.o [1]
write_space_free        0x0001b1e5   0x10  Code  Lc  fds.o [1]
write_space_reserve     0x0001b1a5   0x40  Code  Lc  fds.o [1]


[1] = E:\personnelpositioning\core\nRF5_SDK_12.3.0_d7731ad\examples\ble_peripheral\experimental_ble_app_buttonless_dfu\pca10028\s130\iar\_build
[2] = command line
[3] = dl6M_tlf.a
[4] = rt6M_tl.a

  27 430 bytes of readonly  code memory
     120 bytes of readonly  data memory
   5 569 bytes of readwrite data memory (+ 1 024 absolute)

Errors: none
Warnings: none
